[0.130s] DEBUG:colcon:Command line arguments: ['/usr/bin/colcon', 'build']
[0.131s] DEBUG:colcon:Parsed command line arguments: Namespace(log_base=None, log_level=None, verb_name='build', build_base='build', install_base='install', merge_install=False, symlink_install=False, test_result_base=None, continue_on_error=False, executor='parallel', parallel_workers=6, event_handlers=None, ignore_user_meta=False, metas=['./colcon.meta'], base_paths=['.'], packages_ignore=None, packages_ignore_regex=None, paths=None, packages_up_to=None, packages_up_to_regex=None, packages_above=None, packages_above_and_dependencies=None, packages_above_depth=None, packages_select_by_dep=None, packages_skip_by_dep=None, packages_skip_up_to=None, packages_select_build_failed=False, packages_skip_build_finished=False, packages_select_test_failures=False, packages_skip_test_passed=False, packages_select=None, packages_skip=None, packages_select_regex=None, packages_skip_regex=None, packages_start=None, packages_end=None, allow_overriding=[], cmake_args=None, cmake_target=None, cmake_target_skip_unavailable=False, cmake_clean_cache=False, cmake_clean_first=False, cmake_force_configure=False, ament_cmake_args=None, catkin_cmake_args=None, catkin_skip_building_tests=False, mixin_files=None, mixin=None, verb_parser=<colcon_mixin.mixin.mixin_argument.MixinArgumentDecorator object at 0x78951a959e70>, verb_extension=<colcon_core.verb.build.BuildVerb object at 0x78951a9594b0>, main=<bound method BuildVerb.main of <colcon_core.verb.build.BuildVerb object at 0x78951a9594b0>>, mixin_verb=('build',))
[0.286s] Level 1:colcon.colcon_core.package_discovery:discover_packages(colcon_meta) check parameters
[0.286s] Level 1:colcon.colcon_core.package_discovery:discover_packages(recursive) check parameters
[0.286s] Level 1:colcon.colcon_core.package_discovery:discover_packages(ignore) check parameters
[0.286s] Level 1:colcon.colcon_core.package_discovery:discover_packages(path) check parameters
[0.286s] Level 1:colcon.colcon_core.package_discovery:discover_packages(colcon_meta) discover
[0.286s] Level 1:colcon.colcon_core.package_discovery:discover_packages(recursive) discover
[0.286s] INFO:colcon.colcon_core.package_discovery:Crawling recursively for packages in '/home/robotai/AutoRobots/turtlebot_virtual_lab'
[0.286s] Level 1:colcon.colcon_core.package_identification:_identify(.) by extensions ['ignore', 'ignore_ament_install']
[0.286s] Level 1:colcon.colcon_core.package_identification:_identify(.) by extension 'ignore'
[0.286s] Level 1:colcon.colcon_core.package_identification:_identify(.) by extension 'ignore_ament_install'
[0.286s] Level 1:colcon.colcon_core.package_identification:_identify(.) by extensions ['colcon_pkg']
[0.286s] Level 1:colcon.colcon_core.package_identification:_identify(.) by extension 'colcon_pkg'
[0.286s] Level 1:colcon.colcon_core.package_identification:_identify(.) by extensions ['colcon_meta']
[0.286s] Level 1:colcon.colcon_core.package_identification:_identify(.) by extension 'colcon_meta'
[0.287s] Level 1:colcon.colcon_core.package_identification:_identify(.) by extensions ['ros']
[0.287s] Level 1:colcon.colcon_core.package_identification:_identify(.) by extension 'ros'
[0.297s] Level 1:colcon.colcon_core.package_identification:_identify(.) by extensions ['cmake', 'python']
[0.297s] Level 1:colcon.colcon_core.package_identification:_identify(.) by extension 'cmake'
[0.297s] Level 1:colcon.colcon_core.package_identification:_identify(.) by extension 'python'
[0.297s] Level 1:colcon.colcon_core.package_identification:_identify(.) by extensions ['python_setup_py']
[0.297s] Level 1:colcon.colcon_core.package_identification:_identify(.) by extension 'python_setup_py'
[0.297s] Level 1:colcon.colcon_core.package_identification:_identify(build) by extensions ['ignore', 'ignore_ament_install']
[0.297s] Level 1:colcon.colcon_core.package_identification:_identify(build) by extension 'ignore'
[0.298s] Level 1:colcon.colcon_core.package_identification:_identify(build) ignored
[0.298s] Level 1:colcon.colcon_core.package_identification:_identify(install) by extensions ['ignore', 'ignore_ament_install']
[0.298s] Level 1:colcon.colcon_core.package_identification:_identify(install) by extension 'ignore'
[0.298s] Level 1:colcon.colcon_core.package_identification:_identify(install) ignored
[0.298s] Level 1:colcon.colcon_core.package_identification:_identify(log) by extensions ['ignore', 'ignore_ament_install']
[0.298s] Level 1:colcon.colcon_core.package_identification:_identify(log) by extension 'ignore'
[0.298s] Level 1:colcon.colcon_core.package_identification:_identify(log) ignored
[0.298s] Level 1:colcon.colcon_core.package_identification:_identify(src) by extensions ['ignore', 'ignore_ament_install']
[0.298s] Level 1:colcon.colcon_core.package_identification:_identify(src) by extension 'ignore'
[0.298s] Level 1:colcon.colcon_core.package_identification:_identify(src) by extension 'ignore_ament_install'
[0.298s] Level 1:colcon.colcon_core.package_identification:_identify(src) by extensions ['colcon_pkg']
[0.298s] Level 1:colcon.colcon_core.package_identification:_identify(src) by extension 'colcon_pkg'
[0.298s] Level 1:colcon.colcon_core.package_identification:_identify(src) by extensions ['colcon_meta']
[0.298s] Level 1:colcon.colcon_core.package_identification:_identify(src) by extension 'colcon_meta'
[0.298s] Level 1:colcon.colcon_core.package_identification:_identify(src) by extensions ['ros']
[0.298s] Level 1:colcon.colcon_core.package_identification:_identify(src) by extension 'ros'
[0.298s] Level 1:colcon.colcon_core.package_identification:_identify(src) by extensions ['cmake', 'python']
[0.298s] Level 1:colcon.colcon_core.package_identification:_identify(src) by extension 'cmake'
[0.298s] Level 1:colcon.colcon_core.package_identification:_identify(src) by extension 'python'
[0.298s] Level 1:colcon.colcon_core.package_identification:_identify(src) by extensions ['python_setup_py']
[0.298s] Level 1:colcon.colcon_core.package_identification:_identify(src) by extension 'python_setup_py'
[0.299s] Level 1:colcon.colcon_core.package_identification:_identify(src/turtlebot4_simulator) by extensions ['ignore', 'ignore_ament_install']
[0.299s] Level 1:colcon.colcon_core.package_identification:_identify(src/turtlebot4_simulator) by extension 'ignore'
[0.299s] Level 1:colcon.colcon_core.package_identification:_identify(src/turtlebot4_simulator) by extension 'ignore_ament_install'
[0.299s] Level 1:colcon.colcon_core.package_identification:_identify(src/turtlebot4_simulator) by extensions ['colcon_pkg']
[0.299s] Level 1:colcon.colcon_core.package_identification:_identify(src/turtlebot4_simulator) by extension 'colcon_pkg'
[0.299s] Level 1:colcon.colcon_core.package_identification:_identify(src/turtlebot4_simulator) by extensions ['colcon_meta']
[0.299s] Level 1:colcon.colcon_core.package_identification:_identify(src/turtlebot4_simulator) by extension 'colcon_meta'
[0.299s] Level 1:colcon.colcon_core.package_identification:_identify(src/turtlebot4_simulator) by extensions ['ros']
[0.299s] Level 1:colcon.colcon_core.package_identification:_identify(src/turtlebot4_simulator) by extension 'ros'
[0.299s] Level 1:colcon.colcon_core.package_identification:_identify(src/turtlebot4_simulator) by extensions ['cmake', 'python']
[0.299s] Level 1:colcon.colcon_core.package_identification:_identify(src/turtlebot4_simulator) by extension 'cmake'
[0.299s] Level 1:colcon.colcon_core.package_identification:_identify(src/turtlebot4_simulator) by extension 'python'
[0.299s] Level 1:colcon.colcon_core.package_identification:_identify(src/turtlebot4_simulator) by extensions ['python_setup_py']
[0.299s] Level 1:colcon.colcon_core.package_identification:_identify(src/turtlebot4_simulator) by extension 'python_setup_py'
[0.299s] Level 1:colcon.colcon_core.package_identification:_identify(src/turtlebot4_simulator/turtlebot4_ignition_bringup) by extensions ['ignore', 'ignore_ament_install']
[0.299s] Level 1:colcon.colcon_core.package_identification:_identify(src/turtlebot4_simulator/turtlebot4_ignition_bringup) by extension 'ignore'
[0.299s] Level 1:colcon.colcon_core.package_identification:_identify(src/turtlebot4_simulator/turtlebot4_ignition_bringup) by extension 'ignore_ament_install'
[0.299s] Level 1:colcon.colcon_core.package_identification:_identify(src/turtlebot4_simulator/turtlebot4_ignition_bringup) by extensions ['colcon_pkg']
[0.299s] Level 1:colcon.colcon_core.package_identification:_identify(src/turtlebot4_simulator/turtlebot4_ignition_bringup) by extension 'colcon_pkg'
[0.299s] Level 1:colcon.colcon_core.package_identification:_identify(src/turtlebot4_simulator/turtlebot4_ignition_bringup) by extensions ['colcon_meta']
[0.299s] Level 1:colcon.colcon_core.package_identification:_identify(src/turtlebot4_simulator/turtlebot4_ignition_bringup) by extension 'colcon_meta'
[0.299s] Level 1:colcon.colcon_core.package_identification:_identify(src/turtlebot4_simulator/turtlebot4_ignition_bringup) by extensions ['ros']
[0.299s] Level 1:colcon.colcon_core.package_identification:_identify(src/turtlebot4_simulator/turtlebot4_ignition_bringup) by extension 'ros'
[0.303s] DEBUG:colcon.colcon_core.package_identification:Package 'src/turtlebot4_simulator/turtlebot4_ignition_bringup' with type 'ros.ament_cmake' and name 'turtlebot4_ignition_bringup'
[0.303s] Level 1:colcon.colcon_core.package_identification:_identify(src/turtlebot4_simulator/turtlebot4_ignition_gui_plugins) by extensions ['ignore', 'ignore_ament_install']
[0.303s] Level 1:colcon.colcon_core.package_identification:_identify(src/turtlebot4_simulator/turtlebot4_ignition_gui_plugins) by extension 'ignore'
[0.303s] Level 1:colcon.colcon_core.package_identification:_identify(src/turtlebot4_simulator/turtlebot4_ignition_gui_plugins) by extension 'ignore_ament_install'
[0.303s] Level 1:colcon.colcon_core.package_identification:_identify(src/turtlebot4_simulator/turtlebot4_ignition_gui_plugins) by extensions ['colcon_pkg']
[0.303s] Level 1:colcon.colcon_core.package_identification:_identify(src/turtlebot4_simulator/turtlebot4_ignition_gui_plugins) by extension 'colcon_pkg'
[0.303s] Level 1:colcon.colcon_core.package_identification:_identify(src/turtlebot4_simulator/turtlebot4_ignition_gui_plugins) by extensions ['colcon_meta']
[0.303s] Level 1:colcon.colcon_core.package_identification:_identify(src/turtlebot4_simulator/turtlebot4_ignition_gui_plugins) by extension 'colcon_meta'
[0.304s] Level 1:colcon.colcon_core.package_identification:_identify(src/turtlebot4_simulator/turtlebot4_ignition_gui_plugins) by extensions ['ros']
[0.304s] Level 1:colcon.colcon_core.package_identification:_identify(src/turtlebot4_simulator/turtlebot4_ignition_gui_plugins) by extension 'ros'
[0.304s] DEBUG:colcon.colcon_core.package_identification:Package 'src/turtlebot4_simulator/turtlebot4_ignition_gui_plugins' with type 'ros.ament_cmake' and name 'turtlebot4_ignition_gui_plugins'
[0.304s] Level 1:colcon.colcon_core.package_identification:_identify(src/turtlebot4_simulator/turtlebot4_ignition_toolbox) by extensions ['ignore', 'ignore_ament_install']
[0.304s] Level 1:colcon.colcon_core.package_identification:_identify(src/turtlebot4_simulator/turtlebot4_ignition_toolbox) by extension 'ignore'
[0.304s] Level 1:colcon.colcon_core.package_identification:_identify(src/turtlebot4_simulator/turtlebot4_ignition_toolbox) by extension 'ignore_ament_install'
[0.304s] Level 1:colcon.colcon_core.package_identification:_identify(src/turtlebot4_simulator/turtlebot4_ignition_toolbox) by extensions ['colcon_pkg']
[0.305s] Level 1:colcon.colcon_core.package_identification:_identify(src/turtlebot4_simulator/turtlebot4_ignition_toolbox) by extension 'colcon_pkg'
[0.305s] Level 1:colcon.colcon_core.package_identification:_identify(src/turtlebot4_simulator/turtlebot4_ignition_toolbox) by extensions ['colcon_meta']
[0.305s] Level 1:colcon.colcon_core.package_identification:_identify(src/turtlebot4_simulator/turtlebot4_ignition_toolbox) by extension 'colcon_meta'
[0.305s] Level 1:colcon.colcon_core.package_identification:_identify(src/turtlebot4_simulator/turtlebot4_ignition_toolbox) by extensions ['ros']
[0.305s] Level 1:colcon.colcon_core.package_identification:_identify(src/turtlebot4_simulator/turtlebot4_ignition_toolbox) by extension 'ros'
[0.305s] DEBUG:colcon.colcon_core.package_identification:Package 'src/turtlebot4_simulator/turtlebot4_ignition_toolbox' with type 'ros.ament_cmake' and name 'turtlebot4_ignition_toolbox'
[0.306s] Level 1:colcon.colcon_core.package_identification:_identify(src/turtlebot4_simulator/turtlebot4_simulator) by extensions ['ignore', 'ignore_ament_install']
[0.306s] Level 1:colcon.colcon_core.package_identification:_identify(src/turtlebot4_simulator/turtlebot4_simulator) by extension 'ignore'
[0.306s] Level 1:colcon.colcon_core.package_identification:_identify(src/turtlebot4_simulator/turtlebot4_simulator) by extension 'ignore_ament_install'
[0.306s] Level 1:colcon.colcon_core.package_identification:_identify(src/turtlebot4_simulator/turtlebot4_simulator) by extensions ['colcon_pkg']
[0.306s] Level 1:colcon.colcon_core.package_identification:_identify(src/turtlebot4_simulator/turtlebot4_simulator) by extension 'colcon_pkg'
[0.306s] Level 1:colcon.colcon_core.package_identification:_identify(src/turtlebot4_simulator/turtlebot4_simulator) by extensions ['colcon_meta']
[0.306s] Level 1:colcon.colcon_core.package_identification:_identify(src/turtlebot4_simulator/turtlebot4_simulator) by extension 'colcon_meta'
[0.306s] Level 1:colcon.colcon_core.package_identification:_identify(src/turtlebot4_simulator/turtlebot4_simulator) by extensions ['ros']
[0.306s] Level 1:colcon.colcon_core.package_identification:_identify(src/turtlebot4_simulator/turtlebot4_simulator) by extension 'ros'
[0.306s] DEBUG:colcon.colcon_core.package_identification:Package 'src/turtlebot4_simulator/turtlebot4_simulator' with type 'ros.ament_cmake' and name 'turtlebot4_simulator'
[0.307s] Level 1:colcon.colcon_core.package_discovery:discover_packages(recursive) using defaults
[0.307s] Level 1:colcon.colcon_core.package_discovery:discover_packages(ignore) discover
[0.307s] Level 1:colcon.colcon_core.package_discovery:discover_packages(ignore) using defaults
[0.307s] Level 1:colcon.colcon_core.package_discovery:discover_packages(path) discover
[0.307s] Level 1:colcon.colcon_core.package_discovery:discover_packages(path) using defaults
[0.341s] Level 1:colcon.colcon_core.package_discovery:discover_packages(prefix_path) check parameters
[0.342s] Level 1:colcon.colcon_core.package_discovery:discover_packages(prefix_path) discover
[0.344s] DEBUG:colcon.colcon_installed_package_information.package_discovery:Found 389 installed packages in /opt/ros/humble
[0.346s] Level 1:colcon.colcon_core.package_discovery:discover_packages(prefix_path) using defaults
[0.390s] Level 5:colcon.colcon_core.verb:set package 'turtlebot4_ignition_gui_plugins' build argument 'cmake_args' from command line to 'None'
[0.390s] Level 5:colcon.colcon_core.verb:set package 'turtlebot4_ignition_gui_plugins' build argument 'cmake_target' from command line to 'None'
[0.390s] Level 5:colcon.colcon_core.verb:set package 'turtlebot4_ignition_gui_plugins' build argument 'cmake_target_skip_unavailable' from command line to 'False'
[0.390s] Level 5:colcon.colcon_core.verb:set package 'turtlebot4_ignition_gui_plugins' build argument 'cmake_clean_cache' from command line to 'False'
[0.390s] Level 5:colcon.colcon_core.verb:set package 'turtlebot4_ignition_gui_plugins' build argument 'cmake_clean_first' from command line to 'False'
[0.390s] Level 5:colcon.colcon_core.verb:set package 'turtlebot4_ignition_gui_plugins' build argument 'cmake_force_configure' from command line to 'False'
[0.390s] Level 5:colcon.colcon_core.verb:set package 'turtlebot4_ignition_gui_plugins' build argument 'ament_cmake_args' from command line to 'None'
[0.390s] Level 5:colcon.colcon_core.verb:set package 'turtlebot4_ignition_gui_plugins' build argument 'catkin_cmake_args' from command line to 'None'
[0.390s] Level 5:colcon.colcon_core.verb:set package 'turtlebot4_ignition_gui_plugins' build argument 'catkin_skip_building_tests' from command line to 'False'
[0.390s] DEBUG:colcon.colcon_core.verb:Building package 'turtlebot4_ignition_gui_plugins' with the following arguments: {'ament_cmake_args': None, 'build_base': '/home/robotai/AutoRobots/turtlebot_virtual_lab/build/turtlebot4_ignition_gui_plugins', 'catkin_cmake_args': None, 'catkin_skip_building_tests': False, 'cmake_args': None, 'cmake_clean_cache': False, 'cmake_clean_first': False, 'cmake_force_configure': False, 'cmake_target': None, 'cmake_target_skip_unavailable': False, 'install_base': '/home/robotai/AutoRobots/turtlebot_virtual_lab/install/turtlebot4_ignition_gui_plugins', 'merge_install': False, 'path': '/home/robotai/AutoRobots/turtlebot_virtual_lab/src/turtlebot4_simulator/turtlebot4_ignition_gui_plugins', 'symlink_install': False, 'test_result_base': None}
[0.390s] Level 5:colcon.colcon_core.verb:set package 'turtlebot4_ignition_toolbox' build argument 'cmake_args' from command line to 'None'
[0.390s] Level 5:colcon.colcon_core.verb:set package 'turtlebot4_ignition_toolbox' build argument 'cmake_target' from command line to 'None'
[0.390s] Level 5:colcon.colcon_core.verb:set package 'turtlebot4_ignition_toolbox' build argument 'cmake_target_skip_unavailable' from command line to 'False'
[0.391s] Level 5:colcon.colcon_core.verb:set package 'turtlebot4_ignition_toolbox' build argument 'cmake_clean_cache' from command line to 'False'
[0.391s] Level 5:colcon.colcon_core.verb:set package 'turtlebot4_ignition_toolbox' build argument 'cmake_clean_first' from command line to 'False'
[0.391s] Level 5:colcon.colcon_core.verb:set package 'turtlebot4_ignition_toolbox' build argument 'cmake_force_configure' from command line to 'False'
[0.391s] Level 5:colcon.colcon_core.verb:set package 'turtlebot4_ignition_toolbox' build argument 'ament_cmake_args' from command line to 'None'
[0.391s] Level 5:colcon.colcon_core.verb:set package 'turtlebot4_ignition_toolbox' build argument 'catkin_cmake_args' from command line to 'None'
[0.391s] Level 5:colcon.colcon_core.verb:set package 'turtlebot4_ignition_toolbox' build argument 'catkin_skip_building_tests' from command line to 'False'
[0.391s] DEBUG:colcon.colcon_core.verb:Building package 'turtlebot4_ignition_toolbox' with the following arguments: {'ament_cmake_args': None, 'build_base': '/home/robotai/AutoRobots/turtlebot_virtual_lab/build/turtlebot4_ignition_toolbox', 'catkin_cmake_args': None, 'catkin_skip_building_tests': False, 'cmake_args': None, 'cmake_clean_cache': False, 'cmake_clean_first': False, 'cmake_force_configure': False, 'cmake_target': None, 'cmake_target_skip_unavailable': False, 'install_base': '/home/robotai/AutoRobots/turtlebot_virtual_lab/install/turtlebot4_ignition_toolbox', 'merge_install': False, 'path': '/home/robotai/AutoRobots/turtlebot_virtual_lab/src/turtlebot4_simulator/turtlebot4_ignition_toolbox', 'symlink_install': False, 'test_result_base': None}
[0.391s] Level 5:colcon.colcon_core.verb:set package 'turtlebot4_ignition_bringup' build argument 'cmake_args' from command line to 'None'
[0.391s] Level 5:colcon.colcon_core.verb:set package 'turtlebot4_ignition_bringup' build argument 'cmake_target' from command line to 'None'
[0.391s] Level 5:colcon.colcon_core.verb:set package 'turtlebot4_ignition_bringup' build argument 'cmake_target_skip_unavailable' from command line to 'False'
[0.391s] Level 5:colcon.colcon_core.verb:set package 'turtlebot4_ignition_bringup' build argument 'cmake_clean_cache' from command line to 'False'
[0.391s] Level 5:colcon.colcon_core.verb:set package 'turtlebot4_ignition_bringup' build argument 'cmake_clean_first' from command line to 'False'
[0.391s] Level 5:colcon.colcon_core.verb:set package 'turtlebot4_ignition_bringup' build argument 'cmake_force_configure' from command line to 'False'
[0.391s] Level 5:colcon.colcon_core.verb:set package 'turtlebot4_ignition_bringup' build argument 'ament_cmake_args' from command line to 'None'
[0.391s] Level 5:colcon.colcon_core.verb:set package 'turtlebot4_ignition_bringup' build argument 'catkin_cmake_args' from command line to 'None'
[0.391s] Level 5:colcon.colcon_core.verb:set package 'turtlebot4_ignition_bringup' build argument 'catkin_skip_building_tests' from command line to 'False'
[0.391s] DEBUG:colcon.colcon_core.verb:Building package 'turtlebot4_ignition_bringup' with the following arguments: {'ament_cmake_args': None, 'build_base': '/home/robotai/AutoRobots/turtlebot_virtual_lab/build/turtlebot4_ignition_bringup', 'catkin_cmake_args': None, 'catkin_skip_building_tests': False, 'cmake_args': None, 'cmake_clean_cache': False, 'cmake_clean_first': False, 'cmake_force_configure': False, 'cmake_target': None, 'cmake_target_skip_unavailable': False, 'install_base': '/home/robotai/AutoRobots/turtlebot_virtual_lab/install/turtlebot4_ignition_bringup', 'merge_install': False, 'path': '/home/robotai/AutoRobots/turtlebot_virtual_lab/src/turtlebot4_simulator/turtlebot4_ignition_bringup', 'symlink_install': False, 'test_result_base': None}
[0.391s] Level 5:colcon.colcon_core.verb:set package 'turtlebot4_simulator' build argument 'cmake_args' from command line to 'None'
[0.391s] Level 5:colcon.colcon_core.verb:set package 'turtlebot4_simulator' build argument 'cmake_target' from command line to 'None'
[0.391s] Level 5:colcon.colcon_core.verb:set package 'turtlebot4_simulator' build argument 'cmake_target_skip_unavailable' from command line to 'False'
[0.391s] Level 5:colcon.colcon_core.verb:set package 'turtlebot4_simulator' build argument 'cmake_clean_cache' from command line to 'False'
[0.391s] Level 5:colcon.colcon_core.verb:set package 'turtlebot4_simulator' build argument 'cmake_clean_first' from command line to 'False'
[0.392s] Level 5:colcon.colcon_core.verb:set package 'turtlebot4_simulator' build argument 'cmake_force_configure' from command line to 'False'
[0.392s] Level 5:colcon.colcon_core.verb:set package 'turtlebot4_simulator' build argument 'ament_cmake_args' from command line to 'None'
[0.392s] Level 5:colcon.colcon_core.verb:set package 'turtlebot4_simulator' build argument 'catkin_cmake_args' from command line to 'None'
[0.392s] Level 5:colcon.colcon_core.verb:set package 'turtlebot4_simulator' build argument 'catkin_skip_building_tests' from command line to 'False'
[0.392s] DEBUG:colcon.colcon_core.verb:Building package 'turtlebot4_simulator' with the following arguments: {'ament_cmake_args': None, 'build_base': '/home/robotai/AutoRobots/turtlebot_virtual_lab/build/turtlebot4_simulator', 'catkin_cmake_args': None, 'catkin_skip_building_tests': False, 'cmake_args': None, 'cmake_clean_cache': False, 'cmake_clean_first': False, 'cmake_force_configure': False, 'cmake_target': None, 'cmake_target_skip_unavailable': False, 'install_base': '/home/robotai/AutoRobots/turtlebot_virtual_lab/install/turtlebot4_simulator', 'merge_install': False, 'path': '/home/robotai/AutoRobots/turtlebot_virtual_lab/src/turtlebot4_simulator/turtlebot4_simulator', 'symlink_install': False, 'test_result_base': None}
[0.392s] INFO:colcon.colcon_core.executor:Executing jobs using 'parallel' executor
[0.393s] DEBUG:colcon.colcon_parallel_executor.executor.parallel:run_until_complete
[0.393s] INFO:colcon.colcon_ros.task.ament_cmake.build:Building ROS package in '/home/robotai/AutoRobots/turtlebot_virtual_lab/src/turtlebot4_simulator/turtlebot4_ignition_gui_plugins' with build type 'ament_cmake'
[0.393s] INFO:colcon.colcon_cmake.task.cmake.build:Building CMake package in '/home/robotai/AutoRobots/turtlebot_virtual_lab/src/turtlebot4_simulator/turtlebot4_ignition_gui_plugins'
[0.395s] INFO:colcon.colcon_core.plugin_system:Skipping extension 'colcon_core.shell.bat': Not used on non-Windows systems
[0.395s] INFO:colcon.colcon_core.shell:Skip shell extension 'powershell' for command environment: Not usable outside of PowerShell
[0.395s] DEBUG:colcon.colcon_core.shell:Skip shell extension 'dsv' for command environment
[0.399s] INFO:colcon.colcon_ros.task.ament_cmake.build:Building ROS package in '/home/robotai/AutoRobots/turtlebot_virtual_lab/src/turtlebot4_simulator/turtlebot4_ignition_toolbox' with build type 'ament_cmake'
[0.399s] INFO:colcon.colcon_cmake.task.cmake.build:Building CMake package in '/home/robotai/AutoRobots/turtlebot_virtual_lab/src/turtlebot4_simulator/turtlebot4_ignition_toolbox'
[0.399s] INFO:colcon.colcon_core.shell:Skip shell extension 'powershell' for command environment: Not usable outside of PowerShell
[0.399s] DEBUG:colcon.colcon_core.shell:Skip shell extension 'dsv' for command environment
[0.405s] DEBUG:colcon.colcon_core.event_handler.log_command:Invoking command in '/home/robotai/AutoRobots/turtlebot_virtual_lab/build/turtlebot4_ignition_gui_plugins': CMAKE_PREFIX_PATH=/opt/ros/humble /usr/bin/cmake /home/robotai/AutoRobots/turtlebot_virtual_lab/src/turtlebot4_simulator/turtlebot4_ignition_gui_plugins -DCMAKE_INSTALL_PREFIX=/home/robotai/AutoRobots/turtlebot_virtual_lab/install/turtlebot4_ignition_gui_plugins
[0.409s] DEBUG:colcon.colcon_core.event_handler.log_command:Invoking command in '/home/robotai/AutoRobots/turtlebot_virtual_lab/build/turtlebot4_ignition_toolbox': CMAKE_PREFIX_PATH=/opt/ros/humble /usr/bin/cmake /home/robotai/AutoRobots/turtlebot_virtual_lab/src/turtlebot4_simulator/turtlebot4_ignition_toolbox -DCMAKE_INSTALL_PREFIX=/home/robotai/AutoRobots/turtlebot_virtual_lab/install/turtlebot4_ignition_toolbox
[1.689s] DEBUG:colcon.colcon_core.event_handler.log_command:Invoked command in '/home/robotai/AutoRobots/turtlebot_virtual_lab/build/turtlebot4_ignition_toolbox' returned '0': CMAKE_PREFIX_PATH=/opt/ros/humble /usr/bin/cmake /home/robotai/AutoRobots/turtlebot_virtual_lab/src/turtlebot4_simulator/turtlebot4_ignition_toolbox -DCMAKE_INSTALL_PREFIX=/home/robotai/AutoRobots/turtlebot_virtual_lab/install/turtlebot4_ignition_toolbox
[1.691s] DEBUG:colcon.colcon_core.event_handler.log_command:Invoking command in '/home/robotai/AutoRobots/turtlebot_virtual_lab/build/turtlebot4_ignition_toolbox': CMAKE_PREFIX_PATH=/opt/ros/humble /usr/bin/cmake --build /home/robotai/AutoRobots/turtlebot_virtual_lab/build/turtlebot4_ignition_toolbox -- -j6 -l6
[1.993s] DEBUG:colcon.colcon_core.event_handler.log_command:Invoked command in '/home/robotai/AutoRobots/turtlebot_virtual_lab/build/turtlebot4_ignition_gui_plugins' returned '0': CMAKE_PREFIX_PATH=/opt/ros/humble /usr/bin/cmake /home/robotai/AutoRobots/turtlebot_virtual_lab/src/turtlebot4_simulator/turtlebot4_ignition_gui_plugins -DCMAKE_INSTALL_PREFIX=/home/robotai/AutoRobots/turtlebot_virtual_lab/install/turtlebot4_ignition_gui_plugins
[1.995s] DEBUG:colcon.colcon_core.event_handler.log_command:Invoking command in '/home/robotai/AutoRobots/turtlebot_virtual_lab/build/turtlebot4_ignition_gui_plugins': CMAKE_PREFIX_PATH=/opt/ros/humble /usr/bin/cmake --build /home/robotai/AutoRobots/turtlebot_virtual_lab/build/turtlebot4_ignition_gui_plugins -- -j6 -l6
[16.034s] DEBUG:colcon.colcon_core.event_handler.log_command:Invoked command in '/home/robotai/AutoRobots/turtlebot_virtual_lab/build/turtlebot4_ignition_gui_plugins' returned '0': CMAKE_PREFIX_PATH=/opt/ros/humble /usr/bin/cmake --build /home/robotai/AutoRobots/turtlebot_virtual_lab/build/turtlebot4_ignition_gui_plugins -- -j6 -l6
[16.047s] DEBUG:colcon.colcon_core.event_handler.log_command:Invoking command in '/home/robotai/AutoRobots/turtlebot_virtual_lab/build/turtlebot4_ignition_gui_plugins': CMAKE_PREFIX_PATH=/opt/ros/humble /usr/bin/cmake --install /home/robotai/AutoRobots/turtlebot_virtual_lab/build/turtlebot4_ignition_gui_plugins
[16.074s] Level 1:colcon.colcon_core.environment:create_environment_scripts_only(turtlebot4_ignition_gui_plugins)
[16.075s] DEBUG:colcon.colcon_core.event_handler.log_command:Invoked command in '/home/robotai/AutoRobots/turtlebot_virtual_lab/build/turtlebot4_ignition_gui_plugins' returned '0': CMAKE_PREFIX_PATH=/opt/ros/humble /usr/bin/cmake --install /home/robotai/AutoRobots/turtlebot_virtual_lab/build/turtlebot4_ignition_gui_plugins
[16.096s] Level 1:colcon.colcon_core.environment:checking '/home/robotai/AutoRobots/turtlebot_virtual_lab/install/turtlebot4_ignition_gui_plugins' for CMake module files
[16.097s] Level 1:colcon.colcon_core.environment:checking '/home/robotai/AutoRobots/turtlebot_virtual_lab/install/turtlebot4_ignition_gui_plugins' for CMake config files
[16.097s] Level 1:colcon.colcon_core.shell:create_environment_hook('turtlebot4_ignition_gui_plugins', 'cmake_prefix_path')
[16.097s] INFO:colcon.colcon_core.shell:Creating environment hook '/home/robotai/AutoRobots/turtlebot_virtual_lab/install/turtlebot4_ignition_gui_plugins/share/turtlebot4_ignition_gui_plugins/hook/cmake_prefix_path.ps1'
[16.100s] INFO:colcon.colcon_core.shell:Creating environment descriptor '/home/robotai/AutoRobots/turtlebot_virtual_lab/install/turtlebot4_ignition_gui_plugins/share/turtlebot4_ignition_gui_plugins/hook/cmake_prefix_path.dsv'
[16.103s] INFO:colcon.colcon_core.shell:Creating environment hook '/home/robotai/AutoRobots/turtlebot_virtual_lab/install/turtlebot4_ignition_gui_plugins/share/turtlebot4_ignition_gui_plugins/hook/cmake_prefix_path.sh'
[16.106s] Level 1:colcon.colcon_core.environment:checking '/home/robotai/AutoRobots/turtlebot_virtual_lab/install/turtlebot4_ignition_gui_plugins/bin'
[16.106s] Level 1:colcon.colcon_core.environment:checking '/home/robotai/AutoRobots/turtlebot_virtual_lab/install/turtlebot4_ignition_gui_plugins/lib/pkgconfig/turtlebot4_ignition_gui_plugins.pc'
[16.107s] Level 1:colcon.colcon_core.environment:checking '/home/robotai/AutoRobots/turtlebot_virtual_lab/install/turtlebot4_ignition_gui_plugins/lib/python3.10/site-packages'
[16.107s] Level 1:colcon.colcon_core.environment:checking '/home/robotai/AutoRobots/turtlebot_virtual_lab/install/turtlebot4_ignition_gui_plugins/bin'
[16.107s] INFO:colcon.colcon_core.shell:Creating package script '/home/robotai/AutoRobots/turtlebot_virtual_lab/install/turtlebot4_ignition_gui_plugins/share/turtlebot4_ignition_gui_plugins/package.ps1'
[16.109s] INFO:colcon.colcon_core.shell:Creating package descriptor '/home/robotai/AutoRobots/turtlebot_virtual_lab/install/turtlebot4_ignition_gui_plugins/share/turtlebot4_ignition_gui_plugins/package.dsv'
[16.110s] INFO:colcon.colcon_core.shell:Creating package script '/home/robotai/AutoRobots/turtlebot_virtual_lab/install/turtlebot4_ignition_gui_plugins/share/turtlebot4_ignition_gui_plugins/package.sh'
[16.116s] INFO:colcon.colcon_core.shell:Creating package script '/home/robotai/AutoRobots/turtlebot_virtual_lab/install/turtlebot4_ignition_gui_plugins/share/turtlebot4_ignition_gui_plugins/package.bash'
[16.118s] INFO:colcon.colcon_core.shell:Creating package script '/home/robotai/AutoRobots/turtlebot_virtual_lab/install/turtlebot4_ignition_gui_plugins/share/turtlebot4_ignition_gui_plugins/package.zsh'
[16.128s] Level 1:colcon.colcon_core.environment:create_file_with_runtime_dependencies(/home/robotai/AutoRobots/turtlebot_virtual_lab/install/turtlebot4_ignition_gui_plugins/share/colcon-core/packages/turtlebot4_ignition_gui_plugins)
[16.129s] Level 1:colcon.colcon_core.environment:create_environment_scripts_only(turtlebot4_ignition_gui_plugins)
[16.130s] Level 1:colcon.colcon_core.environment:checking '/home/robotai/AutoRobots/turtlebot_virtual_lab/install/turtlebot4_ignition_gui_plugins' for CMake module files
[16.130s] Level 1:colcon.colcon_core.environment:checking '/home/robotai/AutoRobots/turtlebot_virtual_lab/install/turtlebot4_ignition_gui_plugins' for CMake config files
[16.130s] Level 1:colcon.colcon_core.shell:create_environment_hook('turtlebot4_ignition_gui_plugins', 'cmake_prefix_path')
[16.131s] INFO:colcon.colcon_core.shell:Creating environment hook '/home/robotai/AutoRobots/turtlebot_virtual_lab/install/turtlebot4_ignition_gui_plugins/share/turtlebot4_ignition_gui_plugins/hook/cmake_prefix_path.ps1'
[16.131s] INFO:colcon.colcon_core.shell:Creating environment descriptor '/home/robotai/AutoRobots/turtlebot_virtual_lab/install/turtlebot4_ignition_gui_plugins/share/turtlebot4_ignition_gui_plugins/hook/cmake_prefix_path.dsv'
[16.132s] INFO:colcon.colcon_core.shell:Creating environment hook '/home/robotai/AutoRobots/turtlebot_virtual_lab/install/turtlebot4_ignition_gui_plugins/share/turtlebot4_ignition_gui_plugins/hook/cmake_prefix_path.sh'
[16.133s] Level 1:colcon.colcon_core.environment:checking '/home/robotai/AutoRobots/turtlebot_virtual_lab/install/turtlebot4_ignition_gui_plugins/bin'
[16.133s] Level 1:colcon.colcon_core.environment:checking '/home/robotai/AutoRobots/turtlebot_virtual_lab/install/turtlebot4_ignition_gui_plugins/lib/pkgconfig/turtlebot4_ignition_gui_plugins.pc'
[16.133s] Level 1:colcon.colcon_core.environment:checking '/home/robotai/AutoRobots/turtlebot_virtual_lab/install/turtlebot4_ignition_gui_plugins/lib/python3.10/site-packages'
[16.134s] Level 1:colcon.colcon_core.environment:checking '/home/robotai/AutoRobots/turtlebot_virtual_lab/install/turtlebot4_ignition_gui_plugins/bin'
[16.134s] INFO:colcon.colcon_core.shell:Creating package script '/home/robotai/AutoRobots/turtlebot_virtual_lab/install/turtlebot4_ignition_gui_plugins/share/turtlebot4_ignition_gui_plugins/package.ps1'
[16.134s] INFO:colcon.colcon_core.shell:Creating package descriptor '/home/robotai/AutoRobots/turtlebot_virtual_lab/install/turtlebot4_ignition_gui_plugins/share/turtlebot4_ignition_gui_plugins/package.dsv'
[16.135s] INFO:colcon.colcon_core.shell:Creating package script '/home/robotai/AutoRobots/turtlebot_virtual_lab/install/turtlebot4_ignition_gui_plugins/share/turtlebot4_ignition_gui_plugins/package.sh'
[16.135s] INFO:colcon.colcon_core.shell:Creating package script '/home/robotai/AutoRobots/turtlebot_virtual_lab/install/turtlebot4_ignition_gui_plugins/share/turtlebot4_ignition_gui_plugins/package.bash'
[16.136s] INFO:colcon.colcon_core.shell:Creating package script '/home/robotai/AutoRobots/turtlebot_virtual_lab/install/turtlebot4_ignition_gui_plugins/share/turtlebot4_ignition_gui_plugins/package.zsh'
[16.136s] Level 1:colcon.colcon_core.environment:create_file_with_runtime_dependencies(/home/robotai/AutoRobots/turtlebot_virtual_lab/install/turtlebot4_ignition_gui_plugins/share/colcon-core/packages/turtlebot4_ignition_gui_plugins)
[22.056s] DEBUG:colcon.colcon_core.event_handler.log_command:Invoked command in '/home/robotai/AutoRobots/turtlebot_virtual_lab/build/turtlebot4_ignition_toolbox' returned '0': CMAKE_PREFIX_PATH=/opt/ros/humble /usr/bin/cmake --build /home/robotai/AutoRobots/turtlebot_virtual_lab/build/turtlebot4_ignition_toolbox -- -j6 -l6
[22.058s] DEBUG:colcon.colcon_core.event_handler.log_command:Invoking command in '/home/robotai/AutoRobots/turtlebot_virtual_lab/build/turtlebot4_ignition_toolbox': CMAKE_PREFIX_PATH=/opt/ros/humble /usr/bin/cmake --install /home/robotai/AutoRobots/turtlebot_virtual_lab/build/turtlebot4_ignition_toolbox
[22.077s] Level 1:colcon.colcon_core.environment:create_environment_scripts_only(turtlebot4_ignition_toolbox)
[22.077s] Level 1:colcon.colcon_core.environment:checking '/home/robotai/AutoRobots/turtlebot_virtual_lab/install/turtlebot4_ignition_toolbox' for CMake module files
[22.077s] Level 1:colcon.colcon_core.environment:checking '/home/robotai/AutoRobots/turtlebot_virtual_lab/install/turtlebot4_ignition_toolbox' for CMake config files
[22.078s] Level 1:colcon.colcon_core.shell:create_environment_hook('turtlebot4_ignition_toolbox', 'cmake_prefix_path')
[22.078s] INFO:colcon.colcon_core.shell:Creating environment hook '/home/robotai/AutoRobots/turtlebot_virtual_lab/install/turtlebot4_ignition_toolbox/share/turtlebot4_ignition_toolbox/hook/cmake_prefix_path.ps1'
[22.079s] DEBUG:colcon.colcon_core.event_handler.log_command:Invoked command in '/home/robotai/AutoRobots/turtlebot_virtual_lab/build/turtlebot4_ignition_toolbox' returned '0': CMAKE_PREFIX_PATH=/opt/ros/humble /usr/bin/cmake --install /home/robotai/AutoRobots/turtlebot_virtual_lab/build/turtlebot4_ignition_toolbox
[22.079s] INFO:colcon.colcon_core.shell:Creating environment descriptor '/home/robotai/AutoRobots/turtlebot_virtual_lab/install/turtlebot4_ignition_toolbox/share/turtlebot4_ignition_toolbox/hook/cmake_prefix_path.dsv'
[22.080s] INFO:colcon.colcon_core.shell:Creating environment hook '/home/robotai/AutoRobots/turtlebot_virtual_lab/install/turtlebot4_ignition_toolbox/share/turtlebot4_ignition_toolbox/hook/cmake_prefix_path.sh'
[22.080s] Level 1:colcon.colcon_core.environment:checking '/home/robotai/AutoRobots/turtlebot_virtual_lab/install/turtlebot4_ignition_toolbox/lib'
[22.081s] Level 1:colcon.colcon_core.environment:checking '/home/robotai/AutoRobots/turtlebot_virtual_lab/install/turtlebot4_ignition_toolbox/bin'
[22.081s] Level 1:colcon.colcon_core.environment:checking '/home/robotai/AutoRobots/turtlebot_virtual_lab/install/turtlebot4_ignition_toolbox/lib/pkgconfig/turtlebot4_ignition_toolbox.pc'
[22.081s] Level 1:colcon.colcon_core.environment:checking '/home/robotai/AutoRobots/turtlebot_virtual_lab/install/turtlebot4_ignition_toolbox/lib/python3.10/site-packages'
[22.081s] Level 1:colcon.colcon_core.environment:checking '/home/robotai/AutoRobots/turtlebot_virtual_lab/install/turtlebot4_ignition_toolbox/bin'
[22.082s] INFO:colcon.colcon_core.shell:Creating package script '/home/robotai/AutoRobots/turtlebot_virtual_lab/install/turtlebot4_ignition_toolbox/share/turtlebot4_ignition_toolbox/package.ps1'
[22.082s] INFO:colcon.colcon_core.shell:Creating package descriptor '/home/robotai/AutoRobots/turtlebot_virtual_lab/install/turtlebot4_ignition_toolbox/share/turtlebot4_ignition_toolbox/package.dsv'
[22.083s] INFO:colcon.colcon_core.shell:Creating package script '/home/robotai/AutoRobots/turtlebot_virtual_lab/install/turtlebot4_ignition_toolbox/share/turtlebot4_ignition_toolbox/package.sh'
[22.083s] INFO:colcon.colcon_core.shell:Creating package script '/home/robotai/AutoRobots/turtlebot_virtual_lab/install/turtlebot4_ignition_toolbox/share/turtlebot4_ignition_toolbox/package.bash'
[22.084s] INFO:colcon.colcon_core.shell:Creating package script '/home/robotai/AutoRobots/turtlebot_virtual_lab/install/turtlebot4_ignition_toolbox/share/turtlebot4_ignition_toolbox/package.zsh'
[22.084s] Level 1:colcon.colcon_core.environment:create_file_with_runtime_dependencies(/home/robotai/AutoRobots/turtlebot_virtual_lab/install/turtlebot4_ignition_toolbox/share/colcon-core/packages/turtlebot4_ignition_toolbox)
[22.084s] Level 1:colcon.colcon_core.environment:create_environment_scripts_only(turtlebot4_ignition_toolbox)
[22.085s] Level 1:colcon.colcon_core.environment:checking '/home/robotai/AutoRobots/turtlebot_virtual_lab/install/turtlebot4_ignition_toolbox' for CMake module files
[22.085s] Level 1:colcon.colcon_core.environment:checking '/home/robotai/AutoRobots/turtlebot_virtual_lab/install/turtlebot4_ignition_toolbox' for CMake config files
[22.085s] Level 1:colcon.colcon_core.shell:create_environment_hook('turtlebot4_ignition_toolbox', 'cmake_prefix_path')
[22.085s] INFO:colcon.colcon_core.shell:Creating environment hook '/home/robotai/AutoRobots/turtlebot_virtual_lab/install/turtlebot4_ignition_toolbox/share/turtlebot4_ignition_toolbox/hook/cmake_prefix_path.ps1'
[22.086s] INFO:colcon.colcon_core.shell:Creating environment descriptor '/home/robotai/AutoRobots/turtlebot_virtual_lab/install/turtlebot4_ignition_toolbox/share/turtlebot4_ignition_toolbox/hook/cmake_prefix_path.dsv'
[22.086s] INFO:colcon.colcon_core.shell:Creating environment hook '/home/robotai/AutoRobots/turtlebot_virtual_lab/install/turtlebot4_ignition_toolbox/share/turtlebot4_ignition_toolbox/hook/cmake_prefix_path.sh'
[22.087s] Level 1:colcon.colcon_core.environment:checking '/home/robotai/AutoRobots/turtlebot_virtual_lab/install/turtlebot4_ignition_toolbox/lib'
[22.087s] Level 1:colcon.colcon_core.environment:checking '/home/robotai/AutoRobots/turtlebot_virtual_lab/install/turtlebot4_ignition_toolbox/bin'
[22.087s] Level 1:colcon.colcon_core.environment:checking '/home/robotai/AutoRobots/turtlebot_virtual_lab/install/turtlebot4_ignition_toolbox/lib/pkgconfig/turtlebot4_ignition_toolbox.pc'
[22.087s] Level 1:colcon.colcon_core.environment:checking '/home/robotai/AutoRobots/turtlebot_virtual_lab/install/turtlebot4_ignition_toolbox/lib/python3.10/site-packages'
[22.087s] Level 1:colcon.colcon_core.environment:checking '/home/robotai/AutoRobots/turtlebot_virtual_lab/install/turtlebot4_ignition_toolbox/bin'
[22.088s] INFO:colcon.colcon_core.shell:Creating package script '/home/robotai/AutoRobots/turtlebot_virtual_lab/install/turtlebot4_ignition_toolbox/share/turtlebot4_ignition_toolbox/package.ps1'
[22.088s] INFO:colcon.colcon_core.shell:Creating package descriptor '/home/robotai/AutoRobots/turtlebot_virtual_lab/install/turtlebot4_ignition_toolbox/share/turtlebot4_ignition_toolbox/package.dsv'
[22.089s] INFO:colcon.colcon_core.shell:Creating package script '/home/robotai/AutoRobots/turtlebot_virtual_lab/install/turtlebot4_ignition_toolbox/share/turtlebot4_ignition_toolbox/package.sh'
[22.089s] INFO:colcon.colcon_core.shell:Creating package script '/home/robotai/AutoRobots/turtlebot_virtual_lab/install/turtlebot4_ignition_toolbox/share/turtlebot4_ignition_toolbox/package.bash'
[22.089s] INFO:colcon.colcon_core.shell:Creating package script '/home/robotai/AutoRobots/turtlebot_virtual_lab/install/turtlebot4_ignition_toolbox/share/turtlebot4_ignition_toolbox/package.zsh'
[22.090s] Level 1:colcon.colcon_core.environment:create_file_with_runtime_dependencies(/home/robotai/AutoRobots/turtlebot_virtual_lab/install/turtlebot4_ignition_toolbox/share/colcon-core/packages/turtlebot4_ignition_toolbox)
[22.090s] INFO:colcon.colcon_ros.task.ament_cmake.build:Building ROS package in '/home/robotai/AutoRobots/turtlebot_virtual_lab/src/turtlebot4_simulator/turtlebot4_ignition_bringup' with build type 'ament_cmake'
[22.090s] INFO:colcon.colcon_cmake.task.cmake.build:Building CMake package in '/home/robotai/AutoRobots/turtlebot_virtual_lab/src/turtlebot4_simulator/turtlebot4_ignition_bringup'
[22.091s] INFO:colcon.colcon_core.shell:Skip shell extension 'powershell' for command environment: Not usable outside of PowerShell
[22.091s] DEBUG:colcon.colcon_core.shell:Skip shell extension 'dsv' for command environment
[22.106s] DEBUG:colcon.colcon_core.event_handler.log_command:Invoking command in '/home/robotai/AutoRobots/turtlebot_virtual_lab/build/turtlebot4_ignition_bringup': AMENT_PREFIX_PATH=/home/robotai/AutoRobots/turtlebot_virtual_lab/install/turtlebot4_ignition_toolbox:/home/robotai/AutoRobots/turtlebot_virtual_lab/install/turtlebot4_ignition_gui_plugins:${AMENT_PREFIX_PATH} CMAKE_PREFIX_PATH=/home/robotai/AutoRobots/turtlebot_virtual_lab/install/turtlebot4_ignition_toolbox:/home/robotai/AutoRobots/turtlebot_virtual_lab/install/turtlebot4_ignition_gui_plugins:/opt/ros/humble /usr/bin/cmake /home/robotai/AutoRobots/turtlebot_virtual_lab/src/turtlebot4_simulator/turtlebot4_ignition_bringup -DCMAKE_INSTALL_PREFIX=/home/robotai/AutoRobots/turtlebot_virtual_lab/install/turtlebot4_ignition_bringup
[23.649s] DEBUG:colcon.colcon_core.event_handler.log_command:Invoked command in '/home/robotai/AutoRobots/turtlebot_virtual_lab/build/turtlebot4_ignition_bringup' returned '0': AMENT_PREFIX_PATH=/home/robotai/AutoRobots/turtlebot_virtual_lab/install/turtlebot4_ignition_toolbox:/home/robotai/AutoRobots/turtlebot_virtual_lab/install/turtlebot4_ignition_gui_plugins:${AMENT_PREFIX_PATH} CMAKE_PREFIX_PATH=/home/robotai/AutoRobots/turtlebot_virtual_lab/install/turtlebot4_ignition_toolbox:/home/robotai/AutoRobots/turtlebot_virtual_lab/install/turtlebot4_ignition_gui_plugins:/opt/ros/humble /usr/bin/cmake /home/robotai/AutoRobots/turtlebot_virtual_lab/src/turtlebot4_simulator/turtlebot4_ignition_bringup -DCMAKE_INSTALL_PREFIX=/home/robotai/AutoRobots/turtlebot_virtual_lab/install/turtlebot4_ignition_bringup
[23.651s] DEBUG:colcon.colcon_core.event_handler.log_command:Invoking command in '/home/robotai/AutoRobots/turtlebot_virtual_lab/build/turtlebot4_ignition_bringup': AMENT_PREFIX_PATH=/home/robotai/AutoRobots/turtlebot_virtual_lab/install/turtlebot4_ignition_toolbox:/home/robotai/AutoRobots/turtlebot_virtual_lab/install/turtlebot4_ignition_gui_plugins:${AMENT_PREFIX_PATH} CMAKE_PREFIX_PATH=/home/robotai/AutoRobots/turtlebot_virtual_lab/install/turtlebot4_ignition_toolbox:/home/robotai/AutoRobots/turtlebot_virtual_lab/install/turtlebot4_ignition_gui_plugins:/opt/ros/humble /usr/bin/cmake --build /home/robotai/AutoRobots/turtlebot_virtual_lab/build/turtlebot4_ignition_bringup -- -j6 -l6
[23.697s] DEBUG:colcon.colcon_core.event_handler.log_command:Invoked command in '/home/robotai/AutoRobots/turtlebot_virtual_lab/build/turtlebot4_ignition_bringup' returned '0': AMENT_PREFIX_PATH=/home/robotai/AutoRobots/turtlebot_virtual_lab/install/turtlebot4_ignition_toolbox:/home/robotai/AutoRobots/turtlebot_virtual_lab/install/turtlebot4_ignition_gui_plugins:${AMENT_PREFIX_PATH} CMAKE_PREFIX_PATH=/home/robotai/AutoRobots/turtlebot_virtual_lab/install/turtlebot4_ignition_toolbox:/home/robotai/AutoRobots/turtlebot_virtual_lab/install/turtlebot4_ignition_gui_plugins:/opt/ros/humble /usr/bin/cmake --build /home/robotai/AutoRobots/turtlebot_virtual_lab/build/turtlebot4_ignition_bringup -- -j6 -l6
[23.700s] DEBUG:colcon.colcon_core.event_handler.log_command:Invoking command in '/home/robotai/AutoRobots/turtlebot_virtual_lab/build/turtlebot4_ignition_bringup': AMENT_PREFIX_PATH=/home/robotai/AutoRobots/turtlebot_virtual_lab/install/turtlebot4_ignition_toolbox:/home/robotai/AutoRobots/turtlebot_virtual_lab/install/turtlebot4_ignition_gui_plugins:${AMENT_PREFIX_PATH} CMAKE_PREFIX_PATH=/home/robotai/AutoRobots/turtlebot_virtual_lab/install/turtlebot4_ignition_toolbox:/home/robotai/AutoRobots/turtlebot_virtual_lab/install/turtlebot4_ignition_gui_plugins:/opt/ros/humble /usr/bin/cmake --install /home/robotai/AutoRobots/turtlebot_virtual_lab/build/turtlebot4_ignition_bringup
[23.714s] Level 1:colcon.colcon_core.environment:create_environment_scripts_only(turtlebot4_ignition_bringup)
[23.715s] DEBUG:colcon.colcon_core.event_handler.log_command:Invoked command in '/home/robotai/AutoRobots/turtlebot_virtual_lab/build/turtlebot4_ignition_bringup' returned '0': AMENT_PREFIX_PATH=/home/robotai/AutoRobots/turtlebot_virtual_lab/install/turtlebot4_ignition_toolbox:/home/robotai/AutoRobots/turtlebot_virtual_lab/install/turtlebot4_ignition_gui_plugins:${AMENT_PREFIX_PATH} CMAKE_PREFIX_PATH=/home/robotai/AutoRobots/turtlebot_virtual_lab/install/turtlebot4_ignition_toolbox:/home/robotai/AutoRobots/turtlebot_virtual_lab/install/turtlebot4_ignition_gui_plugins:/opt/ros/humble /usr/bin/cmake --install /home/robotai/AutoRobots/turtlebot_virtual_lab/build/turtlebot4_ignition_bringup
[23.715s] Level 1:colcon.colcon_core.environment:checking '/home/robotai/AutoRobots/turtlebot_virtual_lab/install/turtlebot4_ignition_bringup' for CMake module files
[23.715s] Level 1:colcon.colcon_core.environment:checking '/home/robotai/AutoRobots/turtlebot_virtual_lab/install/turtlebot4_ignition_bringup' for CMake config files
[23.716s] Level 1:colcon.colcon_core.shell:create_environment_hook('turtlebot4_ignition_bringup', 'cmake_prefix_path')
[23.716s] INFO:colcon.colcon_core.shell:Creating environment hook '/home/robotai/AutoRobots/turtlebot_virtual_lab/install/turtlebot4_ignition_bringup/share/turtlebot4_ignition_bringup/hook/cmake_prefix_path.ps1'
[23.716s] INFO:colcon.colcon_core.shell:Creating environment descriptor '/home/robotai/AutoRobots/turtlebot_virtual_lab/install/turtlebot4_ignition_bringup/share/turtlebot4_ignition_bringup/hook/cmake_prefix_path.dsv'
[23.717s] INFO:colcon.colcon_core.shell:Creating environment hook '/home/robotai/AutoRobots/turtlebot_virtual_lab/install/turtlebot4_ignition_bringup/share/turtlebot4_ignition_bringup/hook/cmake_prefix_path.sh'
[23.717s] Level 1:colcon.colcon_core.environment:checking '/home/robotai/AutoRobots/turtlebot_virtual_lab/install/turtlebot4_ignition_bringup/bin'
[23.717s] Level 1:colcon.colcon_core.environment:checking '/home/robotai/AutoRobots/turtlebot_virtual_lab/install/turtlebot4_ignition_bringup/lib/pkgconfig/turtlebot4_ignition_bringup.pc'
[23.718s] Level 1:colcon.colcon_core.environment:checking '/home/robotai/AutoRobots/turtlebot_virtual_lab/install/turtlebot4_ignition_bringup/lib/python3.10/site-packages'
[23.718s] Level 1:colcon.colcon_core.environment:checking '/home/robotai/AutoRobots/turtlebot_virtual_lab/install/turtlebot4_ignition_bringup/bin'
[23.718s] INFO:colcon.colcon_core.shell:Creating package script '/home/robotai/AutoRobots/turtlebot_virtual_lab/install/turtlebot4_ignition_bringup/share/turtlebot4_ignition_bringup/package.ps1'
[23.719s] INFO:colcon.colcon_core.shell:Creating package descriptor '/home/robotai/AutoRobots/turtlebot_virtual_lab/install/turtlebot4_ignition_bringup/share/turtlebot4_ignition_bringup/package.dsv'
[23.719s] INFO:colcon.colcon_core.shell:Creating package script '/home/robotai/AutoRobots/turtlebot_virtual_lab/install/turtlebot4_ignition_bringup/share/turtlebot4_ignition_bringup/package.sh'
[23.720s] INFO:colcon.colcon_core.shell:Creating package script '/home/robotai/AutoRobots/turtlebot_virtual_lab/install/turtlebot4_ignition_bringup/share/turtlebot4_ignition_bringup/package.bash'
[23.720s] INFO:colcon.colcon_core.shell:Creating package script '/home/robotai/AutoRobots/turtlebot_virtual_lab/install/turtlebot4_ignition_bringup/share/turtlebot4_ignition_bringup/package.zsh'
[23.720s] Level 1:colcon.colcon_core.environment:create_file_with_runtime_dependencies(/home/robotai/AutoRobots/turtlebot_virtual_lab/install/turtlebot4_ignition_bringup/share/colcon-core/packages/turtlebot4_ignition_bringup)
[23.721s] Level 1:colcon.colcon_core.environment:create_environment_scripts_only(turtlebot4_ignition_bringup)
[23.721s] Level 1:colcon.colcon_core.environment:checking '/home/robotai/AutoRobots/turtlebot_virtual_lab/install/turtlebot4_ignition_bringup' for CMake module files
[23.721s] Level 1:colcon.colcon_core.environment:checking '/home/robotai/AutoRobots/turtlebot_virtual_lab/install/turtlebot4_ignition_bringup' for CMake config files
[23.723s] Level 1:colcon.colcon_core.shell:create_environment_hook('turtlebot4_ignition_bringup', 'cmake_prefix_path')
[23.723s] INFO:colcon.colcon_core.shell:Creating environment hook '/home/robotai/AutoRobots/turtlebot_virtual_lab/install/turtlebot4_ignition_bringup/share/turtlebot4_ignition_bringup/hook/cmake_prefix_path.ps1'
[23.724s] INFO:colcon.colcon_core.shell:Creating environment descriptor '/home/robotai/AutoRobots/turtlebot_virtual_lab/install/turtlebot4_ignition_bringup/share/turtlebot4_ignition_bringup/hook/cmake_prefix_path.dsv'
[23.725s] INFO:colcon.colcon_core.shell:Creating environment hook '/home/robotai/AutoRobots/turtlebot_virtual_lab/install/turtlebot4_ignition_bringup/share/turtlebot4_ignition_bringup/hook/cmake_prefix_path.sh'
[23.725s] Level 1:colcon.colcon_core.environment:checking '/home/robotai/AutoRobots/turtlebot_virtual_lab/install/turtlebot4_ignition_bringup/bin'
[23.725s] Level 1:colcon.colcon_core.environment:checking '/home/robotai/AutoRobots/turtlebot_virtual_lab/install/turtlebot4_ignition_bringup/lib/pkgconfig/turtlebot4_ignition_bringup.pc'
[23.726s] Level 1:colcon.colcon_core.environment:checking '/home/robotai/AutoRobots/turtlebot_virtual_lab/install/turtlebot4_ignition_bringup/lib/python3.10/site-packages'
[23.729s] Level 1:colcon.colcon_core.environment:checking '/home/robotai/AutoRobots/turtlebot_virtual_lab/install/turtlebot4_ignition_bringup/bin'
[23.730s] INFO:colcon.colcon_core.shell:Creating package script '/home/robotai/AutoRobots/turtlebot_virtual_lab/install/turtlebot4_ignition_bringup/share/turtlebot4_ignition_bringup/package.ps1'
[23.730s] INFO:colcon.colcon_core.shell:Creating package descriptor '/home/robotai/AutoRobots/turtlebot_virtual_lab/install/turtlebot4_ignition_bringup/share/turtlebot4_ignition_bringup/package.dsv'
[23.731s] INFO:colcon.colcon_core.shell:Creating package script '/home/robotai/AutoRobots/turtlebot_virtual_lab/install/turtlebot4_ignition_bringup/share/turtlebot4_ignition_bringup/package.sh'
[23.731s] INFO:colcon.colcon_core.shell:Creating package script '/home/robotai/AutoRobots/turtlebot_virtual_lab/install/turtlebot4_ignition_bringup/share/turtlebot4_ignition_bringup/package.bash'
[23.732s] INFO:colcon.colcon_core.shell:Creating package script '/home/robotai/AutoRobots/turtlebot_virtual_lab/install/turtlebot4_ignition_bringup/share/turtlebot4_ignition_bringup/package.zsh'
[23.732s] Level 1:colcon.colcon_core.environment:create_file_with_runtime_dependencies(/home/robotai/AutoRobots/turtlebot_virtual_lab/install/turtlebot4_ignition_bringup/share/colcon-core/packages/turtlebot4_ignition_bringup)
[23.732s] INFO:colcon.colcon_ros.task.ament_cmake.build:Building ROS package in '/home/robotai/AutoRobots/turtlebot_virtual_lab/src/turtlebot4_simulator/turtlebot4_simulator' with build type 'ament_cmake'
[23.733s] INFO:colcon.colcon_cmake.task.cmake.build:Building CMake package in '/home/robotai/AutoRobots/turtlebot_virtual_lab/src/turtlebot4_simulator/turtlebot4_simulator'
[23.733s] INFO:colcon.colcon_core.shell:Skip shell extension 'powershell' for command environment: Not usable outside of PowerShell
[23.733s] DEBUG:colcon.colcon_core.shell:Skip shell extension 'dsv' for command environment
[23.743s] DEBUG:colcon.colcon_core.event_handler.log_command:Invoking command in '/home/robotai/AutoRobots/turtlebot_virtual_lab/build/turtlebot4_simulator': AMENT_PREFIX_PATH=/home/robotai/AutoRobots/turtlebot_virtual_lab/install/turtlebot4_ignition_bringup:/home/robotai/AutoRobots/turtlebot_virtual_lab/install/turtlebot4_ignition_toolbox:/home/robotai/AutoRobots/turtlebot_virtual_lab/install/turtlebot4_ignition_gui_plugins:${AMENT_PREFIX_PATH} CMAKE_PREFIX_PATH=/home/robotai/AutoRobots/turtlebot_virtual_lab/install/turtlebot4_ignition_bringup:/home/robotai/AutoRobots/turtlebot_virtual_lab/install/turtlebot4_ignition_toolbox:/home/robotai/AutoRobots/turtlebot_virtual_lab/install/turtlebot4_ignition_gui_plugins:/opt/ros/humble /usr/bin/cmake /home/robotai/AutoRobots/turtlebot_virtual_lab/src/turtlebot4_simulator/turtlebot4_simulator -DCMAKE_INSTALL_PREFIX=/home/robotai/AutoRobots/turtlebot_virtual_lab/install/turtlebot4_simulator
[24.433s] DEBUG:colcon.colcon_core.event_handler.log_command:Invoked command in '/home/robotai/AutoRobots/turtlebot_virtual_lab/build/turtlebot4_simulator' returned '0': AMENT_PREFIX_PATH=/home/robotai/AutoRobots/turtlebot_virtual_lab/install/turtlebot4_ignition_bringup:/home/robotai/AutoRobots/turtlebot_virtual_lab/install/turtlebot4_ignition_toolbox:/home/robotai/AutoRobots/turtlebot_virtual_lab/install/turtlebot4_ignition_gui_plugins:${AMENT_PREFIX_PATH} CMAKE_PREFIX_PATH=/home/robotai/AutoRobots/turtlebot_virtual_lab/install/turtlebot4_ignition_bringup:/home/robotai/AutoRobots/turtlebot_virtual_lab/install/turtlebot4_ignition_toolbox:/home/robotai/AutoRobots/turtlebot_virtual_lab/install/turtlebot4_ignition_gui_plugins:/opt/ros/humble /usr/bin/cmake /home/robotai/AutoRobots/turtlebot_virtual_lab/src/turtlebot4_simulator/turtlebot4_simulator -DCMAKE_INSTALL_PREFIX=/home/robotai/AutoRobots/turtlebot_virtual_lab/install/turtlebot4_simulator
[24.434s] DEBUG:colcon.colcon_core.event_handler.log_command:Invoking command in '/home/robotai/AutoRobots/turtlebot_virtual_lab/build/turtlebot4_simulator': AMENT_PREFIX_PATH=/home/robotai/AutoRobots/turtlebot_virtual_lab/install/turtlebot4_ignition_bringup:/home/robotai/AutoRobots/turtlebot_virtual_lab/install/turtlebot4_ignition_toolbox:/home/robotai/AutoRobots/turtlebot_virtual_lab/install/turtlebot4_ignition_gui_plugins:${AMENT_PREFIX_PATH} CMAKE_PREFIX_PATH=/home/robotai/AutoRobots/turtlebot_virtual_lab/install/turtlebot4_ignition_bringup:/home/robotai/AutoRobots/turtlebot_virtual_lab/install/turtlebot4_ignition_toolbox:/home/robotai/AutoRobots/turtlebot_virtual_lab/install/turtlebot4_ignition_gui_plugins:/opt/ros/humble /usr/bin/cmake --build /home/robotai/AutoRobots/turtlebot_virtual_lab/build/turtlebot4_simulator -- -j6 -l6
[24.480s] DEBUG:colcon.colcon_core.event_handler.log_command:Invoked command in '/home/robotai/AutoRobots/turtlebot_virtual_lab/build/turtlebot4_simulator' returned '0': AMENT_PREFIX_PATH=/home/robotai/AutoRobots/turtlebot_virtual_lab/install/turtlebot4_ignition_bringup:/home/robotai/AutoRobots/turtlebot_virtual_lab/install/turtlebot4_ignition_toolbox:/home/robotai/AutoRobots/turtlebot_virtual_lab/install/turtlebot4_ignition_gui_plugins:${AMENT_PREFIX_PATH} CMAKE_PREFIX_PATH=/home/robotai/AutoRobots/turtlebot_virtual_lab/install/turtlebot4_ignition_bringup:/home/robotai/AutoRobots/turtlebot_virtual_lab/install/turtlebot4_ignition_toolbox:/home/robotai/AutoRobots/turtlebot_virtual_lab/install/turtlebot4_ignition_gui_plugins:/opt/ros/humble /usr/bin/cmake --build /home/robotai/AutoRobots/turtlebot_virtual_lab/build/turtlebot4_simulator -- -j6 -l6
[24.482s] DEBUG:colcon.colcon_core.event_handler.log_command:Invoking command in '/home/robotai/AutoRobots/turtlebot_virtual_lab/build/turtlebot4_simulator': AMENT_PREFIX_PATH=/home/robotai/AutoRobots/turtlebot_virtual_lab/install/turtlebot4_ignition_bringup:/home/robotai/AutoRobots/turtlebot_virtual_lab/install/turtlebot4_ignition_toolbox:/home/robotai/AutoRobots/turtlebot_virtual_lab/install/turtlebot4_ignition_gui_plugins:${AMENT_PREFIX_PATH} CMAKE_PREFIX_PATH=/home/robotai/AutoRobots/turtlebot_virtual_lab/install/turtlebot4_ignition_bringup:/home/robotai/AutoRobots/turtlebot_virtual_lab/install/turtlebot4_ignition_toolbox:/home/robotai/AutoRobots/turtlebot_virtual_lab/install/turtlebot4_ignition_gui_plugins:/opt/ros/humble /usr/bin/cmake --install /home/robotai/AutoRobots/turtlebot_virtual_lab/build/turtlebot4_simulator
[24.494s] Level 1:colcon.colcon_core.environment:create_environment_scripts_only(turtlebot4_simulator)
[24.494s] Level 1:colcon.colcon_core.environment:checking '/home/robotai/AutoRobots/turtlebot_virtual_lab/install/turtlebot4_simulator' for CMake module files
[24.495s] DEBUG:colcon.colcon_core.event_handler.log_command:Invoked command in '/home/robotai/AutoRobots/turtlebot_virtual_lab/build/turtlebot4_simulator' returned '0': AMENT_PREFIX_PATH=/home/robotai/AutoRobots/turtlebot_virtual_lab/install/turtlebot4_ignition_bringup:/home/robotai/AutoRobots/turtlebot_virtual_lab/install/turtlebot4_ignition_toolbox:/home/robotai/AutoRobots/turtlebot_virtual_lab/install/turtlebot4_ignition_gui_plugins:${AMENT_PREFIX_PATH} CMAKE_PREFIX_PATH=/home/robotai/AutoRobots/turtlebot_virtual_lab/install/turtlebot4_ignition_bringup:/home/robotai/AutoRobots/turtlebot_virtual_lab/install/turtlebot4_ignition_toolbox:/home/robotai/AutoRobots/turtlebot_virtual_lab/install/turtlebot4_ignition_gui_plugins:/opt/ros/humble /usr/bin/cmake --install /home/robotai/AutoRobots/turtlebot_virtual_lab/build/turtlebot4_simulator
[24.495s] Level 1:colcon.colcon_core.environment:checking '/home/robotai/AutoRobots/turtlebot_virtual_lab/install/turtlebot4_simulator' for CMake config files
[24.495s] Level 1:colcon.colcon_core.shell:create_environment_hook('turtlebot4_simulator', 'cmake_prefix_path')
[24.495s] INFO:colcon.colcon_core.shell:Creating environment hook '/home/robotai/AutoRobots/turtlebot_virtual_lab/install/turtlebot4_simulator/share/turtlebot4_simulator/hook/cmake_prefix_path.ps1'
[24.496s] INFO:colcon.colcon_core.shell:Creating environment descriptor '/home/robotai/AutoRobots/turtlebot_virtual_lab/install/turtlebot4_simulator/share/turtlebot4_simulator/hook/cmake_prefix_path.dsv'
[24.496s] INFO:colcon.colcon_core.shell:Creating environment hook '/home/robotai/AutoRobots/turtlebot_virtual_lab/install/turtlebot4_simulator/share/turtlebot4_simulator/hook/cmake_prefix_path.sh'
[24.497s] Level 1:colcon.colcon_core.environment:checking '/home/robotai/AutoRobots/turtlebot_virtual_lab/install/turtlebot4_simulator/bin'
[24.497s] Level 1:colcon.colcon_core.environment:checking '/home/robotai/AutoRobots/turtlebot_virtual_lab/install/turtlebot4_simulator/lib/pkgconfig/turtlebot4_simulator.pc'
[24.497s] Level 1:colcon.colcon_core.environment:checking '/home/robotai/AutoRobots/turtlebot_virtual_lab/install/turtlebot4_simulator/lib/python3.10/site-packages'
[24.497s] Level 1:colcon.colcon_core.environment:checking '/home/robotai/AutoRobots/turtlebot_virtual_lab/install/turtlebot4_simulator/bin'
[24.498s] INFO:colcon.colcon_core.shell:Creating package script '/home/robotai/AutoRobots/turtlebot_virtual_lab/install/turtlebot4_simulator/share/turtlebot4_simulator/package.ps1'
[24.498s] INFO:colcon.colcon_core.shell:Creating package descriptor '/home/robotai/AutoRobots/turtlebot_virtual_lab/install/turtlebot4_simulator/share/turtlebot4_simulator/package.dsv'
[24.499s] INFO:colcon.colcon_core.shell:Creating package script '/home/robotai/AutoRobots/turtlebot_virtual_lab/install/turtlebot4_simulator/share/turtlebot4_simulator/package.sh'
[24.499s] INFO:colcon.colcon_core.shell:Creating package script '/home/robotai/AutoRobots/turtlebot_virtual_lab/install/turtlebot4_simulator/share/turtlebot4_simulator/package.bash'
[24.499s] INFO:colcon.colcon_core.shell:Creating package script '/home/robotai/AutoRobots/turtlebot_virtual_lab/install/turtlebot4_simulator/share/turtlebot4_simulator/package.zsh'
[24.500s] Level 1:colcon.colcon_core.environment:create_file_with_runtime_dependencies(/home/robotai/AutoRobots/turtlebot_virtual_lab/install/turtlebot4_simulator/share/colcon-core/packages/turtlebot4_simulator)
[24.500s] Level 1:colcon.colcon_core.environment:create_environment_scripts_only(turtlebot4_simulator)
[24.500s] Level 1:colcon.colcon_core.environment:checking '/home/robotai/AutoRobots/turtlebot_virtual_lab/install/turtlebot4_simulator' for CMake module files
[24.501s] Level 1:colcon.colcon_core.environment:checking '/home/robotai/AutoRobots/turtlebot_virtual_lab/install/turtlebot4_simulator' for CMake config files
[24.501s] Level 1:colcon.colcon_core.shell:create_environment_hook('turtlebot4_simulator', 'cmake_prefix_path')
[24.501s] INFO:colcon.colcon_core.shell:Creating environment hook '/home/robotai/AutoRobots/turtlebot_virtual_lab/install/turtlebot4_simulator/share/turtlebot4_simulator/hook/cmake_prefix_path.ps1'
[24.501s] INFO:colcon.colcon_core.shell:Creating environment descriptor '/home/robotai/AutoRobots/turtlebot_virtual_lab/install/turtlebot4_simulator/share/turtlebot4_simulator/hook/cmake_prefix_path.dsv'
[24.502s] INFO:colcon.colcon_core.shell:Creating environment hook '/home/robotai/AutoRobots/turtlebot_virtual_lab/install/turtlebot4_simulator/share/turtlebot4_simulator/hook/cmake_prefix_path.sh'
[24.502s] Level 1:colcon.colcon_core.environment:checking '/home/robotai/AutoRobots/turtlebot_virtual_lab/install/turtlebot4_simulator/bin'
[24.502s] Level 1:colcon.colcon_core.environment:checking '/home/robotai/AutoRobots/turtlebot_virtual_lab/install/turtlebot4_simulator/lib/pkgconfig/turtlebot4_simulator.pc'
[24.503s] Level 1:colcon.colcon_core.environment:checking '/home/robotai/AutoRobots/turtlebot_virtual_lab/install/turtlebot4_simulator/lib/python3.10/site-packages'
[24.503s] Level 1:colcon.colcon_core.environment:checking '/home/robotai/AutoRobots/turtlebot_virtual_lab/install/turtlebot4_simulator/bin'
[24.503s] INFO:colcon.colcon_core.shell:Creating package script '/home/robotai/AutoRobots/turtlebot_virtual_lab/install/turtlebot4_simulator/share/turtlebot4_simulator/package.ps1'
[24.504s] INFO:colcon.colcon_core.shell:Creating package descriptor '/home/robotai/AutoRobots/turtlebot_virtual_lab/install/turtlebot4_simulator/share/turtlebot4_simulator/package.dsv'
[24.504s] INFO:colcon.colcon_core.shell:Creating package script '/home/robotai/AutoRobots/turtlebot_virtual_lab/install/turtlebot4_simulator/share/turtlebot4_simulator/package.sh'
[24.505s] INFO:colcon.colcon_core.shell:Creating package script '/home/robotai/AutoRobots/turtlebot_virtual_lab/install/turtlebot4_simulator/share/turtlebot4_simulator/package.bash'
[24.505s] INFO:colcon.colcon_core.shell:Creating package script '/home/robotai/AutoRobots/turtlebot_virtual_lab/install/turtlebot4_simulator/share/turtlebot4_simulator/package.zsh'
[24.505s] Level 1:colcon.colcon_core.environment:create_file_with_runtime_dependencies(/home/robotai/AutoRobots/turtlebot_virtual_lab/install/turtlebot4_simulator/share/colcon-core/packages/turtlebot4_simulator)
[24.506s] DEBUG:colcon.colcon_parallel_executor.executor.parallel:closing loop
[24.506s] DEBUG:colcon.colcon_parallel_executor.executor.parallel:loop closed
[24.506s] DEBUG:colcon.colcon_parallel_executor.executor.parallel:run_until_complete finished with '0'
[24.506s] DEBUG:colcon.colcon_core.event_reactor:joining thread
[24.525s] INFO:colcon.colcon_core.plugin_system:Skipping extension 'colcon_notification.desktop_notification.terminal_notifier': Not used on non-Darwin systems
[24.525s] INFO:colcon.colcon_core.plugin_system:Skipping extension 'colcon_notification.desktop_notification.win32': Not used on non-Windows systems
[24.525s] INFO:colcon.colcon_notification.desktop_notification:Sending desktop notification using 'notify2'
[24.550s] DEBUG:colcon.colcon_core.event_reactor:joined thread
[24.550s] INFO:colcon.colcon_core.shell:Creating prefix script '/home/robotai/AutoRobots/turtlebot_virtual_lab/install/local_setup.ps1'
[24.555s] INFO:colcon.colcon_core.shell:Creating prefix util module '/home/robotai/AutoRobots/turtlebot_virtual_lab/install/_local_setup_util_ps1.py'
[24.559s] INFO:colcon.colcon_core.shell:Creating prefix chain script '/home/robotai/AutoRobots/turtlebot_virtual_lab/install/setup.ps1'
[24.561s] INFO:colcon.colcon_core.shell:Creating prefix script '/home/robotai/AutoRobots/turtlebot_virtual_lab/install/local_setup.sh'
[24.562s] INFO:colcon.colcon_core.shell:Creating prefix util module '/home/robotai/AutoRobots/turtlebot_virtual_lab/install/_local_setup_util_sh.py'
[24.563s] INFO:colcon.colcon_core.shell:Creating prefix chain script '/home/robotai/AutoRobots/turtlebot_virtual_lab/install/setup.sh'
[24.564s] INFO:colcon.colcon_core.shell:Creating prefix script '/home/robotai/AutoRobots/turtlebot_virtual_lab/install/local_setup.bash'
[24.568s] INFO:colcon.colcon_core.shell:Creating prefix chain script '/home/robotai/AutoRobots/turtlebot_virtual_lab/install/setup.bash'
[24.570s] INFO:colcon.colcon_core.shell:Creating prefix script '/home/robotai/AutoRobots/turtlebot_virtual_lab/install/local_setup.zsh'
[24.579s] INFO:colcon.colcon_core.shell:Creating prefix chain script '/home/robotai/AutoRobots/turtlebot_virtual_lab/install/setup.zsh'
