[0.019s] Invoking command in '/home/robotai/AutoRobots/SamLab5/build/tb4_cpp_prac5': CMAKE_PREFIX_PATH=/opt/ros/humble /usr/bin/cmake --build /home/robotai/AutoRobots/SamLab5/build/tb4_cpp_prac5 -- -j6 -l6
[0.098s] [35m[1mConsolidate compiler generated dependencies of target iar_amcl[0m
[0.126s] [100%] Built target iar_amcl
[0.141s] Invoked command in '/home/robotai/AutoRobots/SamLab5/build/tb4_cpp_prac5' returned '0': CMAKE_PREFIX_PATH=/opt/ros/humble /usr/bin/cmake --build /home/robotai/AutoRobots/SamLab5/build/tb4_cpp_prac5 -- -j6 -l6
[0.164s] Invoking command in '/home/robotai/AutoRobots/SamLab5/build/tb4_cpp_prac5': CMAKE_PREFIX_PATH=/opt/ros/humble /usr/bin/cmake --install /home/robotai/AutoRobots/SamLab5/build/tb4_cpp_prac5
[0.179s] -- Install configuration: ""
[0.179s] -- Up-to-date: /home/robotai/AutoRobots/SamLab5/install/tb4_cpp_prac5/lib/tb4_cpp_prac5/iar_amcl
[0.179s] -- Up-to-date: /home/robotai/AutoRobots/SamLab5/install/tb4_cpp_prac5/share/tb4_cpp_prac5//launch
[0.179s] -- Up-to-date: /home/robotai/AutoRobots/SamLab5/install/tb4_cpp_prac5/share/tb4_cpp_prac5//launch/localisation_launch.py
[0.179s] -- Up-to-date: /home/robotai/AutoRobots/SamLab5/install/tb4_cpp_prac5/share/tb4_cpp_prac5//config
[0.179s] -- Up-to-date: /home/robotai/AutoRobots/SamLab5/install/tb4_cpp_prac5/share/tb4_cpp_prac5//config/localisation.yaml
[0.179s] -- Up-to-date: /home/robotai/AutoRobots/SamLab5/install/tb4_cpp_prac5/share/tb4_cpp_prac5//map
[0.179s] -- Up-to-date: /home/robotai/AutoRobots/SamLab5/install/tb4_cpp_prac5/share/tb4_cpp_prac5//map/office_ICTE4001_sim.yaml
[0.179s] -- Up-to-date: /home/robotai/AutoRobots/SamLab5/install/tb4_cpp_prac5/share/tb4_cpp_prac5//map/office_ICTE4001_sim.pgm
[0.179s] -- Up-to-date: /home/robotai/AutoRobots/SamLab5/install/tb4_cpp_prac5/share/ament_index/resource_index/package_run_dependencies/tb4_cpp_prac5
[0.179s] -- Up-to-date: /home/robotai/AutoRobots/SamLab5/install/tb4_cpp_prac5/share/ament_index/resource_index/parent_prefix_path/tb4_cpp_prac5
[0.179s] -- Up-to-date: /home/robotai/AutoRobots/SamLab5/install/tb4_cpp_prac5/share/tb4_cpp_prac5/environment/ament_prefix_path.sh
[0.179s] -- Up-to-date: /home/robotai/AutoRobots/SamLab5/install/tb4_cpp_prac5/share/tb4_cpp_prac5/environment/ament_prefix_path.dsv
[0.179s] -- Up-to-date: /home/robotai/AutoRobots/SamLab5/install/tb4_cpp_prac5/share/tb4_cpp_prac5/environment/path.sh
[0.180s] -- Up-to-date: /home/robotai/AutoRobots/SamLab5/install/tb4_cpp_prac5/share/tb4_cpp_prac5/environment/path.dsv
[0.180s] -- Up-to-date: /home/robotai/AutoRobots/SamLab5/install/tb4_cpp_prac5/share/tb4_cpp_prac5/local_setup.bash
[0.180s] -- Up-to-date: /home/robotai/AutoRobots/SamLab5/install/tb4_cpp_prac5/share/tb4_cpp_prac5/local_setup.sh
[0.181s] -- Up-to-date: /home/robotai/AutoRobots/SamLab5/install/tb4_cpp_prac5/share/tb4_cpp_prac5/local_setup.zsh
[0.181s] -- Up-to-date: /home/robotai/AutoRobots/SamLab5/install/tb4_cpp_prac5/share/tb4_cpp_prac5/local_setup.dsv
[0.181s] -- Installing: /home/robotai/AutoRobots/SamLab5/install/tb4_cpp_prac5/share/tb4_cpp_prac5/package.dsv
[0.181s] -- Up-to-date: /home/robotai/AutoRobots/SamLab5/install/tb4_cpp_prac5/share/ament_index/resource_index/packages/tb4_cpp_prac5
[0.181s] -- Up-to-date: /home/robotai/AutoRobots/SamLab5/install/tb4_cpp_prac5/share/tb4_cpp_prac5/cmake/tb4_cpp_prac5Config.cmake
[0.181s] -- Up-to-date: /home/robotai/AutoRobots/SamLab5/install/tb4_cpp_prac5/share/tb4_cpp_prac5/cmake/tb4_cpp_prac5Config-version.cmake
[0.182s] -- Up-to-date: /home/robotai/AutoRobots/SamLab5/install/tb4_cpp_prac5/share/tb4_cpp_prac5/package.xml
[0.182s] Invoked command in '/home/robotai/AutoRobots/SamLab5/build/tb4_cpp_prac5' returned '0': CMAKE_PREFIX_PATH=/opt/ros/humble /usr/bin/cmake --install /home/robotai/AutoRobots/SamLab5/build/tb4_cpp_prac5
