-- Found ament_cmake: 1.3.14 (/opt/ros/humble/share/ament_cmake/cmake)
-- Found nav2_common: 1.1.20 (/opt/ros/humble/share/nav2_common/cmake)
-- Found rclcpp: 16.0.19 (/opt/ros/humble/share/rclcpp/cmake)
-- Found rosidl_generator_c: 3.1.9 (/opt/ros/humble/share/rosidl_generator_c/cmake)
-- Found rosidl_adapter: 3.1.9 (/opt/ros/humble/share/rosidl_adapter/cmake)
-- Found rosidl_generator_cpp: 3.1.9 (/opt/ros/humble/share/rosidl_generator_cpp/cmake)
-- Using all available rosidl_typesupport_c: rosidl_typesupport_fastrtps_c;rosidl_typesupport_introspection_c
-- Using all available rosidl_typesupport_cpp: rosidl_typesupport_fastrtps_cpp;rosidl_typesupport_introspection_cpp
-- Found rmw_implementation_cmake: 6.1.3 (/opt/ros/humble/share/rmw_implementation_cmake/cmake)
-- Found rmw_fastrtps_cpp: 6.2.10 (/opt/ros/humble/share/rmw_fastrtps_cpp/cmake)
-- Using RMW implementation 'rmw_fastrtps_cpp' as default
-- Found rclcpp_lifecycle: 16.0.19 (/opt/ros/humble/share/rclcpp_lifecycle/cmake)
-- Found message_filters: 4.3.19 (/opt/ros/humble/share/message_filters/cmake)
-- Found tf2_geometry_msgs: 0.25.22 (/opt/ros/humble/share/tf2_geometry_msgs/cmake)
-- Found eigen3_cmake_module: 0.1.1 (/opt/ros/humble/share/eigen3_cmake_module/cmake)
-- Ensuring Eigen3 include directory is part of orocos-kdl CMake target
-- Found nav_msgs: 4.9.2 (/opt/ros/humble/share/nav_msgs/cmake)
-- Found sensor_msgs: 4.9.2 (/opt/ros/humble/share/sensor_msgs/cmake)
-- Found std_srvs: 4.9.2 (/opt/ros/humble/share/std_srvs/cmake)
-- Found nav2_util: 1.1.20 (/opt/ros/humble/share/nav2_util/cmake)
-- Found nav2_amcl: 1.1.20 (/opt/ros/humble/share/nav2_amcl/cmake)
-- Found ament_lint_auto: 0.12.15 (/opt/ros/humble/share/ament_lint_auto/cmake)
-- Added test 'cppcheck' to perform static code analysis on C / C++ code
-- Configured cppcheck include dirs: /home/robotai/AutoRobots/SamLab5/tb4_cpp_prac5/tb4_cpp_prac5/include;$<BUILD_INTERFACE:/home/robotai/AutoRobots/SamLab5/tb4_cpp_prac5/tb4_cpp_prac5/include>
-- Configured cppcheck exclude dirs and/or files: 
-- Added test 'flake8' to check Python code syntax and style conventions
-- Added test 'lint_cmake' to check CMake code style
-- Added test 'pep257' to check Python code against some of the docstring style conventions in PEP 257
-- Added test 'uncrustify' to check C / C++ code style
-- Configured uncrustify additional arguments: 
-- Added test 'xmllint' to check XML markup files
-- Configuring done
-- Generating done
-- Build files have been written to: /home/robotai/AutoRobots/SamLab5/build/tb4_cpp_prac5
[35m[1mConsolidate compiler generated dependencies of target iar_amcl[0m
[ 25%] [32mBuilding CXX object CMakeFiles/iar_amcl.dir/src/main.cpp.o[0m
[ 50%] [32mBuilding CXX object CMakeFiles/iar_amcl.dir/src/likelihood_field_model.cpp.o[0m
[ 75%] [32mBuilding CXX object CMakeFiles/iar_amcl.dir/src/amcl_node.cpp.o[0m
[100%] [32m[1mLinking CXX executable iar_amcl[0m
[100%] Built target iar_amcl
-- Install configuration: ""
-- Installing: /home/robotai/AutoRobots/SamLab5/install/tb4_cpp_prac5/lib/tb4_cpp_prac5/iar_amcl
-- Set runtime path of "/home/robotai/AutoRobots/SamLab5/install/tb4_cpp_prac5/lib/tb4_cpp_prac5/iar_amcl" to ""
-- Up-to-date: /home/robotai/AutoRobots/SamLab5/install/tb4_cpp_prac5/share/tb4_cpp_prac5//launch
-- Up-to-date: /home/robotai/AutoRobots/SamLab5/install/tb4_cpp_prac5/share/tb4_cpp_prac5//launch/localisation_launch.py
-- Up-to-date: /home/robotai/AutoRobots/SamLab5/install/tb4_cpp_prac5/share/tb4_cpp_prac5//config
-- Up-to-date: /home/robotai/AutoRobots/SamLab5/install/tb4_cpp_prac5/share/tb4_cpp_prac5//config/localisation.yaml
-- Up-to-date: /home/robotai/AutoRobots/SamLab5/install/tb4_cpp_prac5/share/tb4_cpp_prac5//map
-- Up-to-date: /home/robotai/AutoRobots/SamLab5/install/tb4_cpp_prac5/share/tb4_cpp_prac5//map/lab_ICTE4001_Prac4.yaml
-- Up-to-date: /home/robotai/AutoRobots/SamLab5/install/tb4_cpp_prac5/share/tb4_cpp_prac5//map/office_ICTE4001_sim.yaml
-- Up-to-date: /home/robotai/AutoRobots/SamLab5/install/tb4_cpp_prac5/share/tb4_cpp_prac5//map/office_ICTE4001_sim.pgm
-- Up-to-date: /home/robotai/AutoRobots/SamLab5/install/tb4_cpp_prac5/share/tb4_cpp_prac5//map/lab_ICTE4001_Prac4.pgm
-- Up-to-date: /home/robotai/AutoRobots/SamLab5/install/tb4_cpp_prac5/share/ament_index/resource_index/package_run_dependencies/tb4_cpp_prac5
-- Installing: /home/robotai/AutoRobots/SamLab5/install/tb4_cpp_prac5/share/ament_index/resource_index/parent_prefix_path/tb4_cpp_prac5
-- Installing: /home/robotai/AutoRobots/SamLab5/install/tb4_cpp_prac5/share/tb4_cpp_prac5/environment/ament_prefix_path.sh
-- Installing: /home/robotai/AutoRobots/SamLab5/install/tb4_cpp_prac5/share/tb4_cpp_prac5/environment/ament_prefix_path.dsv
-- Installing: /home/robotai/AutoRobots/SamLab5/install/tb4_cpp_prac5/share/tb4_cpp_prac5/environment/path.sh
-- Installing: /home/robotai/AutoRobots/SamLab5/install/tb4_cpp_prac5/share/tb4_cpp_prac5/environment/path.dsv
-- Up-to-date: /home/robotai/AutoRobots/SamLab5/install/tb4_cpp_prac5/share/tb4_cpp_prac5/local_setup.bash
-- Up-to-date: /home/robotai/AutoRobots/SamLab5/install/tb4_cpp_prac5/share/tb4_cpp_prac5/local_setup.sh
-- Up-to-date: /home/robotai/AutoRobots/SamLab5/install/tb4_cpp_prac5/share/tb4_cpp_prac5/local_setup.zsh
-- Installing: /home/robotai/AutoRobots/SamLab5/install/tb4_cpp_prac5/share/tb4_cpp_prac5/local_setup.dsv
-- Installing: /home/robotai/AutoRobots/SamLab5/install/tb4_cpp_prac5/share/tb4_cpp_prac5/package.dsv
-- Up-to-date: /home/robotai/AutoRobots/SamLab5/install/tb4_cpp_prac5/share/ament_index/resource_index/packages/tb4_cpp_prac5
-- Up-to-date: /home/robotai/AutoRobots/SamLab5/install/tb4_cpp_prac5/share/tb4_cpp_prac5/cmake/tb4_cpp_prac5Config.cmake
-- Up-to-date: /home/robotai/AutoRobots/SamLab5/install/tb4_cpp_prac5/share/tb4_cpp_prac5/cmake/tb4_cpp_prac5Config-version.cmake
-- Up-to-date: /home/robotai/AutoRobots/SamLab5/install/tb4_cpp_prac5/share/tb4_cpp_prac5/package.xml
