[0.028s] Invoking command in '/home/robotai/AutoRobots/SamLab5/build/tb4_cpp_prac5': CMAKE_PREFIX_PATH=${CMAKE_PREFIX_PATH}:/opt/ros/humble /usr/bin/cmake --build /home/robotai/AutoRobots/SamLab5/build/tb4_cpp_prac5 -- -j6 -l6
[0.086s] -- Found ament_cmake: 1.3.14 (/opt/ros/humble/share/ament_cmake/cmake)
[0.355s] -- Found nav2_common: 1.1.20 (/opt/ros/humble/share/nav2_common/cmake)
[0.357s] -- Found rclcpp: 16.0.19 (/opt/ros/humble/share/rclcpp/cmake)
[0.655s] -- Found rosidl_generator_c: 3.1.9 (/opt/ros/humble/share/rosidl_generator_c/cmake)
[0.672s] -- Found rosidl_adapter: 3.1.9 (/opt/ros/humble/share/rosidl_adapter/cmake)
[0.739s] -- Found rosidl_generator_cpp: 3.1.9 (/opt/ros/humble/share/rosidl_generator_cpp/cmake)
[0.785s] -- Using all available rosidl_typesupport_c: rosidl_typesupport_fastrtps_c;rosidl_typesupport_introspection_c
[0.839s] -- Using all available rosidl_typesupport_cpp: rosidl_typesupport_fastrtps_cpp;rosidl_typesupport_introspection_cpp
[0.993s] -- Found rmw_implementation_cmake: 6.1.3 (/opt/ros/humble/share/rmw_implementation_cmake/cmake)
[1.009s] -- Found rmw_fastrtps_cpp: 6.2.10 (/opt/ros/humble/share/rmw_fastrtps_cpp/cmake)
[1.241s] -- Using RMW implementation 'rmw_fastrtps_cpp' as default
[1.433s] -- Found rclcpp_lifecycle: 16.0.19 (/opt/ros/humble/share/rclcpp_lifecycle/cmake)
[1.510s] -- Found message_filters: 4.3.19 (/opt/ros/humble/share/message_filters/cmake)
[1.515s] -- Found tf2_geometry_msgs: 0.25.22 (/opt/ros/humble/share/tf2_geometry_msgs/cmake)
[1.575s] -- Found eigen3_cmake_module: 0.1.1 (/opt/ros/humble/share/eigen3_cmake_module/cmake)
[1.577s] -- Ensuring Eigen3 include directory is part of orocos-kdl CMake target
[1.861s] -- Found nav_msgs: 4.9.2 (/opt/ros/humble/share/nav_msgs/cmake)
[1.903s] -- Found sensor_msgs: 4.9.2 (/opt/ros/humble/share/sensor_msgs/cmake)
[1.954s] -- Found std_srvs: 4.9.2 (/opt/ros/humble/share/std_srvs/cmake)
[1.991s] -- Found nav2_util: 1.1.20 (/opt/ros/humble/share/nav2_util/cmake)
[2.170s] -- Found nav2_amcl: 1.1.20 (/opt/ros/humble/share/nav2_amcl/cmake)
[2.439s] -- Found ament_lint_auto: 0.12.15 (/opt/ros/humble/share/ament_lint_auto/cmake)
[2.653s] -- Added test 'cppcheck' to perform static code analysis on C / C++ code
[2.653s] -- Configured cppcheck include dirs: /home/robotai/AutoRobots/SamLab5/tb4_cpp_prac5/tb4_cpp_prac5/include;$<BUILD_INTERFACE:/home/robotai/AutoRobots/SamLab5/tb4_cpp_prac5/tb4_cpp_prac5/include>
[2.653s] -- Configured cppcheck exclude dirs and/or files: 
[2.655s] -- Added test 'flake8' to check Python code syntax and style conventions
[2.656s] -- Added test 'lint_cmake' to check CMake code style
[2.660s] -- Added test 'pep257' to check Python code against some of the docstring style conventions in PEP 257
[2.670s] -- Added test 'uncrustify' to check C / C++ code style
[2.670s] -- Configured uncrustify additional arguments: 
[2.672s] -- Added test 'xmllint' to check XML markup files
[2.681s] -- Configuring done
[2.943s] -- Generating done
[2.959s] -- Build files have been written to: /home/robotai/AutoRobots/SamLab5/build/tb4_cpp_prac5
[3.020s] [35m[1mConsolidate compiler generated dependencies of target iar_amcl[0m
[3.227s] [ 25%] [32mBuilding CXX object CMakeFiles/iar_amcl.dir/src/main.cpp.o[0m
[9.499s] [ 50%] [32mBuilding CXX object CMakeFiles/iar_amcl.dir/src/likelihood_field_model.cpp.o[0m
[9.936s] [ 75%] [32mBuilding CXX object CMakeFiles/iar_amcl.dir/src/amcl_node.cpp.o[0m
[35.724s] [100%] [32m[1mLinking CXX executable iar_amcl[0m
[37.754s] [100%] Built target iar_amcl
[37.773s] Invoked command in '/home/robotai/AutoRobots/SamLab5/build/tb4_cpp_prac5' returned '0': CMAKE_PREFIX_PATH=${CMAKE_PREFIX_PATH}:/opt/ros/humble /usr/bin/cmake --build /home/robotai/AutoRobots/SamLab5/build/tb4_cpp_prac5 -- -j6 -l6
[37.785s] Invoking command in '/home/robotai/AutoRobots/SamLab5/build/tb4_cpp_prac5': CMAKE_PREFIX_PATH=${CMAKE_PREFIX_PATH}:/opt/ros/humble /usr/bin/cmake --install /home/robotai/AutoRobots/SamLab5/build/tb4_cpp_prac5
[37.799s] -- Install configuration: ""
[37.806s] -- Installing: /home/robotai/AutoRobots/SamLab5/install/tb4_cpp_prac5/lib/tb4_cpp_prac5/iar_amcl
[37.820s] -- Set runtime path of "/home/robotai/AutoRobots/SamLab5/install/tb4_cpp_prac5/lib/tb4_cpp_prac5/iar_amcl" to ""
[37.820s] -- Up-to-date: /home/robotai/AutoRobots/SamLab5/install/tb4_cpp_prac5/share/tb4_cpp_prac5//launch
[37.820s] -- Up-to-date: /home/robotai/AutoRobots/SamLab5/install/tb4_cpp_prac5/share/tb4_cpp_prac5//launch/localisation_launch.py
[37.820s] -- Up-to-date: /home/robotai/AutoRobots/SamLab5/install/tb4_cpp_prac5/share/tb4_cpp_prac5//config
[37.822s] -- Up-to-date: /home/robotai/AutoRobots/SamLab5/install/tb4_cpp_prac5/share/tb4_cpp_prac5//config/localisation.yaml
[37.822s] -- Up-to-date: /home/robotai/AutoRobots/SamLab5/install/tb4_cpp_prac5/share/tb4_cpp_prac5//map
[37.822s] -- Up-to-date: /home/robotai/AutoRobots/SamLab5/install/tb4_cpp_prac5/share/tb4_cpp_prac5//map/lab_ICTE4001_Prac4.yaml
[37.822s] -- Up-to-date: /home/robotai/AutoRobots/SamLab5/install/tb4_cpp_prac5/share/tb4_cpp_prac5//map/office_ICTE4001_sim.yaml
[37.822s] -- Up-to-date: /home/robotai/AutoRobots/SamLab5/install/tb4_cpp_prac5/share/tb4_cpp_prac5//map/office_ICTE4001_sim.pgm
[37.822s] -- Up-to-date: /home/robotai/AutoRobots/SamLab5/install/tb4_cpp_prac5/share/tb4_cpp_prac5//map/lab_ICTE4001_Prac4.pgm
[37.823s] -- Up-to-date: /home/robotai/AutoRobots/SamLab5/install/tb4_cpp_prac5/share/ament_index/resource_index/package_run_dependencies/tb4_cpp_prac5
[37.840s] -- Installing: /home/robotai/AutoRobots/SamLab5/install/tb4_cpp_prac5/share/ament_index/resource_index/parent_prefix_path/tb4_cpp_prac5
[37.840s] -- Installing: /home/robotai/AutoRobots/SamLab5/install/tb4_cpp_prac5/share/tb4_cpp_prac5/environment/ament_prefix_path.sh
[37.840s] -- Installing: /home/robotai/AutoRobots/SamLab5/install/tb4_cpp_prac5/share/tb4_cpp_prac5/environment/ament_prefix_path.dsv
[37.840s] -- Installing: /home/robotai/AutoRobots/SamLab5/install/tb4_cpp_prac5/share/tb4_cpp_prac5/environment/path.sh
[37.840s] -- Installing: /home/robotai/AutoRobots/SamLab5/install/tb4_cpp_prac5/share/tb4_cpp_prac5/environment/path.dsv
[37.841s] -- Up-to-date: /home/robotai/AutoRobots/SamLab5/install/tb4_cpp_prac5/share/tb4_cpp_prac5/local_setup.bash
[37.841s] -- Up-to-date: /home/robotai/AutoRobots/SamLab5/install/tb4_cpp_prac5/share/tb4_cpp_prac5/local_setup.sh
[37.841s] -- Up-to-date: /home/robotai/AutoRobots/SamLab5/install/tb4_cpp_prac5/share/tb4_cpp_prac5/local_setup.zsh
[37.841s] -- Installing: /home/robotai/AutoRobots/SamLab5/install/tb4_cpp_prac5/share/tb4_cpp_prac5/local_setup.dsv
[37.841s] -- Installing: /home/robotai/AutoRobots/SamLab5/install/tb4_cpp_prac5/share/tb4_cpp_prac5/package.dsv
[37.841s] -- Up-to-date: /home/robotai/AutoRobots/SamLab5/install/tb4_cpp_prac5/share/ament_index/resource_index/packages/tb4_cpp_prac5
[37.841s] -- Up-to-date: /home/robotai/AutoRobots/SamLab5/install/tb4_cpp_prac5/share/tb4_cpp_prac5/cmake/tb4_cpp_prac5Config.cmake
[37.846s] -- Up-to-date: /home/robotai/AutoRobots/SamLab5/install/tb4_cpp_prac5/share/tb4_cpp_prac5/cmake/tb4_cpp_prac5Config-version.cmake
[37.846s] -- Up-to-date: /home/robotai/AutoRobots/SamLab5/install/tb4_cpp_prac5/share/tb4_cpp_prac5/package.xml
[37.849s] Invoked command in '/home/robotai/AutoRobots/SamLab5/build/tb4_cpp_prac5' returned '0': CMAKE_PREFIX_PATH=${CMAKE_PREFIX_PATH}:/opt/ros/humble /usr/bin/cmake --install /home/robotai/AutoRobots/SamLab5/build/tb4_cpp_prac5
