[1.287s] DEBUG:colcon:Command line arguments: ['/usr/bin/colcon', 'build']
[1.287s] DEBUG:colcon:Parsed command line arguments: Namespace(log_base=None, log_level=None, verb_name='build', build_base='build', install_base='install', merge_install=False, symlink_install=False, test_result_base=None, continue_on_error=False, executor='parallel', parallel_workers=6, event_handlers=None, ignore_user_meta=False, metas=['./colcon.meta'], base_paths=['.'], packages_ignore=None, packages_ignore_regex=None, paths=None, packages_up_to=None, packages_up_to_regex=None, packages_above=None, packages_above_and_dependencies=None, packages_above_depth=None, packages_select_by_dep=None, packages_skip_by_dep=None, packages_skip_up_to=None, packages_select_build_failed=False, packages_skip_build_finished=False, packages_select_test_failures=False, packages_skip_test_passed=False, packages_select=None, packages_skip=None, packages_select_regex=None, packages_skip_regex=None, packages_start=None, packages_end=None, allow_overriding=[], cmake_args=None, cmake_target=None, cmake_target_skip_unavailable=False, cmake_clean_cache=False, cmake_clean_first=False, cmake_force_configure=False, ament_cmake_args=None, catkin_cmake_args=None, catkin_skip_building_tests=False, mixin_files=None, mixin=None, verb_parser=<colcon_mixin.mixin.mixin_argument.MixinArgumentDecorator object at 0x782a66a4e0b0>, verb_extension=<colcon_core.verb.build.BuildVerb object at 0x782a66a4da20>, main=<bound method BuildVerb.main of <colcon_core.verb.build.BuildVerb object at 0x782a66a4da20>>, mixin_verb=('build',))
[5.338s] Level 1:colcon.colcon_core.package_discovery:discover_packages(colcon_meta) check parameters
[5.339s] Level 1:colcon.colcon_core.package_discovery:discover_packages(recursive) check parameters
[5.339s] Level 1:colcon.colcon_core.package_discovery:discover_packages(ignore) check parameters
[5.339s] Level 1:colcon.colcon_core.package_discovery:discover_packages(path) check parameters
[5.339s] Level 1:colcon.colcon_core.package_discovery:discover_packages(colcon_meta) discover
[5.339s] Level 1:colcon.colcon_core.package_discovery:discover_packages(recursive) discover
[5.339s] INFO:colcon.colcon_core.package_discovery:Crawling recursively for packages in '/home/robotai/AutoRobots/SamLab7'
[5.339s] Level 1:colcon.colcon_core.package_identification:_identify(.) by extensions ['ignore', 'ignore_ament_install']
[5.339s] Level 1:colcon.colcon_core.package_identification:_identify(.) by extension 'ignore'
[5.339s] Level 1:colcon.colcon_core.package_identification:_identify(.) by extension 'ignore_ament_install'
[5.339s] Level 1:colcon.colcon_core.package_identification:_identify(.) by extensions ['colcon_pkg']
[5.339s] Level 1:colcon.colcon_core.package_identification:_identify(.) by extension 'colcon_pkg'
[5.339s] Level 1:colcon.colcon_core.package_identification:_identify(.) by extensions ['colcon_meta']
[5.339s] Level 1:colcon.colcon_core.package_identification:_identify(.) by extension 'colcon_meta'
[5.339s] Level 1:colcon.colcon_core.package_identification:_identify(.) by extensions ['ros']
[5.339s] Level 1:colcon.colcon_core.package_identification:_identify(.) by extension 'ros'
[5.522s] Level 1:colcon.colcon_core.package_identification:_identify(.) by extensions ['cmake', 'python']
[5.522s] Level 1:colcon.colcon_core.package_identification:_identify(.) by extension 'cmake'
[5.522s] Level 1:colcon.colcon_core.package_identification:_identify(.) by extension 'python'
[5.522s] Level 1:colcon.colcon_core.package_identification:_identify(.) by extensions ['python_setup_py']
[5.522s] Level 1:colcon.colcon_core.package_identification:_identify(.) by extension 'python_setup_py'
[5.522s] Level 1:colcon.colcon_core.package_identification:_identify(build) by extensions ['ignore', 'ignore_ament_install']
[5.522s] Level 1:colcon.colcon_core.package_identification:_identify(build) by extension 'ignore'
[5.522s] Level 1:colcon.colcon_core.package_identification:_identify(build) ignored
[5.522s] Level 1:colcon.colcon_core.package_identification:_identify(install) by extensions ['ignore', 'ignore_ament_install']
[5.522s] Level 1:colcon.colcon_core.package_identification:_identify(install) by extension 'ignore'
[5.523s] Level 1:colcon.colcon_core.package_identification:_identify(install) ignored
[5.523s] Level 1:colcon.colcon_core.package_identification:_identify(log) by extensions ['ignore', 'ignore_ament_install']
[5.523s] Level 1:colcon.colcon_core.package_identification:_identify(log) by extension 'ignore'
[5.523s] Level 1:colcon.colcon_core.package_identification:_identify(log) ignored
[5.523s] Level 1:colcon.colcon_core.package_identification:_identify(tb4_cpp_prac7) by extensions ['ignore', 'ignore_ament_install']
[5.523s] Level 1:colcon.colcon_core.package_identification:_identify(tb4_cpp_prac7) by extension 'ignore'
[5.523s] Level 1:colcon.colcon_core.package_identification:_identify(tb4_cpp_prac7) by extension 'ignore_ament_install'
[5.523s] Level 1:colcon.colcon_core.package_identification:_identify(tb4_cpp_prac7) by extensions ['colcon_pkg']
[5.523s] Level 1:colcon.colcon_core.package_identification:_identify(tb4_cpp_prac7) by extension 'colcon_pkg'
[5.523s] Level 1:colcon.colcon_core.package_identification:_identify(tb4_cpp_prac7) by extensions ['colcon_meta']
[5.523s] Level 1:colcon.colcon_core.package_identification:_identify(tb4_cpp_prac7) by extension 'colcon_meta'
[5.523s] Level 1:colcon.colcon_core.package_identification:_identify(tb4_cpp_prac7) by extensions ['ros']
[5.523s] Level 1:colcon.colcon_core.package_identification:_identify(tb4_cpp_prac7) by extension 'ros'
[5.523s] Level 1:colcon.colcon_core.package_identification:_identify(tb4_cpp_prac7) by extensions ['cmake', 'python']
[5.523s] Level 1:colcon.colcon_core.package_identification:_identify(tb4_cpp_prac7) by extension 'cmake'
[5.523s] Level 1:colcon.colcon_core.package_identification:_identify(tb4_cpp_prac7) by extension 'python'
[5.523s] Level 1:colcon.colcon_core.package_identification:_identify(tb4_cpp_prac7) by extensions ['python_setup_py']
[5.523s] Level 1:colcon.colcon_core.package_identification:_identify(tb4_cpp_prac7) by extension 'python_setup_py'
[5.523s] Level 1:colcon.colcon_core.package_identification:_identify(tb4_cpp_prac7/tb4_cpp_prac7) by extensions ['ignore', 'ignore_ament_install']
[5.523s] Level 1:colcon.colcon_core.package_identification:_identify(tb4_cpp_prac7/tb4_cpp_prac7) by extension 'ignore'
[5.523s] Level 1:colcon.colcon_core.package_identification:_identify(tb4_cpp_prac7/tb4_cpp_prac7) by extension 'ignore_ament_install'
[5.523s] Level 1:colcon.colcon_core.package_identification:_identify(tb4_cpp_prac7/tb4_cpp_prac7) by extensions ['colcon_pkg']
[5.523s] Level 1:colcon.colcon_core.package_identification:_identify(tb4_cpp_prac7/tb4_cpp_prac7) by extension 'colcon_pkg'
[5.524s] Level 1:colcon.colcon_core.package_identification:_identify(tb4_cpp_prac7/tb4_cpp_prac7) by extensions ['colcon_meta']
[5.524s] Level 1:colcon.colcon_core.package_identification:_identify(tb4_cpp_prac7/tb4_cpp_prac7) by extension 'colcon_meta'
[5.524s] Level 1:colcon.colcon_core.package_identification:_identify(tb4_cpp_prac7/tb4_cpp_prac7) by extensions ['ros']
[5.524s] Level 1:colcon.colcon_core.package_identification:_identify(tb4_cpp_prac7/tb4_cpp_prac7) by extension 'ros'
[5.529s] DEBUG:colcon.colcon_core.package_identification:Package 'tb4_cpp_prac7/tb4_cpp_prac7' with type 'ros.ament_cmake' and name 'tb4_cpp_prac7'
[5.530s] Level 1:colcon.colcon_core.package_discovery:discover_packages(recursive) using defaults
[5.530s] Level 1:colcon.colcon_core.package_discovery:discover_packages(ignore) discover
[5.530s] Level 1:colcon.colcon_core.package_discovery:discover_packages(ignore) using defaults
[5.530s] Level 1:colcon.colcon_core.package_discovery:discover_packages(path) discover
[5.530s] Level 1:colcon.colcon_core.package_discovery:discover_packages(path) using defaults
[6.170s] Level 1:colcon.colcon_core.package_discovery:discover_packages(prefix_path) check parameters
[6.170s] Level 1:colcon.colcon_core.package_discovery:discover_packages(prefix_path) discover
[6.206s] DEBUG:colcon.colcon_installed_package_information.package_discovery:Found 389 installed packages in /opt/ros/humble
[6.208s] Level 1:colcon.colcon_core.package_discovery:discover_packages(prefix_path) using defaults
[6.263s] Level 5:colcon.colcon_core.verb:set package 'tb4_cpp_prac7' build argument 'cmake_args' from command line to 'None'
[6.263s] Level 5:colcon.colcon_core.verb:set package 'tb4_cpp_prac7' build argument 'cmake_target' from command line to 'None'
[6.263s] Level 5:colcon.colcon_core.verb:set package 'tb4_cpp_prac7' build argument 'cmake_target_skip_unavailable' from command line to 'False'
[6.263s] Level 5:colcon.colcon_core.verb:set package 'tb4_cpp_prac7' build argument 'cmake_clean_cache' from command line to 'False'
[6.263s] Level 5:colcon.colcon_core.verb:set package 'tb4_cpp_prac7' build argument 'cmake_clean_first' from command line to 'False'
[6.263s] Level 5:colcon.colcon_core.verb:set package 'tb4_cpp_prac7' build argument 'cmake_force_configure' from command line to 'False'
[6.263s] Level 5:colcon.colcon_core.verb:set package 'tb4_cpp_prac7' build argument 'ament_cmake_args' from command line to 'None'
[6.263s] Level 5:colcon.colcon_core.verb:set package 'tb4_cpp_prac7' build argument 'catkin_cmake_args' from command line to 'None'
[6.263s] Level 5:colcon.colcon_core.verb:set package 'tb4_cpp_prac7' build argument 'catkin_skip_building_tests' from command line to 'False'
[6.263s] DEBUG:colcon.colcon_core.verb:Building package 'tb4_cpp_prac7' with the following arguments: {'ament_cmake_args': None, 'build_base': '/home/robotai/AutoRobots/SamLab7/build/tb4_cpp_prac7', 'catkin_cmake_args': None, 'catkin_skip_building_tests': False, 'cmake_args': None, 'cmake_clean_cache': False, 'cmake_clean_first': False, 'cmake_force_configure': False, 'cmake_target': None, 'cmake_target_skip_unavailable': False, 'install_base': '/home/robotai/AutoRobots/SamLab7/install/tb4_cpp_prac7', 'merge_install': False, 'path': '/home/robotai/AutoRobots/SamLab7/tb4_cpp_prac7/tb4_cpp_prac7', 'symlink_install': False, 'test_result_base': None}
[6.263s] INFO:colcon.colcon_core.executor:Executing jobs using 'parallel' executor
[6.264s] DEBUG:colcon.colcon_parallel_executor.executor.parallel:run_until_complete
[6.265s] INFO:colcon.colcon_ros.task.ament_cmake.build:Building ROS package in '/home/robotai/AutoRobots/SamLab7/tb4_cpp_prac7/tb4_cpp_prac7' with build type 'ament_cmake'
[6.265s] INFO:colcon.colcon_cmake.task.cmake.build:Building CMake package in '/home/robotai/AutoRobots/SamLab7/tb4_cpp_prac7/tb4_cpp_prac7'
[6.277s] INFO:colcon.colcon_core.plugin_system:Skipping extension 'colcon_core.shell.bat': Not used on non-Windows systems
[6.277s] INFO:colcon.colcon_core.shell:Skip shell extension 'powershell' for command environment: Not usable outside of PowerShell
[6.277s] DEBUG:colcon.colcon_core.shell:Skip shell extension 'dsv' for command environment
[6.311s] DEBUG:colcon.colcon_core.event_handler.log_command:Invoking command in '/home/robotai/AutoRobots/SamLab7/build/tb4_cpp_prac7': CMAKE_PREFIX_PATH=/opt/ros/humble /usr/bin/cmake /home/robotai/AutoRobots/SamLab7/tb4_cpp_prac7/tb4_cpp_prac7 -DCMAKE_INSTALL_PREFIX=/home/robotai/AutoRobots/SamLab7/install/tb4_cpp_prac7
[17.999s] DEBUG:colcon.colcon_core.event_handler.log_command:Invoked command in '/home/robotai/AutoRobots/SamLab7/build/tb4_cpp_prac7' returned '0': CMAKE_PREFIX_PATH=/opt/ros/humble /usr/bin/cmake /home/robotai/AutoRobots/SamLab7/tb4_cpp_prac7/tb4_cpp_prac7 -DCMAKE_INSTALL_PREFIX=/home/robotai/AutoRobots/SamLab7/install/tb4_cpp_prac7
[18.001s] DEBUG:colcon.colcon_core.event_handler.log_command:Invoking command in '/home/robotai/AutoRobots/SamLab7/build/tb4_cpp_prac7': CMAKE_PREFIX_PATH=/opt/ros/humble /usr/bin/cmake --build /home/robotai/AutoRobots/SamLab7/build/tb4_cpp_prac7 -- -j6 -l6
[29.620s] DEBUG:colcon.colcon_core.event_handler.log_command:Invoked command in '/home/robotai/AutoRobots/SamLab7/build/tb4_cpp_prac7' returned '2': CMAKE_PREFIX_PATH=/opt/ros/humble /usr/bin/cmake --build /home/robotai/AutoRobots/SamLab7/build/tb4_cpp_prac7 -- -j6 -l6
[29.621s] Level 1:colcon.colcon_core.environment:create_environment_scripts_only(tb4_cpp_prac7)
[29.657s] Level 1:colcon.colcon_core.environment:checking '/home/robotai/AutoRobots/SamLab7/install/tb4_cpp_prac7' for CMake module files
[29.657s] Level 1:colcon.colcon_core.environment:checking '/home/robotai/AutoRobots/SamLab7/install/tb4_cpp_prac7' for CMake config files
[29.658s] Level 1:colcon.colcon_core.environment:checking '/home/robotai/AutoRobots/SamLab7/install/tb4_cpp_prac7/bin'
[29.658s] Level 1:colcon.colcon_core.environment:checking '/home/robotai/AutoRobots/SamLab7/install/tb4_cpp_prac7/lib/pkgconfig/tb4_cpp_prac7.pc'
[29.659s] Level 1:colcon.colcon_core.environment:checking '/home/robotai/AutoRobots/SamLab7/install/tb4_cpp_prac7/lib/python3.10/site-packages'
[29.659s] Level 1:colcon.colcon_core.environment:checking '/home/robotai/AutoRobots/SamLab7/install/tb4_cpp_prac7/bin'
[29.659s] INFO:colcon.colcon_core.shell:Creating package script '/home/robotai/AutoRobots/SamLab7/install/tb4_cpp_prac7/share/tb4_cpp_prac7/package.ps1'
[29.662s] INFO:colcon.colcon_core.shell:Creating package descriptor '/home/robotai/AutoRobots/SamLab7/install/tb4_cpp_prac7/share/tb4_cpp_prac7/package.dsv'
[29.692s] INFO:colcon.colcon_core.shell:Creating package script '/home/robotai/AutoRobots/SamLab7/install/tb4_cpp_prac7/share/tb4_cpp_prac7/package.sh'
[29.694s] INFO:colcon.colcon_core.shell:Creating package script '/home/robotai/AutoRobots/SamLab7/install/tb4_cpp_prac7/share/tb4_cpp_prac7/package.bash'
[29.698s] INFO:colcon.colcon_core.shell:Creating package script '/home/robotai/AutoRobots/SamLab7/install/tb4_cpp_prac7/share/tb4_cpp_prac7/package.zsh'
[29.700s] Level 1:colcon.colcon_core.environment:create_file_with_runtime_dependencies(/home/robotai/AutoRobots/SamLab7/install/tb4_cpp_prac7/share/colcon-core/packages/tb4_cpp_prac7)
[29.710s] DEBUG:colcon.colcon_parallel_executor.executor.parallel:closing loop
[29.711s] DEBUG:colcon.colcon_parallel_executor.executor.parallel:loop closed
[29.711s] DEBUG:colcon.colcon_parallel_executor.executor.parallel:run_until_complete finished with '2'
[29.711s] DEBUG:colcon.colcon_core.event_reactor:joining thread
[29.729s] INFO:colcon.colcon_core.plugin_system:Skipping extension 'colcon_notification.desktop_notification.terminal_notifier': Not used on non-Darwin systems
[29.729s] INFO:colcon.colcon_core.plugin_system:Skipping extension 'colcon_notification.desktop_notification.win32': Not used on non-Windows systems
[29.729s] INFO:colcon.colcon_notification.desktop_notification:Sending desktop notification using 'notify2'
[29.750s] DEBUG:colcon.colcon_core.event_reactor:joined thread
[29.750s] INFO:colcon.colcon_core.shell:Creating prefix script '/home/robotai/AutoRobots/SamLab7/install/local_setup.ps1'
[29.752s] INFO:colcon.colcon_core.shell:Creating prefix util module '/home/robotai/AutoRobots/SamLab7/install/_local_setup_util_ps1.py'
[29.754s] INFO:colcon.colcon_core.shell:Creating prefix chain script '/home/robotai/AutoRobots/SamLab7/install/setup.ps1'
[29.756s] INFO:colcon.colcon_core.shell:Creating prefix script '/home/robotai/AutoRobots/SamLab7/install/local_setup.sh'
[29.757s] INFO:colcon.colcon_core.shell:Creating prefix util module '/home/robotai/AutoRobots/SamLab7/install/_local_setup_util_sh.py'
[29.758s] INFO:colcon.colcon_core.shell:Creating prefix chain script '/home/robotai/AutoRobots/SamLab7/install/setup.sh'
[29.759s] INFO:colcon.colcon_core.shell:Creating prefix script '/home/robotai/AutoRobots/SamLab7/install/local_setup.bash'
[29.762s] INFO:colcon.colcon_core.shell:Creating prefix chain script '/home/robotai/AutoRobots/SamLab7/install/setup.bash'
[29.765s] INFO:colcon.colcon_core.shell:Creating prefix script '/home/robotai/AutoRobots/SamLab7/install/local_setup.zsh'
[29.767s] INFO:colcon.colcon_core.shell:Creating prefix chain script '/home/robotai/AutoRobots/SamLab7/install/setup.zsh'
