[0.012s] Invoking command in '/home/robotai/AutoRobots/SamLab1/tb4_ws/build/tb4_cpp_prac1': CMAKE_PREFIX_PATH=${CMAKE_PREFIX_PATH}:/opt/ros/humble /usr/bin/cmake --build /home/robotai/AutoRobots/SamLab1/tb4_ws/build/tb4_cpp_prac1 -- -j6 -l6
[0.038s] -- Found ament_cmake: 1.3.14 (/opt/ros/humble/share/ament_cmake/cmake)
[0.165s] -- Found rclcpp: 16.0.19 (/opt/ros/humble/share/rclcpp/cmake)
[0.191s] -- Found rosidl_generator_c: 3.1.9 (/opt/ros/humble/share/rosidl_generator_c/cmake)
[0.193s] -- Found rosidl_adapter: 3.1.9 (/opt/ros/humble/share/rosidl_adapter/cmake)
[0.199s] -- Found rosidl_generator_cpp: 3.1.9 (/opt/ros/humble/share/rosidl_generator_cpp/cmake)
[0.207s] -- Using all available rosidl_typesupport_c: rosidl_typesupport_fastrtps_c;rosidl_typesupport_introspection_c
[0.218s] -- Using all available rosidl_typesupport_cpp: rosidl_typesupport_fastrtps_cpp;rosidl_typesupport_introspection_cpp
[0.246s] -- Found rmw_implementation_cmake: 6.1.2 (/opt/ros/humble/share/rmw_implementation_cmake/cmake)
[0.247s] -- Found rmw_fastrtps_cpp: 6.2.10 (/opt/ros/humble/share/rmw_fastrtps_cpp/cmake)
[0.347s] -- Using RMW implementation 'rmw_fastrtps_cpp' as default
[0.395s] -- Found irobot_create_msgs: 2.1.0 (/opt/ros/humble/share/irobot_create_msgs/cmake)
[0.445s] -- Found std_srvs: 4.9.1 (/opt/ros/humble/share/std_srvs/cmake)
[0.455s] -- Found ament_lint_auto: 0.12.15 (/opt/ros/humble/share/ament_lint_auto/cmake)
[0.526s] -- Added test 'cppcheck' to perform static code analysis on C / C++ code
[0.527s] -- Configured cppcheck include dirs: $<BUILD_INTERFACE:/home/robotai/AutoRobots/SamLab1/tb4_ws/src/tb4_cpp_prac1/include>
[0.527s] -- Configured cppcheck exclude dirs and/or files: 
[0.527s] -- Added test 'lint_cmake' to check CMake code style
[0.527s] -- Added test 'uncrustify' to check C / C++ code style
[0.527s] -- Configured uncrustify additional arguments: 
[0.527s] -- Added test 'xmllint' to check XML markup files
[0.528s] -- Configuring done
[0.559s] -- Generating done
[0.563s] -- Build files have been written to: /home/robotai/AutoRobots/SamLab1/tb4_ws/build/tb4_cpp_prac1
[0.592s] [35m[1mConsolidate compiler generated dependencies of target tb4_cpp_node[0m
[0.601s] [ 25%] [32mBuilding CXX object CMakeFiles/tb4_cpp_srv_server.dir/src/tb4_cpp_srv_server.cpp.o[0m
[0.608s] [ 75%] Built target tb4_cpp_node
[4.062s] [100%] [32m[1mLinking CXX executable tb4_cpp_srv_server[0m
[4.208s] /usr/bin/ld: /usr/lib/gcc/x86_64-linux-gnu/12/../../../x86_64-linux-gnu/Scrt1.o: in function `_start':
[4.208s] (.text+0x1b): undefined reference to `main'
[4.213s] collect2: error: ld returned 1 exit status
[4.215s] gmake[2]: *** [CMakeFiles/tb4_cpp_srv_server.dir/build.make:199: tb4_cpp_srv_server] Error 1
[4.215s] gmake[1]: *** [CMakeFiles/Makefile2:165: CMakeFiles/tb4_cpp_srv_server.dir/all] Error 2
[4.215s] gmake: *** [Makefile:146: all] Error 2
[4.218s] Invoked command in '/home/robotai/AutoRobots/SamLab1/tb4_ws/build/tb4_cpp_prac1' returned '2': CMAKE_PREFIX_PATH=${CMAKE_PREFIX_PATH}:/opt/ros/humble /usr/bin/cmake --build /home/robotai/AutoRobots/SamLab1/tb4_ws/build/tb4_cpp_prac1 -- -j6 -l6
