[0.012s] Invoking command in '/home/robotai/AutoRobots/SamLab1/tb4_ws/build/tb4_cpp_prac1': CMAKE_PREFIX_PATH=${CMAKE_PREFIX_PATH}:/opt/ros/humble /usr/bin/cmake --build /home/robotai/AutoRobots/SamLab1/tb4_ws/build/tb4_cpp_prac1 -- -j6 -l6
[0.057s] [35m[1mConsolidate compiler generated dependencies of target tb4_cpp_srv_server[0m
[0.072s] [ 50%] Built target tb4_cpp_node
[0.073s] [ 75%] [32mBuilding CXX object CMakeFiles/tb4_cpp_srv_server.dir/src/tb4_cpp_srv_server.cpp.o[0m
[5.207s] [100%] [32m[1mLinking CXX executable tb4_cpp_srv_server[0m
[5.423s] [100%] Built target tb4_cpp_srv_server
[5.439s] Invoked command in '/home/robotai/AutoRobots/SamLab1/tb4_ws/build/tb4_cpp_prac1' returned '0': CMAKE_PREFIX_PATH=${CMAKE_PREFIX_PATH}:/opt/ros/humble /usr/bin/cmake --build /home/robotai/AutoRobots/SamLab1/tb4_ws/build/tb4_cpp_prac1 -- -j6 -l6
[5.448s] Invoking command in '/home/robotai/AutoRobots/SamLab1/tb4_ws/build/tb4_cpp_prac1': CMAKE_PREFIX_PATH=${CMAKE_PREFIX_PATH}:/opt/ros/humble /usr/bin/cmake --install /home/robotai/AutoRobots/SamLab1/tb4_ws/build/tb4_cpp_prac1
[5.456s] -- Install configuration: ""
[5.456s] -- Up-to-date: /home/robotai/AutoRobots/SamLab1/tb4_ws/install/tb4_cpp_prac1/lib/tb4_cpp_prac1/tb4_cpp_node
[5.456s] -- Installing: /home/robotai/AutoRobots/SamLab1/tb4_ws/install/tb4_cpp_prac1/lib/tb4_cpp_prac1/tb4_cpp_srv_server
[5.458s] -- Set runtime path of "/home/robotai/AutoRobots/SamLab1/tb4_ws/install/tb4_cpp_prac1/lib/tb4_cpp_prac1/tb4_cpp_srv_server" to ""
[5.458s] -- Installing: /home/robotai/AutoRobots/SamLab1/tb4_ws/install/tb4_cpp_prac1/share/ament_index/resource_index/package_run_dependencies/tb4_cpp_prac1
[5.459s] -- Installing: /home/robotai/AutoRobots/SamLab1/tb4_ws/install/tb4_cpp_prac1/share/ament_index/resource_index/parent_prefix_path/tb4_cpp_prac1
[5.459s] -- Up-to-date: /home/robotai/AutoRobots/SamLab1/tb4_ws/install/tb4_cpp_prac1/share/tb4_cpp_prac1/environment/ament_prefix_path.sh
[5.459s] -- Installing: /home/robotai/AutoRobots/SamLab1/tb4_ws/install/tb4_cpp_prac1/share/tb4_cpp_prac1/environment/ament_prefix_path.dsv
[5.459s] -- Up-to-date: /home/robotai/AutoRobots/SamLab1/tb4_ws/install/tb4_cpp_prac1/share/tb4_cpp_prac1/environment/path.sh
[5.459s] -- Installing: /home/robotai/AutoRobots/SamLab1/tb4_ws/install/tb4_cpp_prac1/share/tb4_cpp_prac1/environment/path.dsv
[5.459s] -- Up-to-date: /home/robotai/AutoRobots/SamLab1/tb4_ws/install/tb4_cpp_prac1/share/tb4_cpp_prac1/local_setup.bash
[5.459s] -- Up-to-date: /home/robotai/AutoRobots/SamLab1/tb4_ws/install/tb4_cpp_prac1/share/tb4_cpp_prac1/local_setup.sh
[5.459s] -- Up-to-date: /home/robotai/AutoRobots/SamLab1/tb4_ws/install/tb4_cpp_prac1/share/tb4_cpp_prac1/local_setup.zsh
[5.459s] -- Installing: /home/robotai/AutoRobots/SamLab1/tb4_ws/install/tb4_cpp_prac1/share/tb4_cpp_prac1/local_setup.dsv
[5.459s] -- Installing: /home/robotai/AutoRobots/SamLab1/tb4_ws/install/tb4_cpp_prac1/share/tb4_cpp_prac1/package.dsv
[5.459s] -- Up-to-date: /home/robotai/AutoRobots/SamLab1/tb4_ws/install/tb4_cpp_prac1/share/ament_index/resource_index/packages/tb4_cpp_prac1
[5.459s] -- Up-to-date: /home/robotai/AutoRobots/SamLab1/tb4_ws/install/tb4_cpp_prac1/share/tb4_cpp_prac1/cmake/tb4_cpp_prac1Config.cmake
[5.459s] -- Up-to-date: /home/robotai/AutoRobots/SamLab1/tb4_ws/install/tb4_cpp_prac1/share/tb4_cpp_prac1/cmake/tb4_cpp_prac1Config-version.cmake
[5.459s] -- Installing: /home/robotai/AutoRobots/SamLab1/tb4_ws/install/tb4_cpp_prac1/share/tb4_cpp_prac1/package.xml
[5.462s] Invoked command in '/home/robotai/AutoRobots/SamLab1/tb4_ws/build/tb4_cpp_prac1' returned '0': CMAKE_PREFIX_PATH=${CMAKE_PREFIX_PATH}:/opt/ros/humble /usr/bin/cmake --install /home/robotai/AutoRobots/SamLab1/tb4_ws/build/tb4_cpp_prac1
