[0.549s] DEBUG:colcon:Command line arguments: ['/usr/bin/colcon', 'build']
[0.549s] DEBUG:colcon:Parsed command line arguments: Namespace(log_base=None, log_level=None, verb_name='build', build_base='build', install_base='install', merge_install=False, symlink_install=False, test_result_base=None, continue_on_error=False, executor='parallel', parallel_workers=6, event_handlers=None, ignore_user_meta=False, metas=['./colcon.meta'], base_paths=['.'], packages_ignore=None, packages_ignore_regex=None, paths=None, packages_up_to=None, packages_up_to_regex=None, packages_above=None, packages_above_and_dependencies=None, packages_above_depth=None, packages_select_by_dep=None, packages_skip_by_dep=None, packages_skip_up_to=None, packages_select_build_failed=False, packages_skip_build_finished=False, packages_select_test_failures=False, packages_skip_test_passed=False, packages_select=None, packages_skip=None, packages_select_regex=None, packages_skip_regex=None, packages_start=None, packages_end=None, allow_overriding=[], cmake_args=None, cmake_target=None, cmake_target_skip_unavailable=False, cmake_clean_cache=False, cmake_clean_first=False, cmake_force_configure=False, ament_cmake_args=None, catkin_cmake_args=None, catkin_skip_building_tests=False, mixin_files=None, mixin=None, verb_parser=<colcon_mixin.mixin.mixin_argument.MixinArgumentDecorator object at 0x7cb4b3651ea0>, verb_extension=<colcon_core.verb.build.BuildVerb object at 0x7cb4b36514e0>, main=<bound method BuildVerb.main of <colcon_core.verb.build.BuildVerb object at 0x7cb4b36514e0>>, mixin_verb=('build',))
[1.795s] Level 1:colcon.colcon_core.package_discovery:discover_packages(colcon_meta) check parameters
[1.795s] Level 1:colcon.colcon_core.package_discovery:discover_packages(recursive) check parameters
[1.795s] Level 1:colcon.colcon_core.package_discovery:discover_packages(ignore) check parameters
[1.795s] Level 1:colcon.colcon_core.package_discovery:discover_packages(path) check parameters
[1.795s] Level 1:colcon.colcon_core.package_discovery:discover_packages(colcon_meta) discover
[1.795s] Level 1:colcon.colcon_core.package_discovery:discover_packages(recursive) discover
[1.797s] INFO:colcon.colcon_core.package_discovery:Crawling recursively for packages in '/home/robotai/AutoRobots/SamLab3'
[1.797s] Level 1:colcon.colcon_core.package_identification:_identify(.) by extensions ['ignore', 'ignore_ament_install']
[1.797s] Level 1:colcon.colcon_core.package_identification:_identify(.) by extension 'ignore'
[1.797s] Level 1:colcon.colcon_core.package_identification:_identify(.) by extension 'ignore_ament_install'
[1.797s] Level 1:colcon.colcon_core.package_identification:_identify(.) by extensions ['colcon_pkg']
[1.797s] Level 1:colcon.colcon_core.package_identification:_identify(.) by extension 'colcon_pkg'
[1.797s] Level 1:colcon.colcon_core.package_identification:_identify(.) by extensions ['colcon_meta']
[1.797s] Level 1:colcon.colcon_core.package_identification:_identify(.) by extension 'colcon_meta'
[1.797s] Level 1:colcon.colcon_core.package_identification:_identify(.) by extensions ['ros']
[1.797s] Level 1:colcon.colcon_core.package_identification:_identify(.) by extension 'ros'
[1.812s] Level 1:colcon.colcon_core.package_identification:_identify(.) by extensions ['cmake', 'python']
[1.812s] Level 1:colcon.colcon_core.package_identification:_identify(.) by extension 'cmake'
[1.812s] Level 1:colcon.colcon_core.package_identification:_identify(.) by extension 'python'
[1.812s] Level 1:colcon.colcon_core.package_identification:_identify(.) by extensions ['python_setup_py']
[1.812s] Level 1:colcon.colcon_core.package_identification:_identify(.) by extension 'python_setup_py'
[1.813s] Level 1:colcon.colcon_core.package_identification:_identify(build) by extensions ['ignore', 'ignore_ament_install']
[1.813s] Level 1:colcon.colcon_core.package_identification:_identify(build) by extension 'ignore'
[1.813s] Level 1:colcon.colcon_core.package_identification:_identify(build) ignored
[1.813s] Level 1:colcon.colcon_core.package_identification:_identify(install) by extensions ['ignore', 'ignore_ament_install']
[1.813s] Level 1:colcon.colcon_core.package_identification:_identify(install) by extension 'ignore'
[1.813s] Level 1:colcon.colcon_core.package_identification:_identify(install) ignored
[1.813s] Level 1:colcon.colcon_core.package_identification:_identify(log) by extensions ['ignore', 'ignore_ament_install']
[1.813s] Level 1:colcon.colcon_core.package_identification:_identify(log) by extension 'ignore'
[1.813s] Level 1:colcon.colcon_core.package_identification:_identify(log) ignored
[1.813s] Level 1:colcon.colcon_core.package_identification:_identify(tb4_ws) by extensions ['ignore', 'ignore_ament_install']
[1.813s] Level 1:colcon.colcon_core.package_identification:_identify(tb4_ws) by extension 'ignore'
[1.813s] Level 1:colcon.colcon_core.package_identification:_identify(tb4_ws) by extension 'ignore_ament_install'
[1.813s] Level 1:colcon.colcon_core.package_identification:_identify(tb4_ws) by extensions ['colcon_pkg']
[1.813s] Level 1:colcon.colcon_core.package_identification:_identify(tb4_ws) by extension 'colcon_pkg'
[1.814s] Level 1:colcon.colcon_core.package_identification:_identify(tb4_ws) by extensions ['colcon_meta']
[1.814s] Level 1:colcon.colcon_core.package_identification:_identify(tb4_ws) by extension 'colcon_meta'
[1.814s] Level 1:colcon.colcon_core.package_identification:_identify(tb4_ws) by extensions ['ros']
[1.814s] Level 1:colcon.colcon_core.package_identification:_identify(tb4_ws) by extension 'ros'
[1.814s] Level 1:colcon.colcon_core.package_identification:_identify(tb4_ws) by extensions ['cmake', 'python']
[1.814s] Level 1:colcon.colcon_core.package_identification:_identify(tb4_ws) by extension 'cmake'
[1.814s] Level 1:colcon.colcon_core.package_identification:_identify(tb4_ws) by extension 'python'
[1.814s] Level 1:colcon.colcon_core.package_identification:_identify(tb4_ws) by extensions ['python_setup_py']
[1.814s] Level 1:colcon.colcon_core.package_identification:_identify(tb4_ws) by extension 'python_setup_py'
[1.814s] Level 1:colcon.colcon_core.package_identification:_identify(tb4_ws/build) by extensions ['ignore', 'ignore_ament_install']
[1.814s] Level 1:colcon.colcon_core.package_identification:_identify(tb4_ws/build) by extension 'ignore'
[1.814s] Level 1:colcon.colcon_core.package_identification:_identify(tb4_ws/build) ignored
[1.814s] Level 1:colcon.colcon_core.package_identification:_identify(tb4_ws/install) by extensions ['ignore', 'ignore_ament_install']
[1.814s] Level 1:colcon.colcon_core.package_identification:_identify(tb4_ws/install) by extension 'ignore'
[1.814s] Level 1:colcon.colcon_core.package_identification:_identify(tb4_ws/install) ignored
[1.816s] Level 1:colcon.colcon_core.package_identification:_identify(tb4_ws/log) by extensions ['ignore', 'ignore_ament_install']
[1.816s] Level 1:colcon.colcon_core.package_identification:_identify(tb4_ws/log) by extension 'ignore'
[1.816s] Level 1:colcon.colcon_core.package_identification:_identify(tb4_ws/log) ignored
[1.817s] Level 1:colcon.colcon_core.package_identification:_identify(tb4_ws/src) by extensions ['ignore', 'ignore_ament_install']
[1.817s] Level 1:colcon.colcon_core.package_identification:_identify(tb4_ws/src) by extension 'ignore'
[1.817s] Level 1:colcon.colcon_core.package_identification:_identify(tb4_ws/src) by extension 'ignore_ament_install'
[1.818s] Level 1:colcon.colcon_core.package_identification:_identify(tb4_ws/src) by extensions ['colcon_pkg']
[1.818s] Level 1:colcon.colcon_core.package_identification:_identify(tb4_ws/src) by extension 'colcon_pkg'
[1.818s] Level 1:colcon.colcon_core.package_identification:_identify(tb4_ws/src) by extensions ['colcon_meta']
[1.818s] Level 1:colcon.colcon_core.package_identification:_identify(tb4_ws/src) by extension 'colcon_meta'
[1.818s] Level 1:colcon.colcon_core.package_identification:_identify(tb4_ws/src) by extensions ['ros']
[1.818s] Level 1:colcon.colcon_core.package_identification:_identify(tb4_ws/src) by extension 'ros'
[1.818s] Level 1:colcon.colcon_core.package_identification:_identify(tb4_ws/src) by extensions ['cmake', 'python']
[1.818s] Level 1:colcon.colcon_core.package_identification:_identify(tb4_ws/src) by extension 'cmake'
[1.818s] Level 1:colcon.colcon_core.package_identification:_identify(tb4_ws/src) by extension 'python'
[1.818s] Level 1:colcon.colcon_core.package_identification:_identify(tb4_ws/src) by extensions ['python_setup_py']
[1.818s] Level 1:colcon.colcon_core.package_identification:_identify(tb4_ws/src) by extension 'python_setup_py'
[1.820s] Level 1:colcon.colcon_core.package_identification:_identify(tb4_ws/src/tb4_cpp_prac3) by extensions ['ignore', 'ignore_ament_install']
[1.820s] Level 1:colcon.colcon_core.package_identification:_identify(tb4_ws/src/tb4_cpp_prac3) by extension 'ignore'
[1.820s] Level 1:colcon.colcon_core.package_identification:_identify(tb4_ws/src/tb4_cpp_prac3) by extension 'ignore_ament_install'
[1.820s] Level 1:colcon.colcon_core.package_identification:_identify(tb4_ws/src/tb4_cpp_prac3) by extensions ['colcon_pkg']
[1.820s] Level 1:colcon.colcon_core.package_identification:_identify(tb4_ws/src/tb4_cpp_prac3) by extension 'colcon_pkg'
[1.820s] Level 1:colcon.colcon_core.package_identification:_identify(tb4_ws/src/tb4_cpp_prac3) by extensions ['colcon_meta']
[1.820s] Level 1:colcon.colcon_core.package_identification:_identify(tb4_ws/src/tb4_cpp_prac3) by extension 'colcon_meta'
[1.820s] Level 1:colcon.colcon_core.package_identification:_identify(tb4_ws/src/tb4_cpp_prac3) by extensions ['ros']
[1.821s] Level 1:colcon.colcon_core.package_identification:_identify(tb4_ws/src/tb4_cpp_prac3) by extension 'ros'
[1.825s] DEBUG:colcon.colcon_core.package_identification:Package 'tb4_ws/src/tb4_cpp_prac3' with type 'ros.ament_cmake' and name 'tb4_cpp_prac3'
[1.825s] Level 1:colcon.colcon_core.package_discovery:discover_packages(recursive) using defaults
[1.826s] Level 1:colcon.colcon_core.package_discovery:discover_packages(ignore) discover
[1.826s] Level 1:colcon.colcon_core.package_discovery:discover_packages(ignore) using defaults
[1.826s] Level 1:colcon.colcon_core.package_discovery:discover_packages(path) discover
[1.826s] Level 1:colcon.colcon_core.package_discovery:discover_packages(path) using defaults
[1.909s] Level 1:colcon.colcon_core.package_discovery:discover_packages(prefix_path) check parameters
[1.909s] Level 1:colcon.colcon_core.package_discovery:discover_packages(prefix_path) discover
[1.918s] DEBUG:colcon.colcon_installed_package_information.package_discovery:Found 389 installed packages in /opt/ros/humble
[1.924s] Level 1:colcon.colcon_core.package_discovery:discover_packages(prefix_path) using defaults
[2.000s] Level 5:colcon.colcon_core.verb:set package 'tb4_cpp_prac3' build argument 'cmake_args' from command line to 'None'
[2.000s] Level 5:colcon.colcon_core.verb:set package 'tb4_cpp_prac3' build argument 'cmake_target' from command line to 'None'
[2.000s] Level 5:colcon.colcon_core.verb:set package 'tb4_cpp_prac3' build argument 'cmake_target_skip_unavailable' from command line to 'False'
[2.000s] Level 5:colcon.colcon_core.verb:set package 'tb4_cpp_prac3' build argument 'cmake_clean_cache' from command line to 'False'
[2.000s] Level 5:colcon.colcon_core.verb:set package 'tb4_cpp_prac3' build argument 'cmake_clean_first' from command line to 'False'
[2.000s] Level 5:colcon.colcon_core.verb:set package 'tb4_cpp_prac3' build argument 'cmake_force_configure' from command line to 'False'
[2.000s] Level 5:colcon.colcon_core.verb:set package 'tb4_cpp_prac3' build argument 'ament_cmake_args' from command line to 'None'
[2.000s] Level 5:colcon.colcon_core.verb:set package 'tb4_cpp_prac3' build argument 'catkin_cmake_args' from command line to 'None'
[2.000s] Level 5:colcon.colcon_core.verb:set package 'tb4_cpp_prac3' build argument 'catkin_skip_building_tests' from command line to 'False'
[2.000s] DEBUG:colcon.colcon_core.verb:Building package 'tb4_cpp_prac3' with the following arguments: {'ament_cmake_args': None, 'build_base': '/home/robotai/AutoRobots/SamLab3/build/tb4_cpp_prac3', 'catkin_cmake_args': None, 'catkin_skip_building_tests': False, 'cmake_args': None, 'cmake_clean_cache': False, 'cmake_clean_first': False, 'cmake_force_configure': False, 'cmake_target': None, 'cmake_target_skip_unavailable': False, 'install_base': '/home/robotai/AutoRobots/SamLab3/install/tb4_cpp_prac3', 'merge_install': False, 'path': '/home/robotai/AutoRobots/SamLab3/tb4_ws/src/tb4_cpp_prac3', 'symlink_install': False, 'test_result_base': None}
[2.001s] INFO:colcon.colcon_core.executor:Executing jobs using 'parallel' executor
[2.005s] DEBUG:colcon.colcon_parallel_executor.executor.parallel:run_until_complete
[2.005s] INFO:colcon.colcon_ros.task.ament_cmake.build:Building ROS package in '/home/robotai/AutoRobots/SamLab3/tb4_ws/src/tb4_cpp_prac3' with build type 'ament_cmake'
[2.007s] INFO:colcon.colcon_cmake.task.cmake.build:Building CMake package in '/home/robotai/AutoRobots/SamLab3/tb4_ws/src/tb4_cpp_prac3'
[2.038s] INFO:colcon.colcon_core.plugin_system:Skipping extension 'colcon_core.shell.bat': Not used on non-Windows systems
[2.038s] INFO:colcon.colcon_core.shell:Skip shell extension 'powershell' for command environment: Not usable outside of PowerShell
[2.039s] DEBUG:colcon.colcon_core.shell:Skip shell extension 'dsv' for command environment
[2.057s] DEBUG:colcon.colcon_core.event_handler.log_command:Invoking command in '/home/robotai/AutoRobots/SamLab3/build/tb4_cpp_prac3': CMAKE_PREFIX_PATH=/opt/ros/humble /usr/bin/cmake /home/robotai/AutoRobots/SamLab3/tb4_ws/src/tb4_cpp_prac3 -DCMAKE_INSTALL_PREFIX=/home/robotai/AutoRobots/SamLab3/install/tb4_cpp_prac3
[4.740s] DEBUG:colcon.colcon_core.event_handler.log_command:Invoked command in '/home/robotai/AutoRobots/SamLab3/build/tb4_cpp_prac3' returned '0': CMAKE_PREFIX_PATH=/opt/ros/humble /usr/bin/cmake /home/robotai/AutoRobots/SamLab3/tb4_ws/src/tb4_cpp_prac3 -DCMAKE_INSTALL_PREFIX=/home/robotai/AutoRobots/SamLab3/install/tb4_cpp_prac3
[4.741s] DEBUG:colcon.colcon_core.event_handler.log_command:Invoking command in '/home/robotai/AutoRobots/SamLab3/build/tb4_cpp_prac3': CMAKE_PREFIX_PATH=/opt/ros/humble /usr/bin/cmake --build /home/robotai/AutoRobots/SamLab3/build/tb4_cpp_prac3 -- -j6 -l6
[32.187s] DEBUG:colcon.colcon_core.event_handler.log_command:Invoked command in '/home/robotai/AutoRobots/SamLab3/build/tb4_cpp_prac3' returned '0': CMAKE_PREFIX_PATH=/opt/ros/humble /usr/bin/cmake --build /home/robotai/AutoRobots/SamLab3/build/tb4_cpp_prac3 -- -j6 -l6
[32.213s] DEBUG:colcon.colcon_core.event_handler.log_command:Invoking command in '/home/robotai/AutoRobots/SamLab3/build/tb4_cpp_prac3': CMAKE_PREFIX_PATH=/opt/ros/humble /usr/bin/cmake --install /home/robotai/AutoRobots/SamLab3/build/tb4_cpp_prac3
[32.271s] Level 1:colcon.colcon_core.environment:create_environment_scripts_only(tb4_cpp_prac3)
[32.275s] DEBUG:colcon.colcon_core.event_handler.log_command:Invoked command in '/home/robotai/AutoRobots/SamLab3/build/tb4_cpp_prac3' returned '0': CMAKE_PREFIX_PATH=/opt/ros/humble /usr/bin/cmake --install /home/robotai/AutoRobots/SamLab3/build/tb4_cpp_prac3
[32.300s] Level 1:colcon.colcon_core.environment:checking '/home/robotai/AutoRobots/SamLab3/install/tb4_cpp_prac3' for CMake module files
[32.301s] Level 1:colcon.colcon_core.environment:checking '/home/robotai/AutoRobots/SamLab3/install/tb4_cpp_prac3' for CMake config files
[32.301s] Level 1:colcon.colcon_core.shell:create_environment_hook('tb4_cpp_prac3', 'cmake_prefix_path')
[32.301s] INFO:colcon.colcon_core.shell:Creating environment hook '/home/robotai/AutoRobots/SamLab3/install/tb4_cpp_prac3/share/tb4_cpp_prac3/hook/cmake_prefix_path.ps1'
[32.302s] INFO:colcon.colcon_core.shell:Creating environment descriptor '/home/robotai/AutoRobots/SamLab3/install/tb4_cpp_prac3/share/tb4_cpp_prac3/hook/cmake_prefix_path.dsv'
[32.303s] INFO:colcon.colcon_core.shell:Creating environment hook '/home/robotai/AutoRobots/SamLab3/install/tb4_cpp_prac3/share/tb4_cpp_prac3/hook/cmake_prefix_path.sh'
[32.304s] Level 1:colcon.colcon_core.environment:checking '/home/robotai/AutoRobots/SamLab3/install/tb4_cpp_prac3/lib'
[32.304s] Level 1:colcon.colcon_core.environment:checking '/home/robotai/AutoRobots/SamLab3/install/tb4_cpp_prac3/bin'
[32.304s] Level 1:colcon.colcon_core.environment:checking '/home/robotai/AutoRobots/SamLab3/install/tb4_cpp_prac3/lib/pkgconfig/tb4_cpp_prac3.pc'
[32.305s] Level 1:colcon.colcon_core.environment:checking '/home/robotai/AutoRobots/SamLab3/install/tb4_cpp_prac3/lib/python3.10/site-packages'
[32.305s] Level 1:colcon.colcon_core.environment:checking '/home/robotai/AutoRobots/SamLab3/install/tb4_cpp_prac3/bin'
[32.306s] INFO:colcon.colcon_core.shell:Creating package script '/home/robotai/AutoRobots/SamLab3/install/tb4_cpp_prac3/share/tb4_cpp_prac3/package.ps1'
[32.307s] INFO:colcon.colcon_core.shell:Creating package descriptor '/home/robotai/AutoRobots/SamLab3/install/tb4_cpp_prac3/share/tb4_cpp_prac3/package.dsv'
[32.307s] INFO:colcon.colcon_core.shell:Creating package script '/home/robotai/AutoRobots/SamLab3/install/tb4_cpp_prac3/share/tb4_cpp_prac3/package.sh'
[32.308s] INFO:colcon.colcon_core.shell:Creating package script '/home/robotai/AutoRobots/SamLab3/install/tb4_cpp_prac3/share/tb4_cpp_prac3/package.bash'
[32.312s] INFO:colcon.colcon_core.shell:Creating package script '/home/robotai/AutoRobots/SamLab3/install/tb4_cpp_prac3/share/tb4_cpp_prac3/package.zsh'
[32.316s] Level 1:colcon.colcon_core.environment:create_file_with_runtime_dependencies(/home/robotai/AutoRobots/SamLab3/install/tb4_cpp_prac3/share/colcon-core/packages/tb4_cpp_prac3)
[32.320s] Level 1:colcon.colcon_core.environment:create_environment_scripts_only(tb4_cpp_prac3)
[32.320s] Level 1:colcon.colcon_core.environment:checking '/home/robotai/AutoRobots/SamLab3/install/tb4_cpp_prac3' for CMake module files
[32.338s] Level 1:colcon.colcon_core.environment:checking '/home/robotai/AutoRobots/SamLab3/install/tb4_cpp_prac3' for CMake config files
[32.339s] Level 1:colcon.colcon_core.shell:create_environment_hook('tb4_cpp_prac3', 'cmake_prefix_path')
[32.339s] INFO:colcon.colcon_core.shell:Creating environment hook '/home/robotai/AutoRobots/SamLab3/install/tb4_cpp_prac3/share/tb4_cpp_prac3/hook/cmake_prefix_path.ps1'
[32.340s] INFO:colcon.colcon_core.shell:Creating environment descriptor '/home/robotai/AutoRobots/SamLab3/install/tb4_cpp_prac3/share/tb4_cpp_prac3/hook/cmake_prefix_path.dsv'
[32.340s] INFO:colcon.colcon_core.shell:Creating environment hook '/home/robotai/AutoRobots/SamLab3/install/tb4_cpp_prac3/share/tb4_cpp_prac3/hook/cmake_prefix_path.sh'
[32.341s] Level 1:colcon.colcon_core.environment:checking '/home/robotai/AutoRobots/SamLab3/install/tb4_cpp_prac3/lib'
[32.341s] Level 1:colcon.colcon_core.environment:checking '/home/robotai/AutoRobots/SamLab3/install/tb4_cpp_prac3/bin'
[32.341s] Level 1:colcon.colcon_core.environment:checking '/home/robotai/AutoRobots/SamLab3/install/tb4_cpp_prac3/lib/pkgconfig/tb4_cpp_prac3.pc'
[32.341s] Level 1:colcon.colcon_core.environment:checking '/home/robotai/AutoRobots/SamLab3/install/tb4_cpp_prac3/lib/python3.10/site-packages'
[32.342s] Level 1:colcon.colcon_core.environment:checking '/home/robotai/AutoRobots/SamLab3/install/tb4_cpp_prac3/bin'
[32.342s] INFO:colcon.colcon_core.shell:Creating package script '/home/robotai/AutoRobots/SamLab3/install/tb4_cpp_prac3/share/tb4_cpp_prac3/package.ps1'
[32.342s] INFO:colcon.colcon_core.shell:Creating package descriptor '/home/robotai/AutoRobots/SamLab3/install/tb4_cpp_prac3/share/tb4_cpp_prac3/package.dsv'
[32.343s] INFO:colcon.colcon_core.shell:Creating package script '/home/robotai/AutoRobots/SamLab3/install/tb4_cpp_prac3/share/tb4_cpp_prac3/package.sh'
[32.344s] INFO:colcon.colcon_core.shell:Creating package script '/home/robotai/AutoRobots/SamLab3/install/tb4_cpp_prac3/share/tb4_cpp_prac3/package.bash'
[32.345s] INFO:colcon.colcon_core.shell:Creating package script '/home/robotai/AutoRobots/SamLab3/install/tb4_cpp_prac3/share/tb4_cpp_prac3/package.zsh'
[32.346s] Level 1:colcon.colcon_core.environment:create_file_with_runtime_dependencies(/home/robotai/AutoRobots/SamLab3/install/tb4_cpp_prac3/share/colcon-core/packages/tb4_cpp_prac3)
[32.346s] DEBUG:colcon.colcon_parallel_executor.executor.parallel:closing loop
[32.347s] DEBUG:colcon.colcon_parallel_executor.executor.parallel:loop closed
[32.347s] DEBUG:colcon.colcon_parallel_executor.executor.parallel:run_until_complete finished with '0'
[32.347s] DEBUG:colcon.colcon_core.event_reactor:joining thread
[32.403s] INFO:colcon.colcon_core.plugin_system:Skipping extension 'colcon_notification.desktop_notification.terminal_notifier': Not used on non-Darwin systems
[32.404s] INFO:colcon.colcon_core.plugin_system:Skipping extension 'colcon_notification.desktop_notification.win32': Not used on non-Windows systems
[32.404s] INFO:colcon.colcon_notification.desktop_notification:Sending desktop notification using 'notify2'
[32.434s] DEBUG:colcon.colcon_core.event_reactor:joined thread
[32.434s] INFO:colcon.colcon_core.shell:Creating prefix script '/home/robotai/AutoRobots/SamLab3/install/local_setup.ps1'
[32.436s] INFO:colcon.colcon_core.shell:Creating prefix util module '/home/robotai/AutoRobots/SamLab3/install/_local_setup_util_ps1.py'
[32.437s] INFO:colcon.colcon_core.shell:Creating prefix chain script '/home/robotai/AutoRobots/SamLab3/install/setup.ps1'
[32.440s] INFO:colcon.colcon_core.shell:Creating prefix script '/home/robotai/AutoRobots/SamLab3/install/local_setup.sh'
[32.443s] INFO:colcon.colcon_core.shell:Creating prefix util module '/home/robotai/AutoRobots/SamLab3/install/_local_setup_util_sh.py'
[32.443s] INFO:colcon.colcon_core.shell:Creating prefix chain script '/home/robotai/AutoRobots/SamLab3/install/setup.sh'
[32.454s] INFO:colcon.colcon_core.shell:Creating prefix script '/home/robotai/AutoRobots/SamLab3/install/local_setup.bash'
[32.455s] INFO:colcon.colcon_core.shell:Creating prefix chain script '/home/robotai/AutoRobots/SamLab3/install/setup.bash'
[32.456s] INFO:colcon.colcon_core.shell:Creating prefix script '/home/robotai/AutoRobots/SamLab3/install/local_setup.zsh'
[32.457s] INFO:colcon.colcon_core.shell:Creating prefix chain script '/home/robotai/AutoRobots/SamLab3/install/setup.zsh'
