[0.011s] Invoking command in '/home/robotai/AutoRobots/turtlebot_virtual_lab/build/turtlebot4_ignition_gui_plugins': CMAKE_PREFIX_PATH=/opt/ros/humble /usr/bin/cmake /home/robotai/AutoRobots/turtlebot_virtual_lab/src/turtlebot4_simulator/turtlebot4_ignition_gui_plugins -DCMAKE_INSTALL_PREFIX=/home/robotai/AutoRobots/turtlebot_virtual_lab/install/turtlebot4_ignition_gui_plugins
[0.071s] -- The C compiler identification is GNU 12.3.0
[0.127s] -- The CXX compiler identification is GNU 12.3.0
[0.140s] -- Detecting C compiler ABI info
[0.212s] -- Detecting C compiler ABI info - done
[0.218s] -- Check for working C compiler: /usr/bin/cc - skipped
[0.219s] -- Detecting C compile features
[0.219s] -- Detecting C compile features - done
[0.222s] -- Detecting CXX compiler ABI info
[0.310s] -- Detecting CXX compiler ABI info - done
[0.316s] -- Check for working CXX compiler: /usr/bin/c++ - skipped
[0.316s] -- Detecting CXX compile features
[0.317s] -- Detecting CXX compile features - done
[0.319s] -- Found ament_cmake: 1.3.14 (/opt/ros/humble/share/ament_cmake/cmake)
[0.471s] -- Found Python3: /usr/bin/python3 (found version "3.10.12") found components: Interpreter 
[0.555s] -- Found ament_lint_auto: 0.12.15 (/opt/ros/humble/share/ament_lint_auto/cmake)
[0.750s] -- Looking for ignition-gui6 -- found version 6.9.0
[0.787s] -- Searching for dependencies of ignition-gui6
[1.048s] -- Found Protobuf: /usr/lib/x86_64-linux-gnu/libprotobuf.so (found version "3.12.4") 
[1.055s] -- Checking for module 'tinyxml2'
[1.066s] --   Found tinyxml2, version 9.0.0
[1.104s] -- Looking for ignition-math6 -- found version 6.16.0
[1.105s] -- Searching for dependencies of ignition-math6
[1.119s] -- Looking for ignition-common4 -- found version 4.8.1
[1.119s] -- Searching for dependencies of ignition-common4
[1.123s] -- Looking for dlfcn.h - found
[1.125s] -- Looking for libdl - found
[1.126s] -- Found DL: TRUE  
[1.135s] -- Checking for module 'uuid'
[1.147s] --   Found uuid, version 2.37.2
[1.174s] -- Found UUID: TRUE  
[1.176s] -- Searching for <ignition-common4> component [profiler]
[1.184s] -- Looking for ignition-common4-profiler -- found version 4.8.1
[1.184s] -- Searching for dependencies of ignition-common4-profiler
[1.217s] -- Looking for ignition-plugin1 -- found version 1.4.0
[1.218s] -- Searching for dependencies of ignition-plugin1
[1.219s] -- Searching for <ignition-plugin1> component [loader]
[1.222s] -- Looking for ignition-plugin1-loader -- found version 1.4.0
[1.222s] -- Searching for dependencies of ignition-plugin1-loader
[1.224s] -- Searching for <ignition-plugin1> component [register]
[1.226s] -- Looking for ignition-plugin1-register -- found version 1.4.0
[1.226s] -- Searching for dependencies of ignition-plugin1-register
[1.237s] -- Looking for ignition-transport11 -- found version 11.4.2
[1.237s] -- Searching for dependencies of ignition-transport11
[1.271s] -- Config-file not installed for ZeroMQ -- checking for pkg-config
[1.275s] -- Checking for module 'libzmq >= 4'
[1.316s] --   Found libzmq , version 4.3.4
[1.364s] -- Found ZeroMQ: TRUE (Required is at least version "4") 
[1.384s] -- Looking for ignition-utils1 -- found version 1.5.1
[1.384s] -- Searching for dependencies of ignition-utils1
[1.386s] -- Searching for <ignition-utils1> component [cli]
[1.389s] -- Looking for ignition-utils1-cli -- found version 1.5.1
[1.390s] -- Searching for dependencies of ignition-utils1-cli
[1.400s] -- Looking for ignition-msgs8 -- found version 8.7.1
[1.400s] -- Searching for dependencies of ignition-msgs8
[1.417s] -- Looking for ignition-math6 -- found version 6.16.0
[1.445s] -- Looking for ignition-rendering6 -- found version 6.6.4
[1.445s] -- Searching for dependencies of ignition-rendering6
[1.445s] -- Looking for ignition-math6 -- found version 6.16.0
[1.446s] -- Searching for dependencies of ignition-math6
[1.446s] -- Searching for <ignition-math6> component [eigen3]
[1.455s] -- Looking for ignition-math6-eigen3 -- found version 6.16.0
[1.455s] -- Searching for dependencies of ignition-math6-eigen3
[1.472s] -- Looking for ignition-common4 -- found version 4.8.1
[1.472s] -- Searching for dependencies of ignition-common4
[1.472s] -- Looking for dlfcn.h - found
[1.472s] -- Looking for libdl - found
[1.482s] -- Searching for <ignition-common4> component [graphics]
[1.486s] -- Looking for ignition-common4-graphics -- found version 4.8.1
[1.487s] -- Searching for dependencies of ignition-common4-graphics
[1.487s] -- Looking for ignition-math6 -- found version 6.16.0
[1.487s] -- Looking for ignition-utils1 -- found version 1.5.1
[1.489s] -- Searching for <ignition-common4> component [events]
[1.493s] -- Looking for ignition-common4-events -- found version 4.8.1
[1.493s] -- Searching for dependencies of ignition-common4-events
[1.494s] -- Looking for ignition-math6 -- found version 6.16.0
[1.496s] -- Looking for ignition-plugin1 -- found version 1.4.0
[1.497s] -- Searching for dependencies of ignition-plugin1
[1.497s] -- Searching for <ignition-plugin1> component [all]
[1.499s] -- Looking for all libraries of ignition-plugin1 -- found version 1.4.0
[1.500s] -- Looking for ignition-plugin1 -- found version 1.4.0
[1.504s] -- Looking for ignition-msgs8 -- found version 8.7.1
[1.515s] -- Looking for ignition-common4 -- found version 4.8.1
[1.518s] -- Added test 'cppcheck' to perform static code analysis on C / C++ code
[1.518s] -- Configured cppcheck include dirs: 
[1.518s] -- Configured cppcheck exclude dirs and/or files: 
[1.519s] -- Added test 'cpplint' to check C / C++ code against the Google style
[1.519s] -- Configured cpplint exclude dirs and/or files: 
[1.520s] -- Added test 'lint_cmake' to check CMake code style
[1.520s] -- Added test 'xmllint' to check XML markup files
[1.521s] -- Configuring done
[1.586s] -- Generating done
[1.588s] -- Build files have been written to: /home/robotai/AutoRobots/turtlebot_virtual_lab/build/turtlebot4_ignition_gui_plugins
[1.600s] Invoked command in '/home/robotai/AutoRobots/turtlebot_virtual_lab/build/turtlebot4_ignition_gui_plugins' returned '0': CMAKE_PREFIX_PATH=/opt/ros/humble /usr/bin/cmake /home/robotai/AutoRobots/turtlebot_virtual_lab/src/turtlebot4_simulator/turtlebot4_ignition_gui_plugins -DCMAKE_INSTALL_PREFIX=/home/robotai/AutoRobots/turtlebot_virtual_lab/install/turtlebot4_ignition_gui_plugins
[1.601s] Invoking command in '/home/robotai/AutoRobots/turtlebot_virtual_lab/build/turtlebot4_ignition_gui_plugins': CMAKE_PREFIX_PATH=/opt/ros/humble /usr/bin/cmake --build /home/robotai/AutoRobots/turtlebot_virtual_lab/build/turtlebot4_ignition_gui_plugins -- -j6 -l6
[1.655s] [ 16%] [34m[1mAutomatic MOC for target Turtlebot4Hmi[0m
[3.944s] [ 16%] Built target Turtlebot4Hmi_autogen
[3.957s] [ 33%] [34m[1mGenerating qrc_Turtlebot4Hmi.cpp[0m
[4.023s] [ 50%] [32mBuilding CXX object Turtlebot4Hmi/CMakeFiles/Turtlebot4Hmi.dir/Turtlebot4Hmi_autogen/mocs_compilation.cpp.o[0m
[4.023s] [ 66%] [32mBuilding CXX object Turtlebot4Hmi/CMakeFiles/Turtlebot4Hmi.dir/Turtlebot4Hmi.cc.o[0m
[4.023s] [ 83%] [32mBuilding CXX object Turtlebot4Hmi/CMakeFiles/Turtlebot4Hmi.dir/qrc_Turtlebot4Hmi.cpp.o[0m
[14.793s] [100%] [32m[1mLinking CXX shared library libTurtlebot4Hmi.so[0m
[15.626s] [100%] Built target Turtlebot4Hmi
[15.640s] Invoked command in '/home/robotai/AutoRobots/turtlebot_virtual_lab/build/turtlebot4_ignition_gui_plugins' returned '0': CMAKE_PREFIX_PATH=/opt/ros/humble /usr/bin/cmake --build /home/robotai/AutoRobots/turtlebot_virtual_lab/build/turtlebot4_ignition_gui_plugins -- -j6 -l6
[15.653s] Invoking command in '/home/robotai/AutoRobots/turtlebot_virtual_lab/build/turtlebot4_ignition_gui_plugins': CMAKE_PREFIX_PATH=/opt/ros/humble /usr/bin/cmake --install /home/robotai/AutoRobots/turtlebot_virtual_lab/build/turtlebot4_ignition_gui_plugins
[15.661s] -- Install configuration: ""
[15.661s] -- Installing: /home/robotai/AutoRobots/turtlebot_virtual_lab/install/turtlebot4_ignition_gui_plugins/share/ament_index/resource_index/package_run_dependencies/turtlebot4_ignition_gui_plugins
[15.661s] -- Installing: /home/robotai/AutoRobots/turtlebot_virtual_lab/install/turtlebot4_ignition_gui_plugins/share/ament_index/resource_index/parent_prefix_path/turtlebot4_ignition_gui_plugins
[15.672s] -- Installing: /home/robotai/AutoRobots/turtlebot_virtual_lab/install/turtlebot4_ignition_gui_plugins/share/turtlebot4_ignition_gui_plugins/environment/ament_prefix_path.sh
[15.673s] -- Installing: /home/robotai/AutoRobots/turtlebot_virtual_lab/install/turtlebot4_ignition_gui_plugins/share/turtlebot4_ignition_gui_plugins/environment/ament_prefix_path.dsv
[15.673s] -- Installing: /home/robotai/AutoRobots/turtlebot_virtual_lab/install/turtlebot4_ignition_gui_plugins/share/turtlebot4_ignition_gui_plugins/environment/path.sh
[15.673s] -- Installing: /home/robotai/AutoRobots/turtlebot_virtual_lab/install/turtlebot4_ignition_gui_plugins/share/turtlebot4_ignition_gui_plugins/environment/path.dsv
[15.673s] -- Installing: /home/robotai/AutoRobots/turtlebot_virtual_lab/install/turtlebot4_ignition_gui_plugins/share/turtlebot4_ignition_gui_plugins/local_setup.bash
[15.673s] -- Installing: /home/robotai/AutoRobots/turtlebot_virtual_lab/install/turtlebot4_ignition_gui_plugins/share/turtlebot4_ignition_gui_plugins/local_setup.sh
[15.673s] -- Installing: /home/robotai/AutoRobots/turtlebot_virtual_lab/install/turtlebot4_ignition_gui_plugins/share/turtlebot4_ignition_gui_plugins/local_setup.zsh
[15.673s] -- Installing: /home/robotai/AutoRobots/turtlebot_virtual_lab/install/turtlebot4_ignition_gui_plugins/share/turtlebot4_ignition_gui_plugins/local_setup.dsv
[15.673s] -- Installing: /home/robotai/AutoRobots/turtlebot_virtual_lab/install/turtlebot4_ignition_gui_plugins/share/turtlebot4_ignition_gui_plugins/package.dsv
[15.674s] -- Installing: /home/robotai/AutoRobots/turtlebot_virtual_lab/install/turtlebot4_ignition_gui_plugins/share/ament_index/resource_index/packages/turtlebot4_ignition_gui_plugins
[15.674s] -- Installing: /home/robotai/AutoRobots/turtlebot_virtual_lab/install/turtlebot4_ignition_gui_plugins/share/turtlebot4_ignition_gui_plugins/cmake/turtlebot4_ignition_gui_pluginsConfig.cmake
[15.675s] -- Installing: /home/robotai/AutoRobots/turtlebot_virtual_lab/install/turtlebot4_ignition_gui_plugins/share/turtlebot4_ignition_gui_plugins/cmake/turtlebot4_ignition_gui_pluginsConfig-version.cmake
[15.675s] -- Installing: /home/robotai/AutoRobots/turtlebot_virtual_lab/install/turtlebot4_ignition_gui_plugins/share/turtlebot4_ignition_gui_plugins/package.xml
[15.675s] -- Installing: /home/robotai/AutoRobots/turtlebot_virtual_lab/install/turtlebot4_ignition_gui_plugins/share/turtlebot4_ignition_gui_plugins/lib/libTurtlebot4Hmi.so
[15.681s] Invoked command in '/home/robotai/AutoRobots/turtlebot_virtual_lab/build/turtlebot4_ignition_gui_plugins' returned '0': CMAKE_PREFIX_PATH=/opt/ros/humble /usr/bin/cmake --install /home/robotai/AutoRobots/turtlebot_virtual_lab/build/turtlebot4_ignition_gui_plugins
