[0.010s] Invoking command in '/home/robotai/AutoRobots/turtlebot_virtual_lab/build/turtlebot4_ignition_toolbox': CMAKE_PREFIX_PATH=/opt/ros/humble /usr/bin/cmake /home/robotai/AutoRobots/turtlebot_virtual_lab/src/turtlebot4_simulator/turtlebot4_ignition_toolbox -DCMAKE_INSTALL_PREFIX=/home/robotai/AutoRobots/turtlebot_virtual_lab/install/turtlebot4_ignition_toolbox
[0.074s] -- The C compiler identification is GNU 12.3.0
[0.134s] -- The CXX compiler identification is GNU 12.3.0
[0.146s] -- Detecting C compiler ABI info
[0.212s] -- Detecting C compiler ABI info - done
[0.219s] -- Check for working C compiler: /usr/bin/cc - skipped
[0.219s] -- Detecting C compile features
[0.220s] -- Detecting C compile features - done
[0.228s] -- Detecting CXX compiler ABI info
[0.310s] -- Detecting CXX compiler ABI info - done
[0.317s] -- Check for working CXX compiler: /usr/bin/c++ - skipped
[0.318s] -- Detecting CXX compile features
[0.318s] -- Detecting CXX compile features - done
[0.321s] -- Found ament_cmake: 1.3.14 (/opt/ros/humble/share/ament_cmake/cmake)
[0.474s] -- Found Python3: /usr/bin/python3 (found version "3.10.12") found components: Interpreter 
[0.554s] -- Found rclcpp: 16.0.19 (/opt/ros/humble/share/rclcpp/cmake)
[0.590s] -- Found rosidl_generator_c: 3.1.9 (/opt/ros/humble/share/rosidl_generator_c/cmake)
[0.594s] -- Found rosidl_adapter: 3.1.9 (/opt/ros/humble/share/rosidl_adapter/cmake)
[0.602s] -- Found rosidl_generator_cpp: 3.1.9 (/opt/ros/humble/share/rosidl_generator_cpp/cmake)
[0.612s] -- Using all available rosidl_typesupport_c: rosidl_typesupport_fastrtps_c;rosidl_typesupport_introspection_c
[0.630s] -- Using all available rosidl_typesupport_cpp: rosidl_typesupport_fastrtps_cpp;rosidl_typesupport_introspection_cpp
[0.664s] -- Found rmw_implementation_cmake: 6.1.2 (/opt/ros/humble/share/rmw_implementation_cmake/cmake)
[0.667s] -- Found rmw_fastrtps_cpp: 6.2.10 (/opt/ros/humble/share/rmw_fastrtps_cpp/cmake)
[0.746s] -- Found OpenSSL: /usr/lib/x86_64-linux-gnu/libcrypto.so (found version "3.0.2")  
[0.773s] -- Found FastRTPS: /opt/ros/humble/include  
[0.813s] -- Using RMW implementation 'rmw_fastrtps_cpp' as default
[0.821s] -- Looking for pthread.h
[0.897s] -- Looking for pthread.h - found
[0.897s] -- Performing Test CMAKE_HAVE_LIBC_PTHREAD
[0.981s] -- Performing Test CMAKE_HAVE_LIBC_PTHREAD - Success
[0.983s] -- Found Threads: TRUE  
[1.052s] -- Found rclcpp_action: 16.0.19 (/opt/ros/humble/share/rclcpp_action/cmake)
[1.097s] -- Found sensor_msgs: 4.9.1 (/opt/ros/humble/share/sensor_msgs/cmake)
[1.152s] -- Found turtlebot4_msgs: 1.0.5 (/opt/ros/humble/share/turtlebot4_msgs/cmake)
[1.180s] -- Found ament_lint_auto: 0.12.15 (/opt/ros/humble/share/ament_lint_auto/cmake)
[1.255s] -- Added test 'cppcheck' to perform static code analysis on C / C++ code
[1.258s] -- Configured cppcheck include dirs: /home/robotai/AutoRobots/turtlebot_virtual_lab/src/turtlebot4_simulator/turtlebot4_ignition_toolbox/include
[1.258s] -- Configured cppcheck exclude dirs and/or files: 
[1.259s] -- Added test 'cpplint' to check C / C++ code against the Google style
[1.259s] -- Configured cpplint exclude dirs and/or files: 
[1.259s] -- Added test 'lint_cmake' to check CMake code style
[1.259s] -- Added test 'uncrustify' to check C / C++ code style
[1.259s] -- Configured uncrustify additional arguments: 
[1.259s] -- Added test 'xmllint' to check XML markup files
[1.261s] -- Configuring done
[1.276s] -- Generating done
[1.280s] -- Build files have been written to: /home/robotai/AutoRobots/turtlebot_virtual_lab/build/turtlebot4_ignition_toolbox
[1.290s] Invoked command in '/home/robotai/AutoRobots/turtlebot_virtual_lab/build/turtlebot4_ignition_toolbox' returned '0': CMAKE_PREFIX_PATH=/opt/ros/humble /usr/bin/cmake /home/robotai/AutoRobots/turtlebot_virtual_lab/src/turtlebot4_simulator/turtlebot4_ignition_toolbox -DCMAKE_INSTALL_PREFIX=/home/robotai/AutoRobots/turtlebot_virtual_lab/install/turtlebot4_ignition_toolbox
[1.292s] Invoking command in '/home/robotai/AutoRobots/turtlebot_virtual_lab/build/turtlebot4_ignition_toolbox': CMAKE_PREFIX_PATH=/opt/ros/humble /usr/bin/cmake --build /home/robotai/AutoRobots/turtlebot_virtual_lab/build/turtlebot4_ignition_toolbox -- -j6 -l6
[1.356s] [ 20%] [32mBuilding CXX object CMakeFiles/turtlebot4_ignition_toolbox_lib.dir/src/hmi_node.cpp.o[0m
[1.356s] [ 40%] [32mBuilding CXX object CMakeFiles/turtlebot4_ignition_toolbox_lib.dir/src/hmi_main.cpp.o[0m
[15.805s] [ 60%] [32m[1mLinking CXX static library libturtlebot4_ignition_toolbox_lib.a[0m
[16.151s] [ 60%] Built target turtlebot4_ignition_toolbox_lib
[16.177s] [ 80%] [32mBuilding CXX object CMakeFiles/turtlebot4_ignition_hmi_node.dir/src/hmi_main.cpp.o[0m
[20.540s] [100%] [32m[1mLinking CXX executable turtlebot4_ignition_hmi_node[0m
[21.634s] [100%] Built target turtlebot4_ignition_hmi_node
[21.657s] Invoked command in '/home/robotai/AutoRobots/turtlebot_virtual_lab/build/turtlebot4_ignition_toolbox' returned '0': CMAKE_PREFIX_PATH=/opt/ros/humble /usr/bin/cmake --build /home/robotai/AutoRobots/turtlebot_virtual_lab/build/turtlebot4_ignition_toolbox -- -j6 -l6
[21.659s] Invoking command in '/home/robotai/AutoRobots/turtlebot_virtual_lab/build/turtlebot4_ignition_toolbox': CMAKE_PREFIX_PATH=/opt/ros/humble /usr/bin/cmake --install /home/robotai/AutoRobots/turtlebot_virtual_lab/build/turtlebot4_ignition_toolbox
[21.669s] -- Install configuration: ""
[21.669s] -- Installing: /home/robotai/AutoRobots/turtlebot_virtual_lab/install/turtlebot4_ignition_toolbox/lib/turtlebot4_ignition_toolbox/turtlebot4_ignition_hmi_node
[21.674s] -- Set runtime path of "/home/robotai/AutoRobots/turtlebot_virtual_lab/install/turtlebot4_ignition_toolbox/lib/turtlebot4_ignition_toolbox/turtlebot4_ignition_hmi_node" to ""
[21.674s] -- Installing: /home/robotai/AutoRobots/turtlebot_virtual_lab/install/turtlebot4_ignition_toolbox/share/ament_index/resource_index/package_run_dependencies/turtlebot4_ignition_toolbox
[21.674s] -- Installing: /home/robotai/AutoRobots/turtlebot_virtual_lab/install/turtlebot4_ignition_toolbox/share/ament_index/resource_index/parent_prefix_path/turtlebot4_ignition_toolbox
[21.674s] -- Installing: /home/robotai/AutoRobots/turtlebot_virtual_lab/install/turtlebot4_ignition_toolbox/share/turtlebot4_ignition_toolbox/environment/ament_prefix_path.sh
[21.675s] -- Installing: /home/robotai/AutoRobots/turtlebot_virtual_lab/install/turtlebot4_ignition_toolbox/share/turtlebot4_ignition_toolbox/environment/ament_prefix_path.dsv
[21.675s] -- Installing: /home/robotai/AutoRobots/turtlebot_virtual_lab/install/turtlebot4_ignition_toolbox/share/turtlebot4_ignition_toolbox/environment/path.sh
[21.676s] -- Installing: /home/robotai/AutoRobots/turtlebot_virtual_lab/install/turtlebot4_ignition_toolbox/share/turtlebot4_ignition_toolbox/environment/path.dsv
[21.676s] -- Installing: /home/robotai/AutoRobots/turtlebot_virtual_lab/install/turtlebot4_ignition_toolbox/share/turtlebot4_ignition_toolbox/local_setup.bash
[21.676s] -- Installing: /home/robotai/AutoRobots/turtlebot_virtual_lab/install/turtlebot4_ignition_toolbox/share/turtlebot4_ignition_toolbox/local_setup.sh
[21.676s] -- Installing: /home/robotai/AutoRobots/turtlebot_virtual_lab/install/turtlebot4_ignition_toolbox/share/turtlebot4_ignition_toolbox/local_setup.zsh
[21.676s] -- Installing: /home/robotai/AutoRobots/turtlebot_virtual_lab/install/turtlebot4_ignition_toolbox/share/turtlebot4_ignition_toolbox/local_setup.dsv
[21.676s] -- Installing: /home/robotai/AutoRobots/turtlebot_virtual_lab/install/turtlebot4_ignition_toolbox/share/turtlebot4_ignition_toolbox/package.dsv
[21.676s] -- Installing: /home/robotai/AutoRobots/turtlebot_virtual_lab/install/turtlebot4_ignition_toolbox/share/ament_index/resource_index/packages/turtlebot4_ignition_toolbox
[21.676s] -- Installing: /home/robotai/AutoRobots/turtlebot_virtual_lab/install/turtlebot4_ignition_toolbox/share/turtlebot4_ignition_toolbox/cmake/ament_cmake_export_include_directories-extras.cmake
[21.676s] -- Installing: /home/robotai/AutoRobots/turtlebot_virtual_lab/install/turtlebot4_ignition_toolbox/share/turtlebot4_ignition_toolbox/cmake/turtlebot4_ignition_toolboxConfig.cmake
[21.676s] -- Installing: /home/robotai/AutoRobots/turtlebot_virtual_lab/install/turtlebot4_ignition_toolbox/share/turtlebot4_ignition_toolbox/cmake/turtlebot4_ignition_toolboxConfig-version.cmake
[21.677s] -- Installing: /home/robotai/AutoRobots/turtlebot_virtual_lab/install/turtlebot4_ignition_toolbox/share/turtlebot4_ignition_toolbox/package.xml
[21.680s] Invoked command in '/home/robotai/AutoRobots/turtlebot_virtual_lab/build/turtlebot4_ignition_toolbox' returned '0': CMAKE_PREFIX_PATH=/opt/ros/humble /usr/bin/cmake --install /home/robotai/AutoRobots/turtlebot_virtual_lab/build/turtlebot4_ignition_toolbox
