[0.049s] Invoking command in '/home/robotai/AutoRobots/SamLab6/build/tb4_cpp_prac6': CMAKE_PREFIX_PATH=${CMAKE_PREFIX_PATH}:/opt/ros/humble /usr/bin/cmake --build /home/robotai/AutoRobots/SamLab6/build/tb4_cpp_prac6 -- -j6 -l6
[0.282s] [35m[1mConsolidate compiler generated dependencies of target iar_amcl[0m
[0.329s] [100%] Built target iar_amcl
[0.350s] Invoked command in '/home/robotai/AutoRobots/SamLab6/build/tb4_cpp_prac6' returned '0': CMAKE_PREFIX_PATH=${CMAKE_PREFIX_PATH}:/opt/ros/humble /usr/bin/cmake --build /home/robotai/AutoRobots/SamLab6/build/tb4_cpp_prac6 -- -j6 -l6
[0.367s] Invoking command in '/home/robotai/AutoRobots/SamLab6/build/tb4_cpp_prac6': CMAKE_PREFIX_PATH=${CMAKE_PREFIX_PATH}:/opt/ros/humble /usr/bin/cmake --install /home/robotai/AutoRobots/SamLab6/build/tb4_cpp_prac6
[0.383s] -- Install configuration: ""
[0.401s] -- Up-to-date: /home/robotai/AutoRobots/SamLab6/install/tb4_cpp_prac6/lib/tb4_cpp_prac6/iar_amcl
[0.401s] -- Up-to-date: /home/robotai/AutoRobots/SamLab6/install/tb4_cpp_prac6/share/tb4_cpp_prac6//launch
[0.402s] -- Installing: /home/robotai/AutoRobots/SamLab6/install/tb4_cpp_prac6/share/tb4_cpp_prac6//launch/localisation_launch.py
[0.416s] -- Up-to-date: /home/robotai/AutoRobots/SamLab6/install/tb4_cpp_prac6/share/tb4_cpp_prac6//config
[0.416s] -- Up-to-date: /home/robotai/AutoRobots/SamLab6/install/tb4_cpp_prac6/share/tb4_cpp_prac6//config/localisation.yaml
[0.416s] -- Up-to-date: /home/robotai/AutoRobots/SamLab6/install/tb4_cpp_prac6/share/tb4_cpp_prac6//map
[0.416s] -- Installing: /home/robotai/AutoRobots/SamLab6/install/tb4_cpp_prac6/share/tb4_cpp_prac6//map/lab_ICTE4001_Prac4.yaml
[0.416s] -- Installing: /home/robotai/AutoRobots/SamLab6/install/tb4_cpp_prac6/share/tb4_cpp_prac6//map/lab_ICTE4001_Prac4.pgm
[0.417s] -- Up-to-date: /home/robotai/AutoRobots/SamLab6/install/tb4_cpp_prac6/share/ament_index/resource_index/package_run_dependencies/tb4_cpp_prac6
[0.417s] -- Up-to-date: /home/robotai/AutoRobots/SamLab6/install/tb4_cpp_prac6/share/ament_index/resource_index/parent_prefix_path/tb4_cpp_prac6
[0.417s] -- Up-to-date: /home/robotai/AutoRobots/SamLab6/install/tb4_cpp_prac6/share/tb4_cpp_prac6/environment/ament_prefix_path.sh
[0.417s] -- Up-to-date: /home/robotai/AutoRobots/SamLab6/install/tb4_cpp_prac6/share/tb4_cpp_prac6/environment/ament_prefix_path.dsv
[0.417s] -- Up-to-date: /home/robotai/AutoRobots/SamLab6/install/tb4_cpp_prac6/share/tb4_cpp_prac6/environment/path.sh
[0.417s] -- Up-to-date: /home/robotai/AutoRobots/SamLab6/install/tb4_cpp_prac6/share/tb4_cpp_prac6/environment/path.dsv
[0.417s] -- Up-to-date: /home/robotai/AutoRobots/SamLab6/install/tb4_cpp_prac6/share/tb4_cpp_prac6/local_setup.bash
[0.417s] -- Up-to-date: /home/robotai/AutoRobots/SamLab6/install/tb4_cpp_prac6/share/tb4_cpp_prac6/local_setup.sh
[0.417s] -- Up-to-date: /home/robotai/AutoRobots/SamLab6/install/tb4_cpp_prac6/share/tb4_cpp_prac6/local_setup.zsh
[0.417s] -- Up-to-date: /home/robotai/AutoRobots/SamLab6/install/tb4_cpp_prac6/share/tb4_cpp_prac6/local_setup.dsv
[0.417s] -- Installing: /home/robotai/AutoRobots/SamLab6/install/tb4_cpp_prac6/share/tb4_cpp_prac6/package.dsv
[0.424s] -- Up-to-date: /home/robotai/AutoRobots/SamLab6/install/tb4_cpp_prac6/share/ament_index/resource_index/packages/tb4_cpp_prac6
[0.424s] -- Up-to-date: /home/robotai/AutoRobots/SamLab6/install/tb4_cpp_prac6/share/tb4_cpp_prac6/cmake/tb4_cpp_prac6Config.cmake
[0.424s] -- Up-to-date: /home/robotai/AutoRobots/SamLab6/install/tb4_cpp_prac6/share/tb4_cpp_prac6/cmake/tb4_cpp_prac6Config-version.cmake
[0.424s] -- Up-to-date: /home/robotai/AutoRobots/SamLab6/install/tb4_cpp_prac6/share/tb4_cpp_prac6/package.xml
[0.424s] Invoked command in '/home/robotai/AutoRobots/SamLab6/build/tb4_cpp_prac6' returned '0': CMAKE_PREFIX_PATH=${CMAKE_PREFIX_PATH}:/opt/ros/humble /usr/bin/cmake --install /home/robotai/AutoRobots/SamLab6/build/tb4_cpp_prac6
