[0.020s] Invoking command in '/home/robotai/AutoRobots/SamLab2/tb4_ws/build/tb4_cpp_prac2': CMAKE_PREFIX_PATH=/opt/ros/humble /usr/bin/cmake /home/robotai/AutoRobots/SamLab2/tb4_ws/src/tb4_cpp_prac2 -DCMAKE_INSTALL_PREFIX=/home/robotai/AutoRobots/SamLab2/tb4_ws/install/tb4_cpp_prac2
[0.469s] -- The C compiler identification is GNU 12.3.0
[0.730s] -- The CXX compiler identification is GNU 12.3.0
[0.754s] -- Detecting C compiler ABI info
[0.844s] -- Detecting C compiler ABI info - done
[0.850s] -- Check for working C compiler: /usr/bin/cc - skipped
[0.851s] -- Detecting C compile features
[0.852s] -- Detecting C compile features - done
[0.858s] -- Detecting CXX compiler ABI info
[0.946s] -- Detecting CXX compiler ABI info - done
[0.953s] -- Check for working CXX compiler: /usr/bin/c++ - skipped
[0.953s] -- Detecting CXX compile features
[0.953s] -- Detecting CXX compile features - done
[0.957s] -- Found ament_cmake: 1.3.14 (/opt/ros/humble/share/ament_cmake/cmake)
[1.127s] -- Found Python3: /usr/bin/python3 (found version "3.10.12") found components: Interpreter 
[1.263s] -- Found rclcpp: 16.0.19 (/opt/ros/humble/share/rclcpp/cmake)
[1.353s] -- Found rosidl_generator_c: 3.1.9 (/opt/ros/humble/share/rosidl_generator_c/cmake)
[1.361s] -- Found rosidl_adapter: 3.1.9 (/opt/ros/humble/share/rosidl_adapter/cmake)
[1.385s] -- Found rosidl_generator_cpp: 3.1.9 (/opt/ros/humble/share/rosidl_generator_cpp/cmake)
[1.411s] -- Using all available rosidl_typesupport_c: rosidl_typesupport_fastrtps_c;rosidl_typesupport_introspection_c
[1.444s] -- Using all available rosidl_typesupport_cpp: rosidl_typesupport_fastrtps_cpp;rosidl_typesupport_introspection_cpp
[1.541s] -- Found rmw_implementation_cmake: 6.1.2 (/opt/ros/humble/share/rmw_implementation_cmake/cmake)
[1.548s] -- Found rmw_fastrtps_cpp: 6.2.10 (/opt/ros/humble/share/rmw_fastrtps_cpp/cmake)
[1.712s] -- Found OpenSSL: /usr/lib/x86_64-linux-gnu/libcrypto.so (found version "3.0.2")  
[1.743s] -- Found FastRTPS: /opt/ros/humble/include  
[1.785s] -- Using RMW implementation 'rmw_fastrtps_cpp' as default
[1.810s] -- Looking for pthread.h
[1.932s] -- Looking for pthread.h - found
[1.932s] -- Performing Test CMAKE_HAVE_LIBC_PTHREAD
[2.012s] -- Performing Test CMAKE_HAVE_LIBC_PTHREAD - Success
[2.012s] -- Found Threads: TRUE  
[2.117s] -- Found irobot_create_msgs: 2.1.0 (/opt/ros/humble/share/irobot_create_msgs/cmake)
[2.226s] -- Found rclcpp_action: 16.0.19 (/opt/ros/humble/share/rclcpp_action/cmake)
[2.244s] -- Found nav_msgs: 4.9.1 (/opt/ros/humble/share/nav_msgs/cmake)
[2.277s] -- Found ament_lint_auto: 0.12.15 (/opt/ros/humble/share/ament_lint_auto/cmake)
[2.376s] -- Added test 'cppcheck' to perform static code analysis on C / C++ code
[2.377s] -- Configured cppcheck include dirs: $<BUILD_INTERFACE:/home/robotai/AutoRobots/SamLab2/tb4_ws/src/tb4_cpp_prac2/include>
[2.377s] -- Configured cppcheck exclude dirs and/or files: 
[2.378s] -- Added test 'lint_cmake' to check CMake code style
[2.380s] -- Added test 'uncrustify' to check C / C++ code style
[2.380s] -- Configured uncrustify additional arguments: 
[2.381s] -- Added test 'xmllint' to check XML markup files
[2.385s] -- Configuring done
[2.396s] -- Generating done
[2.400s] -- Build files have been written to: /home/robotai/AutoRobots/SamLab2/tb4_ws/build/tb4_cpp_prac2
[2.419s] Invoked command in '/home/robotai/AutoRobots/SamLab2/tb4_ws/build/tb4_cpp_prac2' returned '0': CMAKE_PREFIX_PATH=/opt/ros/humble /usr/bin/cmake /home/robotai/AutoRobots/SamLab2/tb4_ws/src/tb4_cpp_prac2 -DCMAKE_INSTALL_PREFIX=/home/robotai/AutoRobots/SamLab2/tb4_ws/install/tb4_cpp_prac2
[2.420s] Invoking command in '/home/robotai/AutoRobots/SamLab2/tb4_ws/build/tb4_cpp_prac2': CMAKE_PREFIX_PATH=/opt/ros/humble /usr/bin/cmake --build /home/robotai/AutoRobots/SamLab2/tb4_ws/build/tb4_cpp_prac2 -- -j6 -l6
[2.477s] [ 50%] [32mBuilding CXX object CMakeFiles/tb4_arc_action.dir/src/tb4_arc_action.cpp.o[0m
[5.769s] [01m[K/home/robotai/AutoRobots/SamLab2/tb4_ws/src/tb4_cpp_prac2/src/tb4_arc_action.cpp:50:37:[m[K [01;31m[Kerror: [m[K‘[01m[KSharedPtry[m[K’ in ‘[01m[Kclass rclcpp_action::Server<irobot_create_msgs::action::DriveArc>[m[K’ does not name a type
[5.769s]    50 |   rclcpp_action::Server<Drive_Arc>::[01;31m[KSharedPtry[m[K action_server_;
[5.769s]       |                                     [01;31m[K^~~~~~~~~~[m[K
[5.826s] [01m[K/home/robotai/AutoRobots/SamLab2/tb4_ws/src/tb4_cpp_prac2/src/tb4_arc_action.cpp:[m[K In constructor ‘[01m[KTB4ArcActionServer::TB4ArcActionServer(const rclcpp::NodeOptions&)[m[K’:
[5.826s] [01m[K/home/robotai/AutoRobots/SamLab2/tb4_ws/src/tb4_cpp_prac2/src/tb4_arc_action.cpp:19:73:[m[K [01;31m[Kerror: [m[Kfound ‘[01m[K:[m[K’ in nested-name-specifier, expected ‘[01m[K::[m[K’
[5.826s]    19 | >cmd_vel_publisher_ = this->create_publisher<geometry_msgs::msg[01;31m[K:[m[KTwist>(
[5.826s]       |                                                                [01;31m[K^[m[K
[5.826s]       |                                                                [32m[K::[m[K
[5.829s] [01m[K/home/robotai/AutoRobots/SamLab2/tb4_ws/src/tb4_cpp_prac2/src/tb4_arc_action.cpp:28:18:[m[K [01;31m[Kerror: [m[K‘[01m[KTurleBot4Prac2[m[K’ has not been declared
[5.829s]    28 |       std::bind(&[01;31m[KTurleBot4Prac2[m[K::odom_callback, this, std::placeholders::_1)
[5.829s]       |                  [01;31m[K^~~~~~~~~~~~~~[m[K
[5.829s] [01m[K/home/robotai/AutoRobots/SamLab2/tb4_ws/src/tb4_cpp_prac2/src/tb4_arc_action.cpp:35:11:[m[K [01;31m[Kerror: [m[K‘[01m[Kclass TB4ArcActionServer[m[K’ has no member named ‘[01m[Kaction_server_[m[K’
[5.829s]    35 |     this->[01;31m[Kaction_server_[m[K = rclcpp_action::create_server<Drive_Arc>(
[5.829s]       |           [01;31m[K^~~~~~~~~~~~~~[m[K
[5.829s] [01m[K/home/robotai/AutoRobots/SamLab2/tb4_ws/src/tb4_cpp_prac2/src/tb4_arc_action.cpp:38:18:[m[K [01;31m[Kerror: [m[K‘[01m[KTurtleBot4Prac2[m[K’ has not been declared
[5.830s]    38 |       std::bind(&[01;31m[KTurtleBot4Prac2[m[K::handle_goal, this, _1, _2),
[5.830s]       |                  [01;31m[K^~~~~~~~~~~~~~~[m[K
[5.831s] [01m[K/home/robotai/AutoRobots/SamLab2/tb4_ws/src/tb4_cpp_prac2/src/tb4_arc_action.cpp:38:54:[m[K [01;31m[Kerror: [m[K‘[01m[K_1[m[K’ was not declared in this scope; did you mean ‘[01m[Kstd::placeholders::_1[m[K’?
[5.831s]    38 |       std::bind(&TurtleBot4Prac2::handle_goal, this, [01;31m[K_1[m[K, _2),
[5.831s]       |                                                      [01;31m[K^~[m[K
[5.831s]       |                                                      [32m[Kstd::placeholders::_1[m[K
[5.831s] In file included from [01m[K/home/robotai/AutoRobots/SamLab2/tb4_ws/src/tb4_cpp_prac2/src/tb4_arc_action.cpp:1[m[K:
[5.831s] [01m[K/usr/include/c++/12/functional:285:34:[m[K [01;36m[Knote: [m[K‘[01m[Kstd::placeholders::_1[m[K’ declared here
[5.831s]   285 |     extern const _Placeholder<1> [01;36m[K_1[m[K;
[5.831s]       |                                  [01;36m[K^~[m[K
[5.832s] [01m[K/home/robotai/AutoRobots/SamLab2/tb4_ws/src/tb4_cpp_prac2/src/tb4_arc_action.cpp:38:58:[m[K [01;31m[Kerror: [m[K‘[01m[K_2[m[K’ was not declared in this scope; did you mean ‘[01m[Kstd::placeholders::_2[m[K’?
[5.832s]    38 |       std::bind(&TurtleBot4Prac2::handle_goal, this, _1, [01;31m[K_2[m[K),
[5.832s]       |                                                          [01;31m[K^~[m[K
[5.832s]       |                                                          [32m[Kstd::placeholders::_2[m[K
[5.832s] [01m[K/usr/include/c++/12/functional:286:34:[m[K [01;36m[Knote: [m[K‘[01m[Kstd::placeholders::_2[m[K’ declared here
[5.832s]   286 |     extern const _Placeholder<2> [01;36m[K_2[m[K;
[5.832s]       |                                  [01;36m[K^~[m[K
[5.832s] [01m[K/home/robotai/AutoRobots/SamLab2/tb4_ws/src/tb4_cpp_prac2/src/tb4_arc_action.cpp:39:18:[m[K [01;31m[Kerror: [m[K‘[01m[KTurtleBot4Prac2[m[K’ has not been declared
[5.832s]    39 |       std::bind(&[01;31m[KTurtleBot4Prac2[m[K::handle_cancel, this, _1),
[5.832s]       |                  [01;31m[K^~~~~~~~~~~~~~~[m[K
[5.832s] [01m[K/home/robotai/AutoRobots/SamLab2/tb4_ws/src/tb4_cpp_prac2/src/tb4_arc_action.cpp:40:18:[m[K [01;31m[Kerror: [m[K‘[01m[KTurtleBot4Prac2[m[K’ has not been declared
[5.832s]    40 |       std::bind(&[01;31m[KTurtleBot4Prac2[m[K::handle_accepted, this, _1));
[5.833s]       |                  [01;31m[K^~~~~~~~~~~~~~~[m[K
[5.833s] [01m[K/home/robotai/AutoRobots/SamLab2/tb4_ws/src/tb4_cpp_prac2/src/tb4_arc_action.cpp:[m[K In member function ‘[01m[Kvoid TB4ArcActionServer::odom_callback(nav_msgs::msg::Odometry_<std::allocator<void> >::SharedPtr)[m[K’:
[5.833s] [01m[K/home/robotai/AutoRobots/SamLab2/tb4_ws/src/tb4_cpp_prac2/src/tb4_arc_action.cpp:81:19:[m[K [01;31m[Kerror: [m[Kexpected ‘[01m[K;[m[K’ before ‘[01m[K}[m[K’ token
[5.833s]    81 |   odom_ = odom_msg
[5.833s]       |                   [01;31m[K^[m[K
[5.833s]       |                   [32m[K;[m[K
[5.833s]    82 | [32m[K}[m[K
[5.833s]       | [32m[K~[m[K                  
[5.846s] [01m[K/home/robotai/AutoRobots/SamLab2/tb4_ws/src/tb4_cpp_prac2/src/tb4_arc_action.cpp:[m[K In member function ‘[01m[Kvoid TB4ArcActionServer::handle_accepted(std::shared_ptr<rclcpp_action::ServerGoalHandle<irobot_create_msgs::action::DriveArc> >)[m[K’:
[5.846s] [01m[K/home/robotai/AutoRobots/SamLab2/tb4_ws/src/tb4_cpp_prac2/src/tb4_arc_action.cpp:91:26:[m[K [01;31m[Kerror: [m[K‘[01m[KTurtleBot4Prac2[m[K’ was not declared in this scope
[5.846s]    91 |   std::thread{std::bind(&[01;31m[KTurtleBot4Prac2[m[K::execute, this, _1), goal_handle}.detach();
[5.846s]       |                          [01;31m[K^~~~~~~~~~~~~~~[m[K
[5.846s] [01m[K/home/robotai/AutoRobots/SamLab2/tb4_ws/src/tb4_cpp_prac2/src/tb4_arc_action.cpp:91:74:[m[K [01;31m[Kerror: [m[Kno matching function for call to ‘[01m[Kstd::thread::thread(<brace-enclosed initializer list>)[m[K’
[5.846s]    91 | {std::bind(&TurtleBot4Prac2::execute, this, _1), goal_handle[01;31m[K}[m[K.detach();
[5.846s]       |                                                             [01;31m[K^[m[K
[5.846s] 
[5.846s] In file included from [01m[K/usr/include/c++/12/thread:43[m[K,
[5.846s]                  from [01m[K/home/robotai/AutoRobots/SamLab2/tb4_ws/src/tb4_cpp_prac2/src/tb4_arc_action.cpp:3[m[K:
[5.846s] [01m[K/usr/include/c++/12/bits/std_thread.h:147:7:[m[K [01;36m[Knote: [m[Kcandidate: ‘[01m[Ktemplate<class _Callable, class ... _Args, class> std::thread::thread(_Callable&&, _Args&& ...)[m[K’
[5.846s]   147 |       [01;36m[Kthread[m[K(_Callable&& __f, _Args&&... __args)
[5.846s]       |       [01;36m[K^~~~~~[m[K
[5.846s] [01m[K/usr/include/c++/12/bits/std_thread.h:147:7:[m[K [01;36m[Knote: [m[K  template argument deduction/substitution failed:
[5.846s] [01m[K/usr/include/c++/12/bits/std_thread.h:177:5:[m[K [01;36m[Knote: [m[Kcandidate: ‘[01m[Kstd::thread::thread(std::thread&&)[m[K’
[5.846s]   177 |     [01;36m[Kthread[m[K(thread&& __t) noexcept
[5.846s]       |     [01;36m[K^~~~~~[m[K
[5.846s] [01m[K/usr/include/c++/12/bits/std_thread.h:177:5:[m[K [01;36m[Knote: [m[K  candidate expects 1 argument, 2 provided
[5.846s] [01m[K/usr/include/c++/12/bits/std_thread.h:141:5:[m[K [01;36m[Knote: [m[Kcandidate: ‘[01m[Kstd::thread::thread()[m[K’
[5.846s]   141 |     [01;36m[Kthread[m[K() noexcept = default;
[5.846s]       |     [01;36m[K^~~~~~[m[K
[5.846s] [01m[K/usr/include/c++/12/bits/std_thread.h:141:5:[m[K [01;36m[Knote: [m[K  candidate expects 0 arguments, 2 provided
[5.857s] [01m[K/home/robotai/AutoRobots/SamLab2/tb4_ws/src/tb4_cpp_prac2/src/tb4_arc_action.cpp:[m[K In member function ‘[01m[Krclcpp_action::CancelResponse TB4ArcActionServer::handle_cancel(std::shared_ptr<rclcpp_action::ServerGoalHandle<irobot_create_msgs::action::DriveArc> >)[m[K’:
[5.857s] [01m[K/home/robotai/AutoRobots/SamLab2/tb4_ws/src/tb4_cpp_prac2/src/tb4_arc_action.cpp:99:3:[m[K [01;31m[Kerror: [m[K‘[01m[KRCLCPP_INDO[m[K’ was not declared in this scope; did you mean ‘[01m[KRCLCPP_INFO[m[K’?
[5.857s]    99 |   [01;31m[KRCLCPP_INDO[m[K(this->get_logger(), "Received request to cancel goal");
[5.857s]       |   [01;31m[K^~~~~~~~~~~[m[K
[5.857s]       |   [32m[KRCLCPP_INFO[m[K
[5.857s] [01m[K/home/robotai/AutoRobots/SamLab2/tb4_ws/src/tb4_cpp_prac2/src/tb4_arc_action.cpp:[m[K In member function ‘[01m[Kvoid TB4ArcActionServer::execute(std::shared_ptr<rclcpp_action::ServerGoalHandle<irobot_create_msgs::action::DriveArc> >)[m[K’:
[5.857s] [01m[K/home/robotai/AutoRobots/SamLab2/tb4_ws/src/tb4_cpp_prac2/src/tb4_arc_action.cpp:123:127:[m[K [01;35m[Kwarning: [m[Kunused parameter ‘[01m[Kgoal_handle[m[K’ [[01;35m[K]8;;https://gcc.gnu.org/onlinedocs/gcc/Warning-Options.html#index-Wunused-parameter-Wunused-parameter]8;;[m[K]
[5.857s]   123 | [01;35m[Kon::ServerGoalHandle<irobot_create_msgs::action::DriveArc>> goal_handle[m[K)
[5.857s]       | [01;35m[K~~~~~~~~~~~~~~~~~~~~~~~~~~~~~~~~~~~~~~~~~~~~~~~~~~~~~~~~~~~~^~~~~~~~~~~[m[K
[5.857s] 
[6.749s] gmake[2]: *** [CMakeFiles/tb4_arc_action.dir/build.make:76: CMakeFiles/tb4_arc_action.dir/src/tb4_arc_action.cpp.o] Error 1
[6.749s] gmake[1]: *** [CMakeFiles/Makefile2:137: CMakeFiles/tb4_arc_action.dir/all] Error 2
[6.749s] gmake: *** [Makefile:146: all] Error 2
[6.752s] Invoked command in '/home/robotai/AutoRobots/SamLab2/tb4_ws/build/tb4_cpp_prac2' returned '2': CMAKE_PREFIX_PATH=/opt/ros/humble /usr/bin/cmake --build /home/robotai/AutoRobots/SamLab2/tb4_ws/build/tb4_cpp_prac2 -- -j6 -l6
