-- The C compiler identification is GNU 12.3.0
-- The CXX compiler identification is GNU 12.3.0
-- Detecting C compiler ABI info
-- Detecting C compiler ABI info - done
-- Check for working C compiler: /usr/bin/cc - skipped
-- Detecting C compile features
-- Detecting C compile features - done
-- Detecting CXX compiler ABI info
-- Detecting CXX compiler ABI info - done
-- Check for working CXX compiler: /usr/bin/c++ - skipped
-- Detecting CXX compile features
-- Detecting CXX compile features - done
-- Found ament_cmake: 1.3.14 (/opt/ros/humble/share/ament_cmake/cmake)
-- Found Python3: /usr/bin/python3 (found version "3.10.12") found components: Interpreter 
-- Configuring done
-- Generating done
-- Build files have been written to: /home/robotai/AutoRobots/turtlebot_virtual_lab/build/turtlebot4_simulator
-- Install configuration: ""
-- Installing: /home/robotai/AutoRobots/turtlebot_virtual_lab/install/turtlebot4_simulator/share/ament_index/resource_index/package_run_dependencies/turtlebot4_simulator
-- Installing: /home/robotai/AutoRobots/turtlebot_virtual_lab/install/turtlebot4_simulator/share/ament_index/resource_index/parent_prefix_path/turtlebot4_simulator
-- Installing: /home/robotai/AutoRobots/turtlebot_virtual_lab/install/turtlebot4_simulator/share/turtlebot4_simulator/environment/ament_prefix_path.sh
-- Installing: /home/robotai/AutoRobots/turtlebot_virtual_lab/install/turtlebot4_simulator/share/turtlebot4_simulator/environment/ament_prefix_path.dsv
-- Installing: /home/robotai/AutoRobots/turtlebot_virtual_lab/install/turtlebot4_simulator/share/turtlebot4_simulator/environment/path.sh
-- Installing: /home/robotai/AutoRobots/turtlebot_virtual_lab/install/turtlebot4_simulator/share/turtlebot4_simulator/environment/path.dsv
-- Installing: /home/robotai/AutoRobots/turtlebot_virtual_lab/install/turtlebot4_simulator/share/turtlebot4_simulator/local_setup.bash
-- Installing: /home/robotai/AutoRobots/turtlebot_virtual_lab/install/turtlebot4_simulator/share/turtlebot4_simulator/local_setup.sh
-- Installing: /home/robotai/AutoRobots/turtlebot_virtual_lab/install/turtlebot4_simulator/share/turtlebot4_simulator/local_setup.zsh
-- Installing: /home/robotai/AutoRobots/turtlebot_virtual_lab/install/turtlebot4_simulator/share/turtlebot4_simulator/local_setup.dsv
-- Installing: /home/robotai/AutoRobots/turtlebot_virtual_lab/install/turtlebot4_simulator/share/turtlebot4_simulator/package.dsv
-- Installing: /home/robotai/AutoRobots/turtlebot_virtual_lab/install/turtlebot4_simulator/share/ament_index/resource_index/packages/turtlebot4_simulator
-- Installing: /home/robotai/AutoRobots/turtlebot_virtual_lab/install/turtlebot4_simulator/share/turtlebot4_simulator/cmake/turtlebot4_simulatorConfig.cmake
-- Installing: /home/robotai/AutoRobots/turtlebot_virtual_lab/install/turtlebot4_simulator/share/turtlebot4_simulator/cmake/turtlebot4_simulatorConfig-version.cmake
-- Installing: /home/robotai/AutoRobots/turtlebot_virtual_lab/install/turtlebot4_simulator/share/turtlebot4_simulator/package.xml
