[0.008s] Invoking command in '/home/robotai/AutoRobots/turtlebot_virtual_lab/build/turtlebot4_simulator': AMENT_PREFIX_PATH=/home/robotai/AutoRobots/turtlebot_virtual_lab/install/turtlebot4_ignition_bringup:/home/robotai/AutoRobots/turtlebot_virtual_lab/install/turtlebot4_ignition_toolbox:/home/robotai/AutoRobots/turtlebot_virtual_lab/install/turtlebot4_ignition_gui_plugins:${AMENT_PREFIX_PATH} CMAKE_PREFIX_PATH=/home/robotai/AutoRobots/turtlebot_virtual_lab/install/turtlebot4_ignition_bringup:/home/robotai/AutoRobots/turtlebot_virtual_lab/install/turtlebot4_ignition_toolbox:/home/robotai/AutoRobots/turtlebot_virtual_lab/install/turtlebot4_ignition_gui_plugins:/opt/ros/humble /usr/bin/cmake /home/robotai/AutoRobots/turtlebot_virtual_lab/src/turtlebot4_simulator/turtlebot4_simulator -DCMAKE_INSTALL_PREFIX=/home/robotai/AutoRobots/turtlebot_virtual_lab/install/turtlebot4_simulator
[0.075s] -- The C compiler identification is GNU 12.3.0
[0.142s] -- The CXX compiler identification is GNU 12.3.0
[0.149s] -- Detecting C compiler ABI info
[0.244s] -- Detecting C compiler ABI info - done
[0.251s] -- Check for working C compiler: /usr/bin/cc - skipped
[0.252s] -- Detecting C compile features
[0.252s] -- Detecting C compile features - done
[0.255s] -- Detecting CXX compiler ABI info
[0.359s] -- Detecting CXX compiler ABI info - done
[0.366s] -- Check for working CXX compiler: /usr/bin/c++ - skipped
[0.366s] -- Detecting CXX compile features
[0.366s] -- Detecting CXX compile features - done
[0.369s] -- Found ament_cmake: 1.3.14 (/opt/ros/humble/share/ament_cmake/cmake)
[0.527s] -- Found Python3: /usr/bin/python3 (found version "3.10.12") found components: Interpreter 
[0.687s] -- Configuring done
[0.688s] -- Generating done
[0.690s] -- Build files have been written to: /home/robotai/AutoRobots/turtlebot_virtual_lab/build/turtlebot4_simulator
[0.698s] Invoked command in '/home/robotai/AutoRobots/turtlebot_virtual_lab/build/turtlebot4_simulator' returned '0': AMENT_PREFIX_PATH=/home/robotai/AutoRobots/turtlebot_virtual_lab/install/turtlebot4_ignition_bringup:/home/robotai/AutoRobots/turtlebot_virtual_lab/install/turtlebot4_ignition_toolbox:/home/robotai/AutoRobots/turtlebot_virtual_lab/install/turtlebot4_ignition_gui_plugins:${AMENT_PREFIX_PATH} CMAKE_PREFIX_PATH=/home/robotai/AutoRobots/turtlebot_virtual_lab/install/turtlebot4_ignition_bringup:/home/robotai/AutoRobots/turtlebot_virtual_lab/install/turtlebot4_ignition_toolbox:/home/robotai/AutoRobots/turtlebot_virtual_lab/install/turtlebot4_ignition_gui_plugins:/opt/ros/humble /usr/bin/cmake /home/robotai/AutoRobots/turtlebot_virtual_lab/src/turtlebot4_simulator/turtlebot4_simulator -DCMAKE_INSTALL_PREFIX=/home/robotai/AutoRobots/turtlebot_virtual_lab/install/turtlebot4_simulator
[0.700s] Invoking command in '/home/robotai/AutoRobots/turtlebot_virtual_lab/build/turtlebot4_simulator': AMENT_PREFIX_PATH=/home/robotai/AutoRobots/turtlebot_virtual_lab/install/turtlebot4_ignition_bringup:/home/robotai/AutoRobots/turtlebot_virtual_lab/install/turtlebot4_ignition_toolbox:/home/robotai/AutoRobots/turtlebot_virtual_lab/install/turtlebot4_ignition_gui_plugins:${AMENT_PREFIX_PATH} CMAKE_PREFIX_PATH=/home/robotai/AutoRobots/turtlebot_virtual_lab/install/turtlebot4_ignition_bringup:/home/robotai/AutoRobots/turtlebot_virtual_lab/install/turtlebot4_ignition_toolbox:/home/robotai/AutoRobots/turtlebot_virtual_lab/install/turtlebot4_ignition_gui_plugins:/opt/ros/humble /usr/bin/cmake --build /home/robotai/AutoRobots/turtlebot_virtual_lab/build/turtlebot4_simulator -- -j6 -l6
[0.745s] Invoked command in '/home/robotai/AutoRobots/turtlebot_virtual_lab/build/turtlebot4_simulator' returned '0': AMENT_PREFIX_PATH=/home/robotai/AutoRobots/turtlebot_virtual_lab/install/turtlebot4_ignition_bringup:/home/robotai/AutoRobots/turtlebot_virtual_lab/install/turtlebot4_ignition_toolbox:/home/robotai/AutoRobots/turtlebot_virtual_lab/install/turtlebot4_ignition_gui_plugins:${AMENT_PREFIX_PATH} CMAKE_PREFIX_PATH=/home/robotai/AutoRobots/turtlebot_virtual_lab/install/turtlebot4_ignition_bringup:/home/robotai/AutoRobots/turtlebot_virtual_lab/install/turtlebot4_ignition_toolbox:/home/robotai/AutoRobots/turtlebot_virtual_lab/install/turtlebot4_ignition_gui_plugins:/opt/ros/humble /usr/bin/cmake --build /home/robotai/AutoRobots/turtlebot_virtual_lab/build/turtlebot4_simulator -- -j6 -l6
[0.747s] Invoking command in '/home/robotai/AutoRobots/turtlebot_virtual_lab/build/turtlebot4_simulator': AMENT_PREFIX_PATH=/home/robotai/AutoRobots/turtlebot_virtual_lab/install/turtlebot4_ignition_bringup:/home/robotai/AutoRobots/turtlebot_virtual_lab/install/turtlebot4_ignition_toolbox:/home/robotai/AutoRobots/turtlebot_virtual_lab/install/turtlebot4_ignition_gui_plugins:${AMENT_PREFIX_PATH} CMAKE_PREFIX_PATH=/home/robotai/AutoRobots/turtlebot_virtual_lab/install/turtlebot4_ignition_bringup:/home/robotai/AutoRobots/turtlebot_virtual_lab/install/turtlebot4_ignition_toolbox:/home/robotai/AutoRobots/turtlebot_virtual_lab/install/turtlebot4_ignition_gui_plugins:/opt/ros/humble /usr/bin/cmake --install /home/robotai/AutoRobots/turtlebot_virtual_lab/build/turtlebot4_simulator
[0.756s] -- Install configuration: ""
[0.756s] -- Installing: /home/robotai/AutoRobots/turtlebot_virtual_lab/install/turtlebot4_simulator/share/ament_index/resource_index/package_run_dependencies/turtlebot4_simulator
[0.756s] -- Installing: /home/robotai/AutoRobots/turtlebot_virtual_lab/install/turtlebot4_simulator/share/ament_index/resource_index/parent_prefix_path/turtlebot4_simulator
[0.756s] -- Installing: /home/robotai/AutoRobots/turtlebot_virtual_lab/install/turtlebot4_simulator/share/turtlebot4_simulator/environment/ament_prefix_path.sh
[0.756s] -- Installing: /home/robotai/AutoRobots/turtlebot_virtual_lab/install/turtlebot4_simulator/share/turtlebot4_simulator/environment/ament_prefix_path.dsv
[0.756s] -- Installing: /home/robotai/AutoRobots/turtlebot_virtual_lab/install/turtlebot4_simulator/share/turtlebot4_simulator/environment/path.sh
[0.756s] -- Installing: /home/robotai/AutoRobots/turtlebot_virtual_lab/install/turtlebot4_simulator/share/turtlebot4_simulator/environment/path.dsv
[0.756s] -- Installing: /home/robotai/AutoRobots/turtlebot_virtual_lab/install/turtlebot4_simulator/share/turtlebot4_simulator/local_setup.bash
[0.756s] -- Installing: /home/robotai/AutoRobots/turtlebot_virtual_lab/install/turtlebot4_simulator/share/turtlebot4_simulator/local_setup.sh
[0.757s] -- Installing: /home/robotai/AutoRobots/turtlebot_virtual_lab/install/turtlebot4_simulator/share/turtlebot4_simulator/local_setup.zsh
[0.757s] -- Installing: /home/robotai/AutoRobots/turtlebot_virtual_lab/install/turtlebot4_simulator/share/turtlebot4_simulator/local_setup.dsv
[0.757s] -- Installing: /home/robotai/AutoRobots/turtlebot_virtual_lab/install/turtlebot4_simulator/share/turtlebot4_simulator/package.dsv
[0.757s] -- Installing: /home/robotai/AutoRobots/turtlebot_virtual_lab/install/turtlebot4_simulator/share/ament_index/resource_index/packages/turtlebot4_simulator
[0.757s] -- Installing: /home/robotai/AutoRobots/turtlebot_virtual_lab/install/turtlebot4_simulator/share/turtlebot4_simulator/cmake/turtlebot4_simulatorConfig.cmake
[0.757s] -- Installing: /home/robotai/AutoRobots/turtlebot_virtual_lab/install/turtlebot4_simulator/share/turtlebot4_simulator/cmake/turtlebot4_simulatorConfig-version.cmake
[0.757s] -- Installing: /home/robotai/AutoRobots/turtlebot_virtual_lab/install/turtlebot4_simulator/share/turtlebot4_simulator/package.xml
[0.759s] Invoked command in '/home/robotai/AutoRobots/turtlebot_virtual_lab/build/turtlebot4_simulator' returned '0': AMENT_PREFIX_PATH=/home/robotai/AutoRobots/turtlebot_virtual_lab/install/turtlebot4_ignition_bringup:/home/robotai/AutoRobots/turtlebot_virtual_lab/install/turtlebot4_ignition_toolbox:/home/robotai/AutoRobots/turtlebot_virtual_lab/install/turtlebot4_ignition_gui_plugins:${AMENT_PREFIX_PATH} CMAKE_PREFIX_PATH=/home/robotai/AutoRobots/turtlebot_virtual_lab/install/turtlebot4_ignition_bringup:/home/robotai/AutoRobots/turtlebot_virtual_lab/install/turtlebot4_ignition_toolbox:/home/robotai/AutoRobots/turtlebot_virtual_lab/install/turtlebot4_ignition_gui_plugins:/opt/ros/humble /usr/bin/cmake --install /home/robotai/AutoRobots/turtlebot_virtual_lab/build/turtlebot4_simulator
