[0.127s] DEBUG:colcon:Command line arguments: ['/usr/bin/colcon', 'build']
[0.128s] DEBUG:colcon:Parsed command line arguments: Namespace(log_base=None, log_level=None, verb_name='build', build_base='build', install_base='install', merge_install=False, symlink_install=False, test_result_base=None, continue_on_error=False, executor='parallel', parallel_workers=6, event_handlers=None, ignore_user_meta=False, metas=['./colcon.meta'], base_paths=['.'], packages_ignore=None, packages_ignore_regex=None, paths=None, packages_up_to=None, packages_up_to_regex=None, packages_above=None, packages_above_and_dependencies=None, packages_above_depth=None, packages_select_by_dep=None, packages_skip_by_dep=None, packages_skip_up_to=None, packages_select_build_failed=False, packages_skip_build_finished=False, packages_select_test_failures=False, packages_skip_test_passed=False, packages_select=None, packages_skip=None, packages_select_regex=None, packages_skip_regex=None, packages_start=None, packages_end=None, allow_overriding=[], cmake_args=None, cmake_target=None, cmake_target_skip_unavailable=False, cmake_clean_cache=False, cmake_clean_first=False, cmake_force_configure=False, ament_cmake_args=None, catkin_cmake_args=None, catkin_skip_building_tests=False, mixin_files=None, mixin=None, verb_parser=<colcon_mixin.mixin.mixin_argument.MixinArgumentDecorator object at 0x79201e24e0b0>, verb_extension=<colcon_core.verb.build.BuildVerb object at 0x79201e24da20>, main=<bound method BuildVerb.main of <colcon_core.verb.build.BuildVerb object at 0x79201e24da20>>, mixin_verb=('build',))
[0.286s] Level 1:colcon.colcon_core.package_discovery:discover_packages(colcon_meta) check parameters
[0.287s] Level 1:colcon.colcon_core.package_discovery:discover_packages(recursive) check parameters
[0.287s] Level 1:colcon.colcon_core.package_discovery:discover_packages(ignore) check parameters
[0.287s] Level 1:colcon.colcon_core.package_discovery:discover_packages(path) check parameters
[0.287s] Level 1:colcon.colcon_core.package_discovery:discover_packages(colcon_meta) discover
[0.287s] Level 1:colcon.colcon_core.package_discovery:discover_packages(recursive) discover
[0.287s] INFO:colcon.colcon_core.package_discovery:Crawling recursively for packages in '/home/robotai/AutoRobots/SamLab6'
[0.287s] Level 1:colcon.colcon_core.package_identification:_identify(.) by extensions ['ignore', 'ignore_ament_install']
[0.287s] Level 1:colcon.colcon_core.package_identification:_identify(.) by extension 'ignore'
[0.287s] Level 1:colcon.colcon_core.package_identification:_identify(.) by extension 'ignore_ament_install'
[0.287s] Level 1:colcon.colcon_core.package_identification:_identify(.) by extensions ['colcon_pkg']
[0.287s] Level 1:colcon.colcon_core.package_identification:_identify(.) by extension 'colcon_pkg'
[0.287s] Level 1:colcon.colcon_core.package_identification:_identify(.) by extensions ['colcon_meta']
[0.287s] Level 1:colcon.colcon_core.package_identification:_identify(.) by extension 'colcon_meta'
[0.287s] Level 1:colcon.colcon_core.package_identification:_identify(.) by extensions ['ros']
[0.287s] Level 1:colcon.colcon_core.package_identification:_identify(.) by extension 'ros'
[0.301s] Level 1:colcon.colcon_core.package_identification:_identify(.) by extensions ['cmake', 'python']
[0.301s] Level 1:colcon.colcon_core.package_identification:_identify(.) by extension 'cmake'
[0.301s] Level 1:colcon.colcon_core.package_identification:_identify(.) by extension 'python'
[0.301s] Level 1:colcon.colcon_core.package_identification:_identify(.) by extensions ['python_setup_py']
[0.301s] Level 1:colcon.colcon_core.package_identification:_identify(.) by extension 'python_setup_py'
[0.301s] Level 1:colcon.colcon_core.package_identification:_identify(build) by extensions ['ignore', 'ignore_ament_install']
[0.301s] Level 1:colcon.colcon_core.package_identification:_identify(build) by extension 'ignore'
[0.301s] Level 1:colcon.colcon_core.package_identification:_identify(build) ignored
[0.301s] Level 1:colcon.colcon_core.package_identification:_identify(install) by extensions ['ignore', 'ignore_ament_install']
[0.301s] Level 1:colcon.colcon_core.package_identification:_identify(install) by extension 'ignore'
[0.301s] Level 1:colcon.colcon_core.package_identification:_identify(install) ignored
[0.301s] Level 1:colcon.colcon_core.package_identification:_identify(log) by extensions ['ignore', 'ignore_ament_install']
[0.301s] Level 1:colcon.colcon_core.package_identification:_identify(log) by extension 'ignore'
[0.301s] Level 1:colcon.colcon_core.package_identification:_identify(log) ignored
[0.302s] Level 1:colcon.colcon_core.package_identification:_identify(tb4_cpp_prac6) by extensions ['ignore', 'ignore_ament_install']
[0.302s] Level 1:colcon.colcon_core.package_identification:_identify(tb4_cpp_prac6) by extension 'ignore'
[0.302s] Level 1:colcon.colcon_core.package_identification:_identify(tb4_cpp_prac6) by extension 'ignore_ament_install'
[0.302s] Level 1:colcon.colcon_core.package_identification:_identify(tb4_cpp_prac6) by extensions ['colcon_pkg']
[0.302s] Level 1:colcon.colcon_core.package_identification:_identify(tb4_cpp_prac6) by extension 'colcon_pkg'
[0.302s] Level 1:colcon.colcon_core.package_identification:_identify(tb4_cpp_prac6) by extensions ['colcon_meta']
[0.302s] Level 1:colcon.colcon_core.package_identification:_identify(tb4_cpp_prac6) by extension 'colcon_meta'
[0.302s] Level 1:colcon.colcon_core.package_identification:_identify(tb4_cpp_prac6) by extensions ['ros']
[0.302s] Level 1:colcon.colcon_core.package_identification:_identify(tb4_cpp_prac6) by extension 'ros'
[0.302s] Level 1:colcon.colcon_core.package_identification:_identify(tb4_cpp_prac6) by extensions ['cmake', 'python']
[0.302s] Level 1:colcon.colcon_core.package_identification:_identify(tb4_cpp_prac6) by extension 'cmake'
[0.302s] Level 1:colcon.colcon_core.package_identification:_identify(tb4_cpp_prac6) by extension 'python'
[0.302s] Level 1:colcon.colcon_core.package_identification:_identify(tb4_cpp_prac6) by extensions ['python_setup_py']
[0.302s] Level 1:colcon.colcon_core.package_identification:_identify(tb4_cpp_prac6) by extension 'python_setup_py'
[0.302s] Level 1:colcon.colcon_core.package_identification:_identify(tb4_cpp_prac6/tb4_cpp_prac6) by extensions ['ignore', 'ignore_ament_install']
[0.302s] Level 1:colcon.colcon_core.package_identification:_identify(tb4_cpp_prac6/tb4_cpp_prac6) by extension 'ignore'
[0.302s] Level 1:colcon.colcon_core.package_identification:_identify(tb4_cpp_prac6/tb4_cpp_prac6) by extension 'ignore_ament_install'
[0.302s] Level 1:colcon.colcon_core.package_identification:_identify(tb4_cpp_prac6/tb4_cpp_prac6) by extensions ['colcon_pkg']
[0.302s] Level 1:colcon.colcon_core.package_identification:_identify(tb4_cpp_prac6/tb4_cpp_prac6) by extension 'colcon_pkg'
[0.302s] Level 1:colcon.colcon_core.package_identification:_identify(tb4_cpp_prac6/tb4_cpp_prac6) by extensions ['colcon_meta']
[0.302s] Level 1:colcon.colcon_core.package_identification:_identify(tb4_cpp_prac6/tb4_cpp_prac6) by extension 'colcon_meta'
[0.302s] Level 1:colcon.colcon_core.package_identification:_identify(tb4_cpp_prac6/tb4_cpp_prac6) by extensions ['ros']
[0.302s] Level 1:colcon.colcon_core.package_identification:_identify(tb4_cpp_prac6/tb4_cpp_prac6) by extension 'ros'
[0.307s] DEBUG:colcon.colcon_core.package_identification:Package 'tb4_cpp_prac6/tb4_cpp_prac6' with type 'ros.ament_cmake' and name 'tb4_cpp_prac6'
[0.307s] Level 1:colcon.colcon_core.package_discovery:discover_packages(recursive) using defaults
[0.307s] Level 1:colcon.colcon_core.package_discovery:discover_packages(ignore) discover
[0.307s] Level 1:colcon.colcon_core.package_discovery:discover_packages(ignore) using defaults
[0.307s] Level 1:colcon.colcon_core.package_discovery:discover_packages(path) discover
[0.307s] Level 1:colcon.colcon_core.package_discovery:discover_packages(path) using defaults
[0.346s] Level 1:colcon.colcon_core.package_discovery:discover_packages(prefix_path) check parameters
[0.346s] Level 1:colcon.colcon_core.package_discovery:discover_packages(prefix_path) discover
[0.348s] DEBUG:colcon.colcon_installed_package_information.package_discovery:Found 389 installed packages in /opt/ros/humble
[0.350s] Level 1:colcon.colcon_core.package_discovery:discover_packages(prefix_path) using defaults
[0.392s] Level 5:colcon.colcon_core.verb:set package 'tb4_cpp_prac6' build argument 'cmake_args' from command line to 'None'
[0.392s] Level 5:colcon.colcon_core.verb:set package 'tb4_cpp_prac6' build argument 'cmake_target' from command line to 'None'
[0.392s] Level 5:colcon.colcon_core.verb:set package 'tb4_cpp_prac6' build argument 'cmake_target_skip_unavailable' from command line to 'False'
[0.392s] Level 5:colcon.colcon_core.verb:set package 'tb4_cpp_prac6' build argument 'cmake_clean_cache' from command line to 'False'
[0.392s] Level 5:colcon.colcon_core.verb:set package 'tb4_cpp_prac6' build argument 'cmake_clean_first' from command line to 'False'
[0.392s] Level 5:colcon.colcon_core.verb:set package 'tb4_cpp_prac6' build argument 'cmake_force_configure' from command line to 'False'
[0.392s] Level 5:colcon.colcon_core.verb:set package 'tb4_cpp_prac6' build argument 'ament_cmake_args' from command line to 'None'
[0.392s] Level 5:colcon.colcon_core.verb:set package 'tb4_cpp_prac6' build argument 'catkin_cmake_args' from command line to 'None'
[0.392s] Level 5:colcon.colcon_core.verb:set package 'tb4_cpp_prac6' build argument 'catkin_skip_building_tests' from command line to 'False'
[0.392s] DEBUG:colcon.colcon_core.verb:Building package 'tb4_cpp_prac6' with the following arguments: {'ament_cmake_args': None, 'build_base': '/home/robotai/AutoRobots/SamLab6/build/tb4_cpp_prac6', 'catkin_cmake_args': None, 'catkin_skip_building_tests': False, 'cmake_args': None, 'cmake_clean_cache': False, 'cmake_clean_first': False, 'cmake_force_configure': False, 'cmake_target': None, 'cmake_target_skip_unavailable': False, 'install_base': '/home/robotai/AutoRobots/SamLab6/install/tb4_cpp_prac6', 'merge_install': False, 'path': '/home/robotai/AutoRobots/SamLab6/tb4_cpp_prac6/tb4_cpp_prac6', 'symlink_install': False, 'test_result_base': None}
[0.392s] INFO:colcon.colcon_core.executor:Executing jobs using 'parallel' executor
[0.393s] DEBUG:colcon.colcon_parallel_executor.executor.parallel:run_until_complete
[0.394s] INFO:colcon.colcon_ros.task.ament_cmake.build:Building ROS package in '/home/robotai/AutoRobots/SamLab6/tb4_cpp_prac6/tb4_cpp_prac6' with build type 'ament_cmake'
[0.394s] INFO:colcon.colcon_cmake.task.cmake.build:Building CMake package in '/home/robotai/AutoRobots/SamLab6/tb4_cpp_prac6/tb4_cpp_prac6'
[0.395s] INFO:colcon.colcon_core.plugin_system:Skipping extension 'colcon_core.shell.bat': Not used on non-Windows systems
[0.396s] INFO:colcon.colcon_core.shell:Skip shell extension 'powershell' for command environment: Not usable outside of PowerShell
[0.396s] DEBUG:colcon.colcon_core.shell:Skip shell extension 'dsv' for command environment
[0.403s] DEBUG:colcon.colcon_core.event_handler.log_command:Invoking command in '/home/robotai/AutoRobots/SamLab6/build/tb4_cpp_prac6': CMAKE_PREFIX_PATH=/opt/ros/humble /usr/bin/cmake --build /home/robotai/AutoRobots/SamLab6/build/tb4_cpp_prac6 -- -j6 -l6
[22.057s] DEBUG:colcon.colcon_core.event_handler.log_command:Invoked command in '/home/robotai/AutoRobots/SamLab6/build/tb4_cpp_prac6' returned '0': CMAKE_PREFIX_PATH=/opt/ros/humble /usr/bin/cmake --build /home/robotai/AutoRobots/SamLab6/build/tb4_cpp_prac6 -- -j6 -l6
[22.065s] DEBUG:colcon.colcon_core.event_handler.log_command:Invoking command in '/home/robotai/AutoRobots/SamLab6/build/tb4_cpp_prac6': CMAKE_PREFIX_PATH=/opt/ros/humble /usr/bin/cmake --install /home/robotai/AutoRobots/SamLab6/build/tb4_cpp_prac6
[22.084s] Level 1:colcon.colcon_core.environment:create_environment_scripts_only(tb4_cpp_prac6)
[22.086s] DEBUG:colcon.colcon_core.event_handler.log_command:Invoked command in '/home/robotai/AutoRobots/SamLab6/build/tb4_cpp_prac6' returned '0': CMAKE_PREFIX_PATH=/opt/ros/humble /usr/bin/cmake --install /home/robotai/AutoRobots/SamLab6/build/tb4_cpp_prac6
[22.086s] Level 1:colcon.colcon_core.environment:checking '/home/robotai/AutoRobots/SamLab6/install/tb4_cpp_prac6' for CMake module files
[22.087s] Level 1:colcon.colcon_core.environment:checking '/home/robotai/AutoRobots/SamLab6/install/tb4_cpp_prac6' for CMake config files
[22.087s] Level 1:colcon.colcon_core.shell:create_environment_hook('tb4_cpp_prac6', 'cmake_prefix_path')
[22.087s] INFO:colcon.colcon_core.shell:Creating environment hook '/home/robotai/AutoRobots/SamLab6/install/tb4_cpp_prac6/share/tb4_cpp_prac6/hook/cmake_prefix_path.ps1'
[22.096s] INFO:colcon.colcon_core.shell:Creating environment descriptor '/home/robotai/AutoRobots/SamLab6/install/tb4_cpp_prac6/share/tb4_cpp_prac6/hook/cmake_prefix_path.dsv'
[22.100s] INFO:colcon.colcon_core.shell:Creating environment hook '/home/robotai/AutoRobots/SamLab6/install/tb4_cpp_prac6/share/tb4_cpp_prac6/hook/cmake_prefix_path.sh'
[22.112s] Level 1:colcon.colcon_core.environment:checking '/home/robotai/AutoRobots/SamLab6/install/tb4_cpp_prac6/lib'
[22.112s] Level 1:colcon.colcon_core.environment:checking '/home/robotai/AutoRobots/SamLab6/install/tb4_cpp_prac6/bin'
[22.112s] Level 1:colcon.colcon_core.environment:checking '/home/robotai/AutoRobots/SamLab6/install/tb4_cpp_prac6/lib/pkgconfig/tb4_cpp_prac6.pc'
[22.113s] Level 1:colcon.colcon_core.environment:checking '/home/robotai/AutoRobots/SamLab6/install/tb4_cpp_prac6/lib/python3.10/site-packages'
[22.113s] Level 1:colcon.colcon_core.environment:checking '/home/robotai/AutoRobots/SamLab6/install/tb4_cpp_prac6/bin'
[22.113s] INFO:colcon.colcon_core.shell:Creating package script '/home/robotai/AutoRobots/SamLab6/install/tb4_cpp_prac6/share/tb4_cpp_prac6/package.ps1'
[22.114s] INFO:colcon.colcon_core.shell:Creating package descriptor '/home/robotai/AutoRobots/SamLab6/install/tb4_cpp_prac6/share/tb4_cpp_prac6/package.dsv'
[22.115s] INFO:colcon.colcon_core.shell:Creating package script '/home/robotai/AutoRobots/SamLab6/install/tb4_cpp_prac6/share/tb4_cpp_prac6/package.sh'
[22.115s] INFO:colcon.colcon_core.shell:Creating package script '/home/robotai/AutoRobots/SamLab6/install/tb4_cpp_prac6/share/tb4_cpp_prac6/package.bash'
[22.116s] INFO:colcon.colcon_core.shell:Creating package script '/home/robotai/AutoRobots/SamLab6/install/tb4_cpp_prac6/share/tb4_cpp_prac6/package.zsh'
[22.116s] Level 1:colcon.colcon_core.environment:create_file_with_runtime_dependencies(/home/robotai/AutoRobots/SamLab6/install/tb4_cpp_prac6/share/colcon-core/packages/tb4_cpp_prac6)
[22.117s] Level 1:colcon.colcon_core.environment:create_environment_scripts_only(tb4_cpp_prac6)
[22.117s] Level 1:colcon.colcon_core.environment:checking '/home/robotai/AutoRobots/SamLab6/install/tb4_cpp_prac6' for CMake module files
[22.118s] Level 1:colcon.colcon_core.environment:checking '/home/robotai/AutoRobots/SamLab6/install/tb4_cpp_prac6' for CMake config files
[22.118s] Level 1:colcon.colcon_core.shell:create_environment_hook('tb4_cpp_prac6', 'cmake_prefix_path')
[22.118s] INFO:colcon.colcon_core.shell:Creating environment hook '/home/robotai/AutoRobots/SamLab6/install/tb4_cpp_prac6/share/tb4_cpp_prac6/hook/cmake_prefix_path.ps1'
[22.118s] INFO:colcon.colcon_core.shell:Creating environment descriptor '/home/robotai/AutoRobots/SamLab6/install/tb4_cpp_prac6/share/tb4_cpp_prac6/hook/cmake_prefix_path.dsv'
[22.119s] INFO:colcon.colcon_core.shell:Creating environment hook '/home/robotai/AutoRobots/SamLab6/install/tb4_cpp_prac6/share/tb4_cpp_prac6/hook/cmake_prefix_path.sh'
[22.119s] Level 1:colcon.colcon_core.environment:checking '/home/robotai/AutoRobots/SamLab6/install/tb4_cpp_prac6/lib'
[22.119s] Level 1:colcon.colcon_core.environment:checking '/home/robotai/AutoRobots/SamLab6/install/tb4_cpp_prac6/bin'
[22.119s] Level 1:colcon.colcon_core.environment:checking '/home/robotai/AutoRobots/SamLab6/install/tb4_cpp_prac6/lib/pkgconfig/tb4_cpp_prac6.pc'
[22.119s] Level 1:colcon.colcon_core.environment:checking '/home/robotai/AutoRobots/SamLab6/install/tb4_cpp_prac6/lib/python3.10/site-packages'
[22.120s] Level 1:colcon.colcon_core.environment:checking '/home/robotai/AutoRobots/SamLab6/install/tb4_cpp_prac6/bin'
[22.120s] INFO:colcon.colcon_core.shell:Creating package script '/home/robotai/AutoRobots/SamLab6/install/tb4_cpp_prac6/share/tb4_cpp_prac6/package.ps1'
[22.120s] INFO:colcon.colcon_core.shell:Creating package descriptor '/home/robotai/AutoRobots/SamLab6/install/tb4_cpp_prac6/share/tb4_cpp_prac6/package.dsv'
[22.121s] INFO:colcon.colcon_core.shell:Creating package script '/home/robotai/AutoRobots/SamLab6/install/tb4_cpp_prac6/share/tb4_cpp_prac6/package.sh'
[22.121s] INFO:colcon.colcon_core.shell:Creating package script '/home/robotai/AutoRobots/SamLab6/install/tb4_cpp_prac6/share/tb4_cpp_prac6/package.bash'
[22.122s] INFO:colcon.colcon_core.shell:Creating package script '/home/robotai/AutoRobots/SamLab6/install/tb4_cpp_prac6/share/tb4_cpp_prac6/package.zsh'
[22.122s] Level 1:colcon.colcon_core.environment:create_file_with_runtime_dependencies(/home/robotai/AutoRobots/SamLab6/install/tb4_cpp_prac6/share/colcon-core/packages/tb4_cpp_prac6)
[22.122s] DEBUG:colcon.colcon_parallel_executor.executor.parallel:closing loop
[22.123s] DEBUG:colcon.colcon_parallel_executor.executor.parallel:loop closed
[22.123s] DEBUG:colcon.colcon_parallel_executor.executor.parallel:run_until_complete finished with '0'
[22.123s] DEBUG:colcon.colcon_core.event_reactor:joining thread
[22.127s] INFO:colcon.colcon_core.plugin_system:Skipping extension 'colcon_notification.desktop_notification.terminal_notifier': Not used on non-Darwin systems
[22.127s] INFO:colcon.colcon_core.plugin_system:Skipping extension 'colcon_notification.desktop_notification.win32': Not used on non-Windows systems
[22.127s] INFO:colcon.colcon_notification.desktop_notification:Sending desktop notification using 'notify2'
[22.149s] DEBUG:colcon.colcon_core.event_reactor:joined thread
[22.149s] INFO:colcon.colcon_core.shell:Creating prefix script '/home/robotai/AutoRobots/SamLab6/install/local_setup.ps1'
[22.150s] INFO:colcon.colcon_core.shell:Creating prefix util module '/home/robotai/AutoRobots/SamLab6/install/_local_setup_util_ps1.py'
[22.151s] INFO:colcon.colcon_core.shell:Creating prefix chain script '/home/robotai/AutoRobots/SamLab6/install/setup.ps1'
[22.153s] INFO:colcon.colcon_core.shell:Creating prefix script '/home/robotai/AutoRobots/SamLab6/install/local_setup.sh'
[22.153s] INFO:colcon.colcon_core.shell:Creating prefix util module '/home/robotai/AutoRobots/SamLab6/install/_local_setup_util_sh.py'
[22.154s] INFO:colcon.colcon_core.shell:Creating prefix chain script '/home/robotai/AutoRobots/SamLab6/install/setup.sh'
[22.160s] INFO:colcon.colcon_core.shell:Creating prefix script '/home/robotai/AutoRobots/SamLab6/install/local_setup.bash'
[22.160s] INFO:colcon.colcon_core.shell:Creating prefix chain script '/home/robotai/AutoRobots/SamLab6/install/setup.bash'
[22.162s] INFO:colcon.colcon_core.shell:Creating prefix script '/home/robotai/AutoRobots/SamLab6/install/local_setup.zsh'
[22.163s] INFO:colcon.colcon_core.shell:Creating prefix chain script '/home/robotai/AutoRobots/SamLab6/install/setup.zsh'
