[0.011s] Invoking command in '/home/robotai/AutoRobots/SamLab1/tb4_ws/build/tb4_cpp_prac1': CMAKE_PREFIX_PATH=${CMAKE_PREFIX_PATH}:/opt/ros/humble /usr/bin/cmake --build /home/robotai/AutoRobots/SamLab1/tb4_ws/build/tb4_cpp_prac1 -- -j6 -l6
[0.036s] -- Found ament_cmake: 1.3.14 (/opt/ros/humble/share/ament_cmake/cmake)
[0.152s] -- Found rclcpp: 16.0.19 (/opt/ros/humble/share/rclcpp/cmake)
[0.177s] -- Found rosidl_generator_c: 3.1.9 (/opt/ros/humble/share/rosidl_generator_c/cmake)
[0.179s] -- Found rosidl_adapter: 3.1.9 (/opt/ros/humble/share/rosidl_adapter/cmake)
[0.184s] -- Found rosidl_generator_cpp: 3.1.9 (/opt/ros/humble/share/rosidl_generator_cpp/cmake)
[0.192s] -- Using all available rosidl_typesupport_c: rosidl_typesupport_fastrtps_c;rosidl_typesupport_introspection_c
[0.203s] -- Using all available rosidl_typesupport_cpp: rosidl_typesupport_fastrtps_cpp;rosidl_typesupport_introspection_cpp
[0.231s] -- Found rmw_implementation_cmake: 6.1.2 (/opt/ros/humble/share/rmw_implementation_cmake/cmake)
[0.232s] -- Found rmw_fastrtps_cpp: 6.2.10 (/opt/ros/humble/share/rmw_fastrtps_cpp/cmake)
[0.327s] -- Using RMW implementation 'rmw_fastrtps_cpp' as default
[0.373s] -- Found irobot_create_msgs: 2.1.0 (/opt/ros/humble/share/irobot_create_msgs/cmake)
[0.421s] -- Found std_srvs: 4.9.1 (/opt/ros/humble/share/std_srvs/cmake)
[0.429s] -- Found rclcpp_action: 16.0.19 (/opt/ros/humble/share/rclcpp_action/cmake)
[0.436s] -- Found nav_msgs: 4.9.1 (/opt/ros/humble/share/nav_msgs/cmake)
[0.454s] -- Found ament_lint_auto: 0.12.15 (/opt/ros/humble/share/ament_lint_auto/cmake)
[0.518s] -- Added test 'cppcheck' to perform static code analysis on C / C++ code
[0.519s] -- Configured cppcheck include dirs: $<BUILD_INTERFACE:/home/robotai/AutoRobots/SamLab1/tb4_ws/src/tb4_cpp_prac1/include>
[0.519s] -- Configured cppcheck exclude dirs and/or files: 
[0.520s] -- Added test 'lint_cmake' to check CMake code style
[0.520s] -- Added test 'uncrustify' to check C / C++ code style
[0.521s] -- Configured uncrustify additional arguments: 
[0.521s] -- Added test 'xmllint' to check XML markup files
[0.522s] -- Configuring done
[0.542s] -- Generating done
[0.548s] -- Build files have been written to: /home/robotai/AutoRobots/SamLab1/tb4_ws/build/tb4_cpp_prac1
[0.579s] [35m[1mConsolidate compiler generated dependencies of target tb4_cpp_node[0m
[0.579s] [35m[1mConsolidate compiler generated dependencies of target tb4_cpp_srv_server[0m
[0.591s] [ 16%] [32mBuilding CXX object CMakeFiles/tb4_cpp_action_server.dir/src/tb4_cpp_action_server.cpp.o[0m
[0.598s] [ 50%] Built target tb4_cpp_node
[0.602s] [ 83%] Built target tb4_cpp_srv_server
[3.249s] [01m[K/home/robotai/AutoRobots/SamLab1/tb4_ws/src/tb4_cpp_prac1/src/tb4_cpp_action_server.cpp:[m[K In function ‘[01m[Kint main(int, char**)[m[K’:
[3.249s] [01m[K/home/robotai/AutoRobots/SamLab1/tb4_ws/src/tb4_cpp_prac1/src/tb4_cpp_action_server.cpp:156:3:[m[K [01;31m[Kerror: [m[K‘[01m[Kinclude[m[K’ was not declared in this scope
[3.249s]   156 |   [01;31m[Kinclude[m[K subscriber callback
[3.249s]       |   [01;31m[K^~~~~~~[m[K
[6.147s] gmake[2]: *** [CMakeFiles/tb4_cpp_action_server.dir/build.make:76: CMakeFiles/tb4_cpp_action_server.dir/src/tb4_cpp_action_server.cpp.o] Error 1
[6.147s] gmake[1]: *** [CMakeFiles/Makefile2:193: CMakeFiles/tb4_cpp_action_server.dir/all] Error 2
[6.148s] gmake: *** [Makefile:146: all] Error 2
[6.154s] Invoked command in '/home/robotai/AutoRobots/SamLab1/tb4_ws/build/tb4_cpp_prac1' returned '2': CMAKE_PREFIX_PATH=${CMAKE_PREFIX_PATH}:/opt/ros/humble /usr/bin/cmake --build /home/robotai/AutoRobots/SamLab1/tb4_ws/build/tb4_cpp_prac1 -- -j6 -l6
