[0.130s] DEBUG:colcon:Command line arguments: ['/usr/bin/colcon', 'build']
[0.130s] DEBUG:colcon:Parsed command line arguments: Namespace(log_base=None, log_level=None, verb_name='build', build_base='build', install_base='install', merge_install=False, symlink_install=False, test_result_base=None, continue_on_error=False, executor='parallel', parallel_workers=6, event_handlers=None, ignore_user_meta=False, metas=['./colcon.meta'], base_paths=['.'], packages_ignore=None, packages_ignore_regex=None, paths=None, packages_up_to=None, packages_up_to_regex=None, packages_above=None, packages_above_and_dependencies=None, packages_above_depth=None, packages_select_by_dep=None, packages_skip_by_dep=None, packages_skip_up_to=None, packages_select_build_failed=False, packages_skip_build_finished=False, packages_select_test_failures=False, packages_skip_test_passed=False, packages_select=None, packages_skip=None, packages_select_regex=None, packages_skip_regex=None, packages_start=None, packages_end=None, allow_overriding=[], cmake_args=None, cmake_target=None, cmake_target_skip_unavailable=False, cmake_clean_cache=False, cmake_clean_first=False, cmake_force_configure=False, ament_cmake_args=None, catkin_cmake_args=None, catkin_skip_building_tests=False, mixin_files=None, mixin=None, verb_parser=<colcon_mixin.mixin.mixin_argument.MixinArgumentDecorator object at 0x7a95da659e70>, verb_extension=<colcon_core.verb.build.BuildVerb object at 0x7a95da6594b0>, main=<bound method BuildVerb.main of <colcon_core.verb.build.BuildVerb object at 0x7a95da6594b0>>, mixin_verb=('build',))
[0.294s] Level 1:colcon.colcon_core.package_discovery:discover_packages(colcon_meta) check parameters
[0.294s] Level 1:colcon.colcon_core.package_discovery:discover_packages(recursive) check parameters
[0.294s] Level 1:colcon.colcon_core.package_discovery:discover_packages(ignore) check parameters
[0.294s] Level 1:colcon.colcon_core.package_discovery:discover_packages(path) check parameters
[0.294s] Level 1:colcon.colcon_core.package_discovery:discover_packages(colcon_meta) discover
[0.294s] Level 1:colcon.colcon_core.package_discovery:discover_packages(recursive) discover
[0.294s] INFO:colcon.colcon_core.package_discovery:Crawling recursively for packages in '/home/robotai/AutoRobots/SamLab5'
[0.294s] Level 1:colcon.colcon_core.package_identification:_identify(.) by extensions ['ignore', 'ignore_ament_install']
[0.294s] Level 1:colcon.colcon_core.package_identification:_identify(.) by extension 'ignore'
[0.294s] Level 1:colcon.colcon_core.package_identification:_identify(.) by extension 'ignore_ament_install'
[0.294s] Level 1:colcon.colcon_core.package_identification:_identify(.) by extensions ['colcon_pkg']
[0.294s] Level 1:colcon.colcon_core.package_identification:_identify(.) by extension 'colcon_pkg'
[0.294s] Level 1:colcon.colcon_core.package_identification:_identify(.) by extensions ['colcon_meta']
[0.294s] Level 1:colcon.colcon_core.package_identification:_identify(.) by extension 'colcon_meta'
[0.294s] Level 1:colcon.colcon_core.package_identification:_identify(.) by extensions ['ros']
[0.294s] Level 1:colcon.colcon_core.package_identification:_identify(.) by extension 'ros'
[0.305s] Level 1:colcon.colcon_core.package_identification:_identify(.) by extensions ['cmake', 'python']
[0.305s] Level 1:colcon.colcon_core.package_identification:_identify(.) by extension 'cmake'
[0.305s] Level 1:colcon.colcon_core.package_identification:_identify(.) by extension 'python'
[0.305s] Level 1:colcon.colcon_core.package_identification:_identify(.) by extensions ['python_setup_py']
[0.305s] Level 1:colcon.colcon_core.package_identification:_identify(.) by extension 'python_setup_py'
[0.305s] Level 1:colcon.colcon_core.package_identification:_identify(build) by extensions ['ignore', 'ignore_ament_install']
[0.305s] Level 1:colcon.colcon_core.package_identification:_identify(build) by extension 'ignore'
[0.305s] Level 1:colcon.colcon_core.package_identification:_identify(build) ignored
[0.305s] Level 1:colcon.colcon_core.package_identification:_identify(install) by extensions ['ignore', 'ignore_ament_install']
[0.305s] Level 1:colcon.colcon_core.package_identification:_identify(install) by extension 'ignore'
[0.305s] Level 1:colcon.colcon_core.package_identification:_identify(install) ignored
[0.305s] Level 1:colcon.colcon_core.package_identification:_identify(log) by extensions ['ignore', 'ignore_ament_install']
[0.306s] Level 1:colcon.colcon_core.package_identification:_identify(log) by extension 'ignore'
[0.306s] Level 1:colcon.colcon_core.package_identification:_identify(log) ignored
[0.306s] Level 1:colcon.colcon_core.package_identification:_identify(tb4_cpp_prac5) by extensions ['ignore', 'ignore_ament_install']
[0.306s] Level 1:colcon.colcon_core.package_identification:_identify(tb4_cpp_prac5) by extension 'ignore'
[0.306s] Level 1:colcon.colcon_core.package_identification:_identify(tb4_cpp_prac5) by extension 'ignore_ament_install'
[0.306s] Level 1:colcon.colcon_core.package_identification:_identify(tb4_cpp_prac5) by extensions ['colcon_pkg']
[0.306s] Level 1:colcon.colcon_core.package_identification:_identify(tb4_cpp_prac5) by extension 'colcon_pkg'
[0.306s] Level 1:colcon.colcon_core.package_identification:_identify(tb4_cpp_prac5) by extensions ['colcon_meta']
[0.306s] Level 1:colcon.colcon_core.package_identification:_identify(tb4_cpp_prac5) by extension 'colcon_meta'
[0.306s] Level 1:colcon.colcon_core.package_identification:_identify(tb4_cpp_prac5) by extensions ['ros']
[0.306s] Level 1:colcon.colcon_core.package_identification:_identify(tb4_cpp_prac5) by extension 'ros'
[0.306s] Level 1:colcon.colcon_core.package_identification:_identify(tb4_cpp_prac5) by extensions ['cmake', 'python']
[0.306s] Level 1:colcon.colcon_core.package_identification:_identify(tb4_cpp_prac5) by extension 'cmake'
[0.306s] Level 1:colcon.colcon_core.package_identification:_identify(tb4_cpp_prac5) by extension 'python'
[0.306s] Level 1:colcon.colcon_core.package_identification:_identify(tb4_cpp_prac5) by extensions ['python_setup_py']
[0.306s] Level 1:colcon.colcon_core.package_identification:_identify(tb4_cpp_prac5) by extension 'python_setup_py'
[0.306s] Level 1:colcon.colcon_core.package_identification:_identify(tb4_cpp_prac5/tb4_cpp_prac5) by extensions ['ignore', 'ignore_ament_install']
[0.306s] Level 1:colcon.colcon_core.package_identification:_identify(tb4_cpp_prac5/tb4_cpp_prac5) by extension 'ignore'
[0.306s] Level 1:colcon.colcon_core.package_identification:_identify(tb4_cpp_prac5/tb4_cpp_prac5) by extension 'ignore_ament_install'
[0.306s] Level 1:colcon.colcon_core.package_identification:_identify(tb4_cpp_prac5/tb4_cpp_prac5) by extensions ['colcon_pkg']
[0.306s] Level 1:colcon.colcon_core.package_identification:_identify(tb4_cpp_prac5/tb4_cpp_prac5) by extension 'colcon_pkg'
[0.306s] Level 1:colcon.colcon_core.package_identification:_identify(tb4_cpp_prac5/tb4_cpp_prac5) by extensions ['colcon_meta']
[0.306s] Level 1:colcon.colcon_core.package_identification:_identify(tb4_cpp_prac5/tb4_cpp_prac5) by extension 'colcon_meta'
[0.306s] Level 1:colcon.colcon_core.package_identification:_identify(tb4_cpp_prac5/tb4_cpp_prac5) by extensions ['ros']
[0.306s] Level 1:colcon.colcon_core.package_identification:_identify(tb4_cpp_prac5/tb4_cpp_prac5) by extension 'ros'
[0.310s] DEBUG:colcon.colcon_core.package_identification:Package 'tb4_cpp_prac5/tb4_cpp_prac5' with type 'ros.ament_cmake' and name 'tb4_cpp_prac5'
[0.310s] Level 1:colcon.colcon_core.package_discovery:discover_packages(recursive) using defaults
[0.310s] Level 1:colcon.colcon_core.package_discovery:discover_packages(ignore) discover
[0.310s] Level 1:colcon.colcon_core.package_discovery:discover_packages(ignore) using defaults
[0.310s] Level 1:colcon.colcon_core.package_discovery:discover_packages(path) discover
[0.310s] Level 1:colcon.colcon_core.package_discovery:discover_packages(path) using defaults
[0.352s] Level 1:colcon.colcon_core.package_discovery:discover_packages(prefix_path) check parameters
[0.352s] Level 1:colcon.colcon_core.package_discovery:discover_packages(prefix_path) discover
[0.359s] DEBUG:colcon.colcon_installed_package_information.package_discovery:Found 389 installed packages in /opt/ros/humble
[0.361s] Level 1:colcon.colcon_core.package_discovery:discover_packages(prefix_path) using defaults
[0.416s] Level 5:colcon.colcon_core.verb:set package 'tb4_cpp_prac5' build argument 'cmake_args' from command line to 'None'
[0.417s] Level 5:colcon.colcon_core.verb:set package 'tb4_cpp_prac5' build argument 'cmake_target' from command line to 'None'
[0.417s] Level 5:colcon.colcon_core.verb:set package 'tb4_cpp_prac5' build argument 'cmake_target_skip_unavailable' from command line to 'False'
[0.417s] Level 5:colcon.colcon_core.verb:set package 'tb4_cpp_prac5' build argument 'cmake_clean_cache' from command line to 'False'
[0.417s] Level 5:colcon.colcon_core.verb:set package 'tb4_cpp_prac5' build argument 'cmake_clean_first' from command line to 'False'
[0.417s] Level 5:colcon.colcon_core.verb:set package 'tb4_cpp_prac5' build argument 'cmake_force_configure' from command line to 'False'
[0.417s] Level 5:colcon.colcon_core.verb:set package 'tb4_cpp_prac5' build argument 'ament_cmake_args' from command line to 'None'
[0.417s] Level 5:colcon.colcon_core.verb:set package 'tb4_cpp_prac5' build argument 'catkin_cmake_args' from command line to 'None'
[0.417s] Level 5:colcon.colcon_core.verb:set package 'tb4_cpp_prac5' build argument 'catkin_skip_building_tests' from command line to 'False'
[0.417s] DEBUG:colcon.colcon_core.verb:Building package 'tb4_cpp_prac5' with the following arguments: {'ament_cmake_args': None, 'build_base': '/home/robotai/AutoRobots/SamLab5/build/tb4_cpp_prac5', 'catkin_cmake_args': None, 'catkin_skip_building_tests': False, 'cmake_args': None, 'cmake_clean_cache': False, 'cmake_clean_first': False, 'cmake_force_configure': False, 'cmake_target': None, 'cmake_target_skip_unavailable': False, 'install_base': '/home/robotai/AutoRobots/SamLab5/install/tb4_cpp_prac5', 'merge_install': False, 'path': '/home/robotai/AutoRobots/SamLab5/tb4_cpp_prac5/tb4_cpp_prac5', 'symlink_install': False, 'test_result_base': None}
[0.417s] INFO:colcon.colcon_core.executor:Executing jobs using 'parallel' executor
[0.418s] DEBUG:colcon.colcon_parallel_executor.executor.parallel:run_until_complete
[0.418s] INFO:colcon.colcon_ros.task.ament_cmake.build:Building ROS package in '/home/robotai/AutoRobots/SamLab5/tb4_cpp_prac5/tb4_cpp_prac5' with build type 'ament_cmake'
[0.419s] INFO:colcon.colcon_cmake.task.cmake.build:Building CMake package in '/home/robotai/AutoRobots/SamLab5/tb4_cpp_prac5/tb4_cpp_prac5'
[0.420s] INFO:colcon.colcon_core.plugin_system:Skipping extension 'colcon_core.shell.bat': Not used on non-Windows systems
[0.420s] INFO:colcon.colcon_core.shell:Skip shell extension 'powershell' for command environment: Not usable outside of PowerShell
[0.420s] DEBUG:colcon.colcon_core.shell:Skip shell extension 'dsv' for command environment
[0.438s] DEBUG:colcon.colcon_core.event_handler.log_command:Invoking command in '/home/robotai/AutoRobots/SamLab5/build/tb4_cpp_prac5': CMAKE_PREFIX_PATH=/opt/ros/humble /usr/bin/cmake --build /home/robotai/AutoRobots/SamLab5/build/tb4_cpp_prac5 -- -j6 -l6
[0.559s] DEBUG:colcon.colcon_core.event_handler.log_command:Invoked command in '/home/robotai/AutoRobots/SamLab5/build/tb4_cpp_prac5' returned '0': CMAKE_PREFIX_PATH=/opt/ros/humble /usr/bin/cmake --build /home/robotai/AutoRobots/SamLab5/build/tb4_cpp_prac5 -- -j6 -l6
[0.582s] DEBUG:colcon.colcon_core.event_handler.log_command:Invoking command in '/home/robotai/AutoRobots/SamLab5/build/tb4_cpp_prac5': CMAKE_PREFIX_PATH=/opt/ros/humble /usr/bin/cmake --install /home/robotai/AutoRobots/SamLab5/build/tb4_cpp_prac5
[0.599s] Level 1:colcon.colcon_core.environment:create_environment_scripts_only(tb4_cpp_prac5)
[0.600s] DEBUG:colcon.colcon_core.event_handler.log_command:Invoked command in '/home/robotai/AutoRobots/SamLab5/build/tb4_cpp_prac5' returned '0': CMAKE_PREFIX_PATH=/opt/ros/humble /usr/bin/cmake --install /home/robotai/AutoRobots/SamLab5/build/tb4_cpp_prac5
[0.604s] Level 1:colcon.colcon_core.environment:checking '/home/robotai/AutoRobots/SamLab5/install/tb4_cpp_prac5' for CMake module files
[0.605s] Level 1:colcon.colcon_core.environment:checking '/home/robotai/AutoRobots/SamLab5/install/tb4_cpp_prac5' for CMake config files
[0.605s] Level 1:colcon.colcon_core.shell:create_environment_hook('tb4_cpp_prac5', 'cmake_prefix_path')
[0.605s] INFO:colcon.colcon_core.shell:Creating environment hook '/home/robotai/AutoRobots/SamLab5/install/tb4_cpp_prac5/share/tb4_cpp_prac5/hook/cmake_prefix_path.ps1'
[0.608s] INFO:colcon.colcon_core.shell:Creating environment descriptor '/home/robotai/AutoRobots/SamLab5/install/tb4_cpp_prac5/share/tb4_cpp_prac5/hook/cmake_prefix_path.dsv'
[0.610s] INFO:colcon.colcon_core.shell:Creating environment hook '/home/robotai/AutoRobots/SamLab5/install/tb4_cpp_prac5/share/tb4_cpp_prac5/hook/cmake_prefix_path.sh'
[0.613s] Level 1:colcon.colcon_core.environment:checking '/home/robotai/AutoRobots/SamLab5/install/tb4_cpp_prac5/lib'
[0.614s] Level 1:colcon.colcon_core.environment:checking '/home/robotai/AutoRobots/SamLab5/install/tb4_cpp_prac5/bin'
[0.614s] Level 1:colcon.colcon_core.environment:checking '/home/robotai/AutoRobots/SamLab5/install/tb4_cpp_prac5/lib/pkgconfig/tb4_cpp_prac5.pc'
[0.614s] Level 1:colcon.colcon_core.environment:checking '/home/robotai/AutoRobots/SamLab5/install/tb4_cpp_prac5/lib/python3.10/site-packages'
[0.614s] Level 1:colcon.colcon_core.environment:checking '/home/robotai/AutoRobots/SamLab5/install/tb4_cpp_prac5/bin'
[0.614s] INFO:colcon.colcon_core.shell:Creating package script '/home/robotai/AutoRobots/SamLab5/install/tb4_cpp_prac5/share/tb4_cpp_prac5/package.ps1'
[0.616s] INFO:colcon.colcon_core.shell:Creating package descriptor '/home/robotai/AutoRobots/SamLab5/install/tb4_cpp_prac5/share/tb4_cpp_prac5/package.dsv'
[0.617s] INFO:colcon.colcon_core.shell:Creating package script '/home/robotai/AutoRobots/SamLab5/install/tb4_cpp_prac5/share/tb4_cpp_prac5/package.sh'
[0.618s] INFO:colcon.colcon_core.shell:Creating package script '/home/robotai/AutoRobots/SamLab5/install/tb4_cpp_prac5/share/tb4_cpp_prac5/package.bash'
[0.620s] INFO:colcon.colcon_core.shell:Creating package script '/home/robotai/AutoRobots/SamLab5/install/tb4_cpp_prac5/share/tb4_cpp_prac5/package.zsh'
[0.622s] Level 1:colcon.colcon_core.environment:create_file_with_runtime_dependencies(/home/robotai/AutoRobots/SamLab5/install/tb4_cpp_prac5/share/colcon-core/packages/tb4_cpp_prac5)
[0.623s] Level 1:colcon.colcon_core.environment:create_environment_scripts_only(tb4_cpp_prac5)
[0.623s] Level 1:colcon.colcon_core.environment:checking '/home/robotai/AutoRobots/SamLab5/install/tb4_cpp_prac5' for CMake module files
[0.623s] Level 1:colcon.colcon_core.environment:checking '/home/robotai/AutoRobots/SamLab5/install/tb4_cpp_prac5' for CMake config files
[0.624s] Level 1:colcon.colcon_core.shell:create_environment_hook('tb4_cpp_prac5', 'cmake_prefix_path')
[0.624s] INFO:colcon.colcon_core.shell:Creating environment hook '/home/robotai/AutoRobots/SamLab5/install/tb4_cpp_prac5/share/tb4_cpp_prac5/hook/cmake_prefix_path.ps1'
[0.625s] INFO:colcon.colcon_core.shell:Creating environment descriptor '/home/robotai/AutoRobots/SamLab5/install/tb4_cpp_prac5/share/tb4_cpp_prac5/hook/cmake_prefix_path.dsv'
[0.626s] INFO:colcon.colcon_core.shell:Creating environment hook '/home/robotai/AutoRobots/SamLab5/install/tb4_cpp_prac5/share/tb4_cpp_prac5/hook/cmake_prefix_path.sh'
[0.627s] Level 1:colcon.colcon_core.environment:checking '/home/robotai/AutoRobots/SamLab5/install/tb4_cpp_prac5/lib'
[0.627s] Level 1:colcon.colcon_core.environment:checking '/home/robotai/AutoRobots/SamLab5/install/tb4_cpp_prac5/bin'
[0.627s] Level 1:colcon.colcon_core.environment:checking '/home/robotai/AutoRobots/SamLab5/install/tb4_cpp_prac5/lib/pkgconfig/tb4_cpp_prac5.pc'
[0.627s] Level 1:colcon.colcon_core.environment:checking '/home/robotai/AutoRobots/SamLab5/install/tb4_cpp_prac5/lib/python3.10/site-packages'
[0.628s] Level 1:colcon.colcon_core.environment:checking '/home/robotai/AutoRobots/SamLab5/install/tb4_cpp_prac5/bin'
[0.628s] INFO:colcon.colcon_core.shell:Creating package script '/home/robotai/AutoRobots/SamLab5/install/tb4_cpp_prac5/share/tb4_cpp_prac5/package.ps1'
[0.630s] INFO:colcon.colcon_core.shell:Creating package descriptor '/home/robotai/AutoRobots/SamLab5/install/tb4_cpp_prac5/share/tb4_cpp_prac5/package.dsv'
[0.631s] INFO:colcon.colcon_core.shell:Creating package script '/home/robotai/AutoRobots/SamLab5/install/tb4_cpp_prac5/share/tb4_cpp_prac5/package.sh'
[0.632s] INFO:colcon.colcon_core.shell:Creating package script '/home/robotai/AutoRobots/SamLab5/install/tb4_cpp_prac5/share/tb4_cpp_prac5/package.bash'
[0.633s] INFO:colcon.colcon_core.shell:Creating package script '/home/robotai/AutoRobots/SamLab5/install/tb4_cpp_prac5/share/tb4_cpp_prac5/package.zsh'
[0.634s] Level 1:colcon.colcon_core.environment:create_file_with_runtime_dependencies(/home/robotai/AutoRobots/SamLab5/install/tb4_cpp_prac5/share/colcon-core/packages/tb4_cpp_prac5)
[0.634s] DEBUG:colcon.colcon_parallel_executor.executor.parallel:closing loop
[0.634s] DEBUG:colcon.colcon_parallel_executor.executor.parallel:loop closed
[0.634s] DEBUG:colcon.colcon_parallel_executor.executor.parallel:run_until_complete finished with '0'
[0.634s] DEBUG:colcon.colcon_core.event_reactor:joining thread
[0.647s] INFO:colcon.colcon_core.plugin_system:Skipping extension 'colcon_notification.desktop_notification.terminal_notifier': Not used on non-Darwin systems
[0.647s] INFO:colcon.colcon_core.plugin_system:Skipping extension 'colcon_notification.desktop_notification.win32': Not used on non-Windows systems
[0.654s] INFO:colcon.colcon_notification.desktop_notification:Sending desktop notification using 'notify2'
[0.689s] DEBUG:colcon.colcon_core.event_reactor:joined thread
[0.690s] INFO:colcon.colcon_core.shell:Creating prefix script '/home/robotai/AutoRobots/SamLab5/install/local_setup.ps1'
[0.692s] INFO:colcon.colcon_core.shell:Creating prefix util module '/home/robotai/AutoRobots/SamLab5/install/_local_setup_util_ps1.py'
[0.694s] INFO:colcon.colcon_core.shell:Creating prefix chain script '/home/robotai/AutoRobots/SamLab5/install/setup.ps1'
[0.702s] INFO:colcon.colcon_core.shell:Creating prefix script '/home/robotai/AutoRobots/SamLab5/install/local_setup.sh'
[0.703s] INFO:colcon.colcon_core.shell:Creating prefix util module '/home/robotai/AutoRobots/SamLab5/install/_local_setup_util_sh.py'
[0.704s] INFO:colcon.colcon_core.shell:Creating prefix chain script '/home/robotai/AutoRobots/SamLab5/install/setup.sh'
[0.711s] INFO:colcon.colcon_core.shell:Creating prefix script '/home/robotai/AutoRobots/SamLab5/install/local_setup.bash'
[0.714s] INFO:colcon.colcon_core.shell:Creating prefix chain script '/home/robotai/AutoRobots/SamLab5/install/setup.bash'
[0.716s] INFO:colcon.colcon_core.shell:Creating prefix script '/home/robotai/AutoRobots/SamLab5/install/local_setup.zsh'
[0.717s] INFO:colcon.colcon_core.shell:Creating prefix chain script '/home/robotai/AutoRobots/SamLab5/install/setup.zsh'
