[0.005s] Invoking command in '/home/robotai/AutoRobots/SamLab3/tb4_ws/build/tb4_cpp_prac3': CMAKE_PREFIX_PATH=${CMAKE_PREFIX_PATH}:/opt/ros/humble /usr/bin/cmake --build /home/robotai/AutoRobots/SamLab3/tb4_ws/build/tb4_cpp_prac3 -- -j24 -l24
[0.027s] [35m[1mConsolidate compiler generated dependencies of target person_follower[0m
[0.034s] [ 50%] [32mBuilding CXX object CMakeFiles/person_follower.dir/src/person_follower.cpp.o[0m
[3.357s] [100%] [32m[1mLinking CXX executable person_follower[0m
[3.531s] [100%] Built target person_follower
[3.537s] Invoked command in '/home/robotai/AutoRobots/SamLab3/tb4_ws/build/tb4_cpp_prac3' returned '0': CMAKE_PREFIX_PATH=${CMAKE_PREFIX_PATH}:/opt/ros/humble /usr/bin/cmake --build /home/robotai/AutoRobots/SamLab3/tb4_ws/build/tb4_cpp_prac3 -- -j24 -l24
[3.556s] Invoking command in '/home/robotai/AutoRobots/SamLab3/tb4_ws/build/tb4_cpp_prac3': CMAKE_PREFIX_PATH=${CMAKE_PREFIX_PATH}:/opt/ros/humble /usr/bin/cmake --install /home/robotai/AutoRobots/SamLab3/tb4_ws/build/tb4_cpp_prac3
[3.559s] -- Install configuration: ""
[3.559s] -- Installing: /home/robotai/AutoRobots/SamLab3/tb4_ws/install/tb4_cpp_prac3/lib/tb4_cpp_prac3/person_follower
[3.561s] -- Set runtime path of "/home/robotai/AutoRobots/SamLab3/tb4_ws/install/tb4_cpp_prac3/lib/tb4_cpp_prac3/person_follower" to ""
[3.561s] -- Up-to-date: /home/robotai/AutoRobots/SamLab3/tb4_ws/install/tb4_cpp_prac3/share/ament_index/resource_index/package_run_dependencies/tb4_cpp_prac3
[3.561s] -- Up-to-date: /home/robotai/AutoRobots/SamLab3/tb4_ws/install/tb4_cpp_prac3/share/ament_index/resource_index/parent_prefix_path/tb4_cpp_prac3
[3.561s] -- Up-to-date: /home/robotai/AutoRobots/SamLab3/tb4_ws/install/tb4_cpp_prac3/share/tb4_cpp_prac3/environment/ament_prefix_path.sh
[3.561s] -- Up-to-date: /home/robotai/AutoRobots/SamLab3/tb4_ws/install/tb4_cpp_prac3/share/tb4_cpp_prac3/environment/ament_prefix_path.dsv
[3.561s] -- Up-to-date: /home/robotai/AutoRobots/SamLab3/tb4_ws/install/tb4_cpp_prac3/share/tb4_cpp_prac3/environment/path.sh
[3.561s] -- Up-to-date: /home/robotai/AutoRobots/SamLab3/tb4_ws/install/tb4_cpp_prac3/share/tb4_cpp_prac3/environment/path.dsv
[3.561s] -- Up-to-date: /home/robotai/AutoRobots/SamLab3/tb4_ws/install/tb4_cpp_prac3/share/tb4_cpp_prac3/local_setup.bash
[3.561s] -- Up-to-date: /home/robotai/AutoRobots/SamLab3/tb4_ws/install/tb4_cpp_prac3/share/tb4_cpp_prac3/local_setup.sh
[3.561s] -- Up-to-date: /home/robotai/AutoRobots/SamLab3/tb4_ws/install/tb4_cpp_prac3/share/tb4_cpp_prac3/local_setup.zsh
[3.561s] -- Up-to-date: /home/robotai/AutoRobots/SamLab3/tb4_ws/install/tb4_cpp_prac3/share/tb4_cpp_prac3/local_setup.dsv
[3.562s] -- Installing: /home/robotai/AutoRobots/SamLab3/tb4_ws/install/tb4_cpp_prac3/share/tb4_cpp_prac3/package.dsv
[3.562s] -- Up-to-date: /home/robotai/AutoRobots/SamLab3/tb4_ws/install/tb4_cpp_prac3/share/ament_index/resource_index/packages/tb4_cpp_prac3
[3.562s] -- Up-to-date: /home/robotai/AutoRobots/SamLab3/tb4_ws/install/tb4_cpp_prac3/share/tb4_cpp_prac3/cmake/tb4_cpp_prac3Config.cmake
[3.562s] -- Up-to-date: /home/robotai/AutoRobots/SamLab3/tb4_ws/install/tb4_cpp_prac3/share/tb4_cpp_prac3/cmake/tb4_cpp_prac3Config-version.cmake
[3.562s] -- Up-to-date: /home/robotai/AutoRobots/SamLab3/tb4_ws/install/tb4_cpp_prac3/share/tb4_cpp_prac3/package.xml
[3.563s] Invoked command in '/home/robotai/AutoRobots/SamLab3/tb4_ws/build/tb4_cpp_prac3' returned '0': CMAKE_PREFIX_PATH=${CMAKE_PREFIX_PATH}:/opt/ros/humble /usr/bin/cmake --install /home/robotai/AutoRobots/SamLab3/tb4_ws/build/tb4_cpp_prac3
