[0.441s] DEBUG:colcon:Command line arguments: ['/usr/bin/colcon', 'build']
[0.441s] DEBUG:colcon:Parsed command line arguments: Namespace(log_base=None, log_level=None, verb_name='build', build_base='build', install_base='install', merge_install=False, symlink_install=False, test_result_base=None, continue_on_error=False, executor='parallel', parallel_workers=6, event_handlers=None, ignore_user_meta=False, metas=['./colcon.meta'], base_paths=['.'], packages_ignore=None, packages_ignore_regex=None, paths=None, packages_up_to=None, packages_up_to_regex=None, packages_above=None, packages_above_and_dependencies=None, packages_above_depth=None, packages_select_by_dep=None, packages_skip_by_dep=None, packages_skip_up_to=None, packages_select_build_failed=False, packages_skip_build_finished=False, packages_select_test_failures=False, packages_skip_test_passed=False, packages_select=None, packages_skip=None, packages_select_regex=None, packages_skip_regex=None, packages_start=None, packages_end=None, allow_overriding=[], cmake_args=None, cmake_target=None, cmake_target_skip_unavailable=False, cmake_clean_cache=False, cmake_clean_first=False, cmake_force_configure=False, ament_cmake_args=None, catkin_cmake_args=None, catkin_skip_building_tests=False, mixin_files=None, mixin=None, verb_parser=<colcon_mixin.mixin.mixin_argument.MixinArgumentDecorator object at 0x78e47953a0b0>, verb_extension=<colcon_core.verb.build.BuildVerb object at 0x78e479539a20>, main=<bound method BuildVerb.main of <colcon_core.verb.build.BuildVerb object at 0x78e479539a20>>, mixin_verb=('build',))
[1.541s] Level 1:colcon.colcon_core.package_discovery:discover_packages(colcon_meta) check parameters
[1.541s] Level 1:colcon.colcon_core.package_discovery:discover_packages(recursive) check parameters
[1.541s] Level 1:colcon.colcon_core.package_discovery:discover_packages(ignore) check parameters
[1.541s] Level 1:colcon.colcon_core.package_discovery:discover_packages(path) check parameters
[1.541s] Level 1:colcon.colcon_core.package_discovery:discover_packages(colcon_meta) discover
[1.541s] Level 1:colcon.colcon_core.package_discovery:discover_packages(recursive) discover
[1.541s] INFO:colcon.colcon_core.package_discovery:Crawling recursively for packages in '/home/robotai/AutoRobots/SamLab6'
[1.542s] Level 1:colcon.colcon_core.package_identification:_identify(.) by extensions ['ignore', 'ignore_ament_install']
[1.542s] Level 1:colcon.colcon_core.package_identification:_identify(.) by extension 'ignore'
[1.542s] Level 1:colcon.colcon_core.package_identification:_identify(.) by extension 'ignore_ament_install'
[1.542s] Level 1:colcon.colcon_core.package_identification:_identify(.) by extensions ['colcon_pkg']
[1.542s] Level 1:colcon.colcon_core.package_identification:_identify(.) by extension 'colcon_pkg'
[1.542s] Level 1:colcon.colcon_core.package_identification:_identify(.) by extensions ['colcon_meta']
[1.542s] Level 1:colcon.colcon_core.package_identification:_identify(.) by extension 'colcon_meta'
[1.542s] Level 1:colcon.colcon_core.package_identification:_identify(.) by extensions ['ros']
[1.542s] Level 1:colcon.colcon_core.package_identification:_identify(.) by extension 'ros'
[1.576s] Level 1:colcon.colcon_core.package_identification:_identify(.) by extensions ['cmake', 'python']
[1.576s] Level 1:colcon.colcon_core.package_identification:_identify(.) by extension 'cmake'
[1.576s] Level 1:colcon.colcon_core.package_identification:_identify(.) by extension 'python'
[1.576s] Level 1:colcon.colcon_core.package_identification:_identify(.) by extensions ['python_setup_py']
[1.577s] Level 1:colcon.colcon_core.package_identification:_identify(.) by extension 'python_setup_py'
[1.577s] Level 1:colcon.colcon_core.package_identification:_identify(build) by extensions ['ignore', 'ignore_ament_install']
[1.577s] Level 1:colcon.colcon_core.package_identification:_identify(build) by extension 'ignore'
[1.577s] Level 1:colcon.colcon_core.package_identification:_identify(build) ignored
[1.577s] Level 1:colcon.colcon_core.package_identification:_identify(install) by extensions ['ignore', 'ignore_ament_install']
[1.577s] Level 1:colcon.colcon_core.package_identification:_identify(install) by extension 'ignore'
[1.577s] Level 1:colcon.colcon_core.package_identification:_identify(install) ignored
[1.577s] Level 1:colcon.colcon_core.package_identification:_identify(log) by extensions ['ignore', 'ignore_ament_install']
[1.577s] Level 1:colcon.colcon_core.package_identification:_identify(log) by extension 'ignore'
[1.577s] Level 1:colcon.colcon_core.package_identification:_identify(log) ignored
[1.577s] Level 1:colcon.colcon_core.package_identification:_identify(tb4_cpp_prac6) by extensions ['ignore', 'ignore_ament_install']
[1.577s] Level 1:colcon.colcon_core.package_identification:_identify(tb4_cpp_prac6) by extension 'ignore'
[1.577s] Level 1:colcon.colcon_core.package_identification:_identify(tb4_cpp_prac6) by extension 'ignore_ament_install'
[1.577s] Level 1:colcon.colcon_core.package_identification:_identify(tb4_cpp_prac6) by extensions ['colcon_pkg']
[1.577s] Level 1:colcon.colcon_core.package_identification:_identify(tb4_cpp_prac6) by extension 'colcon_pkg'
[1.577s] Level 1:colcon.colcon_core.package_identification:_identify(tb4_cpp_prac6) by extensions ['colcon_meta']
[1.577s] Level 1:colcon.colcon_core.package_identification:_identify(tb4_cpp_prac6) by extension 'colcon_meta'
[1.577s] Level 1:colcon.colcon_core.package_identification:_identify(tb4_cpp_prac6) by extensions ['ros']
[1.577s] Level 1:colcon.colcon_core.package_identification:_identify(tb4_cpp_prac6) by extension 'ros'
[1.578s] Level 1:colcon.colcon_core.package_identification:_identify(tb4_cpp_prac6) by extensions ['cmake', 'python']
[1.578s] Level 1:colcon.colcon_core.package_identification:_identify(tb4_cpp_prac6) by extension 'cmake'
[1.578s] Level 1:colcon.colcon_core.package_identification:_identify(tb4_cpp_prac6) by extension 'python'
[1.578s] Level 1:colcon.colcon_core.package_identification:_identify(tb4_cpp_prac6) by extensions ['python_setup_py']
[1.578s] Level 1:colcon.colcon_core.package_identification:_identify(tb4_cpp_prac6) by extension 'python_setup_py'
[1.578s] Level 1:colcon.colcon_core.package_identification:_identify(tb4_cpp_prac6/tb4_cpp_prac6) by extensions ['ignore', 'ignore_ament_install']
[1.578s] Level 1:colcon.colcon_core.package_identification:_identify(tb4_cpp_prac6/tb4_cpp_prac6) by extension 'ignore'
[1.578s] Level 1:colcon.colcon_core.package_identification:_identify(tb4_cpp_prac6/tb4_cpp_prac6) by extension 'ignore_ament_install'
[1.578s] Level 1:colcon.colcon_core.package_identification:_identify(tb4_cpp_prac6/tb4_cpp_prac6) by extensions ['colcon_pkg']
[1.578s] Level 1:colcon.colcon_core.package_identification:_identify(tb4_cpp_prac6/tb4_cpp_prac6) by extension 'colcon_pkg'
[1.578s] Level 1:colcon.colcon_core.package_identification:_identify(tb4_cpp_prac6/tb4_cpp_prac6) by extensions ['colcon_meta']
[1.578s] Level 1:colcon.colcon_core.package_identification:_identify(tb4_cpp_prac6/tb4_cpp_prac6) by extension 'colcon_meta'
[1.578s] Level 1:colcon.colcon_core.package_identification:_identify(tb4_cpp_prac6/tb4_cpp_prac6) by extensions ['ros']
[1.578s] Level 1:colcon.colcon_core.package_identification:_identify(tb4_cpp_prac6/tb4_cpp_prac6) by extension 'ros'
[1.583s] DEBUG:colcon.colcon_core.package_identification:Package 'tb4_cpp_prac6/tb4_cpp_prac6' with type 'ros.ament_cmake' and name 'tb4_cpp_prac6'
[1.583s] Level 1:colcon.colcon_core.package_discovery:discover_packages(recursive) using defaults
[1.583s] Level 1:colcon.colcon_core.package_discovery:discover_packages(ignore) discover
[1.583s] Level 1:colcon.colcon_core.package_discovery:discover_packages(ignore) using defaults
[1.583s] Level 1:colcon.colcon_core.package_discovery:discover_packages(path) discover
[1.583s] Level 1:colcon.colcon_core.package_discovery:discover_packages(path) using defaults
[1.676s] Level 1:colcon.colcon_core.package_discovery:discover_packages(prefix_path) check parameters
[1.676s] Level 1:colcon.colcon_core.package_discovery:discover_packages(prefix_path) discover
[1.706s] DEBUG:colcon.colcon_installed_package_information.package_discovery:Found 389 installed packages in /opt/ros/humble
[1.708s] Level 1:colcon.colcon_core.package_discovery:discover_packages(prefix_path) using defaults
[1.757s] Level 5:colcon.colcon_core.verb:set package 'tb4_cpp_prac6' build argument 'cmake_args' from command line to 'None'
[1.757s] Level 5:colcon.colcon_core.verb:set package 'tb4_cpp_prac6' build argument 'cmake_target' from command line to 'None'
[1.757s] Level 5:colcon.colcon_core.verb:set package 'tb4_cpp_prac6' build argument 'cmake_target_skip_unavailable' from command line to 'False'
[1.757s] Level 5:colcon.colcon_core.verb:set package 'tb4_cpp_prac6' build argument 'cmake_clean_cache' from command line to 'False'
[1.757s] Level 5:colcon.colcon_core.verb:set package 'tb4_cpp_prac6' build argument 'cmake_clean_first' from command line to 'False'
[1.757s] Level 5:colcon.colcon_core.verb:set package 'tb4_cpp_prac6' build argument 'cmake_force_configure' from command line to 'False'
[1.757s] Level 5:colcon.colcon_core.verb:set package 'tb4_cpp_prac6' build argument 'ament_cmake_args' from command line to 'None'
[1.757s] Level 5:colcon.colcon_core.verb:set package 'tb4_cpp_prac6' build argument 'catkin_cmake_args' from command line to 'None'
[1.757s] Level 5:colcon.colcon_core.verb:set package 'tb4_cpp_prac6' build argument 'catkin_skip_building_tests' from command line to 'False'
[1.757s] DEBUG:colcon.colcon_core.verb:Building package 'tb4_cpp_prac6' with the following arguments: {'ament_cmake_args': None, 'build_base': '/home/robotai/AutoRobots/SamLab6/build/tb4_cpp_prac6', 'catkin_cmake_args': None, 'catkin_skip_building_tests': False, 'cmake_args': None, 'cmake_clean_cache': False, 'cmake_clean_first': False, 'cmake_force_configure': False, 'cmake_target': None, 'cmake_target_skip_unavailable': False, 'install_base': '/home/robotai/AutoRobots/SamLab6/install/tb4_cpp_prac6', 'merge_install': False, 'path': '/home/robotai/AutoRobots/SamLab6/tb4_cpp_prac6/tb4_cpp_prac6', 'symlink_install': False, 'test_result_base': None}
[1.757s] INFO:colcon.colcon_core.executor:Executing jobs using 'parallel' executor
[1.758s] DEBUG:colcon.colcon_parallel_executor.executor.parallel:run_until_complete
[1.759s] INFO:colcon.colcon_ros.task.ament_cmake.build:Building ROS package in '/home/robotai/AutoRobots/SamLab6/tb4_cpp_prac6/tb4_cpp_prac6' with build type 'ament_cmake'
[1.759s] INFO:colcon.colcon_cmake.task.cmake.build:Building CMake package in '/home/robotai/AutoRobots/SamLab6/tb4_cpp_prac6/tb4_cpp_prac6'
[1.779s] INFO:colcon.colcon_core.plugin_system:Skipping extension 'colcon_core.shell.bat': Not used on non-Windows systems
[1.780s] INFO:colcon.colcon_core.shell:Skip shell extension 'powershell' for command environment: Not usable outside of PowerShell
[1.780s] DEBUG:colcon.colcon_core.shell:Skip shell extension 'dsv' for command environment
[1.793s] DEBUG:colcon.colcon_core.event_handler.log_command:Invoking command in '/home/robotai/AutoRobots/SamLab6/build/tb4_cpp_prac6': CMAKE_PREFIX_PATH=/opt/ros/humble /usr/bin/cmake /home/robotai/AutoRobots/SamLab6/tb4_cpp_prac6/tb4_cpp_prac6 -DCMAKE_INSTALL_PREFIX=/home/robotai/AutoRobots/SamLab6/install/tb4_cpp_prac6
[6.551s] DEBUG:colcon.colcon_core.event_handler.log_command:Invoked command in '/home/robotai/AutoRobots/SamLab6/build/tb4_cpp_prac6' returned '0': CMAKE_PREFIX_PATH=/opt/ros/humble /usr/bin/cmake /home/robotai/AutoRobots/SamLab6/tb4_cpp_prac6/tb4_cpp_prac6 -DCMAKE_INSTALL_PREFIX=/home/robotai/AutoRobots/SamLab6/install/tb4_cpp_prac6
[6.553s] DEBUG:colcon.colcon_core.event_handler.log_command:Invoking command in '/home/robotai/AutoRobots/SamLab6/build/tb4_cpp_prac6': CMAKE_PREFIX_PATH=/opt/ros/humble /usr/bin/cmake --build /home/robotai/AutoRobots/SamLab6/build/tb4_cpp_prac6 -- -j6 -l6
[19.190s] DEBUG:colcon.colcon_core.event_handler.log_command:Invoked command in '/home/robotai/AutoRobots/SamLab6/build/tb4_cpp_prac6' returned '2': CMAKE_PREFIX_PATH=/opt/ros/humble /usr/bin/cmake --build /home/robotai/AutoRobots/SamLab6/build/tb4_cpp_prac6 -- -j6 -l6
[19.191s] Level 1:colcon.colcon_core.environment:create_environment_scripts_only(tb4_cpp_prac6)
[19.232s] Level 1:colcon.colcon_core.environment:checking '/home/robotai/AutoRobots/SamLab6/install/tb4_cpp_prac6' for CMake module files
[19.233s] Level 1:colcon.colcon_core.environment:checking '/home/robotai/AutoRobots/SamLab6/install/tb4_cpp_prac6' for CMake config files
[19.233s] Level 1:colcon.colcon_core.environment:checking '/home/robotai/AutoRobots/SamLab6/install/tb4_cpp_prac6/bin'
[19.233s] Level 1:colcon.colcon_core.environment:checking '/home/robotai/AutoRobots/SamLab6/install/tb4_cpp_prac6/lib/pkgconfig/tb4_cpp_prac6.pc'
[19.234s] Level 1:colcon.colcon_core.environment:checking '/home/robotai/AutoRobots/SamLab6/install/tb4_cpp_prac6/lib/python3.10/site-packages'
[19.234s] Level 1:colcon.colcon_core.environment:checking '/home/robotai/AutoRobots/SamLab6/install/tb4_cpp_prac6/bin'
[19.234s] INFO:colcon.colcon_core.shell:Creating package script '/home/robotai/AutoRobots/SamLab6/install/tb4_cpp_prac6/share/tb4_cpp_prac6/package.ps1'
[19.243s] INFO:colcon.colcon_core.shell:Creating package descriptor '/home/robotai/AutoRobots/SamLab6/install/tb4_cpp_prac6/share/tb4_cpp_prac6/package.dsv'
[19.254s] INFO:colcon.colcon_core.shell:Creating package script '/home/robotai/AutoRobots/SamLab6/install/tb4_cpp_prac6/share/tb4_cpp_prac6/package.sh'
[19.256s] INFO:colcon.colcon_core.shell:Creating package script '/home/robotai/AutoRobots/SamLab6/install/tb4_cpp_prac6/share/tb4_cpp_prac6/package.bash'
[19.259s] INFO:colcon.colcon_core.shell:Creating package script '/home/robotai/AutoRobots/SamLab6/install/tb4_cpp_prac6/share/tb4_cpp_prac6/package.zsh'
[19.261s] Level 1:colcon.colcon_core.environment:create_file_with_runtime_dependencies(/home/robotai/AutoRobots/SamLab6/install/tb4_cpp_prac6/share/colcon-core/packages/tb4_cpp_prac6)
[19.271s] DEBUG:colcon.colcon_parallel_executor.executor.parallel:closing loop
[19.272s] DEBUG:colcon.colcon_parallel_executor.executor.parallel:loop closed
[19.272s] DEBUG:colcon.colcon_parallel_executor.executor.parallel:run_until_complete finished with '2'
[19.272s] DEBUG:colcon.colcon_core.event_reactor:joining thread
[19.285s] INFO:colcon.colcon_core.plugin_system:Skipping extension 'colcon_notification.desktop_notification.terminal_notifier': Not used on non-Darwin systems
[19.285s] INFO:colcon.colcon_core.plugin_system:Skipping extension 'colcon_notification.desktop_notification.win32': Not used on non-Windows systems
[19.285s] INFO:colcon.colcon_notification.desktop_notification:Sending desktop notification using 'notify2'
[19.308s] DEBUG:colcon.colcon_core.event_reactor:joined thread
[19.309s] INFO:colcon.colcon_core.shell:Creating prefix script '/home/robotai/AutoRobots/SamLab6/install/local_setup.ps1'
[19.318s] INFO:colcon.colcon_core.shell:Creating prefix util module '/home/robotai/AutoRobots/SamLab6/install/_local_setup_util_ps1.py'
[19.323s] INFO:colcon.colcon_core.shell:Creating prefix chain script '/home/robotai/AutoRobots/SamLab6/install/setup.ps1'
[19.335s] INFO:colcon.colcon_core.shell:Creating prefix script '/home/robotai/AutoRobots/SamLab6/install/local_setup.sh'
[19.341s] INFO:colcon.colcon_core.shell:Creating prefix util module '/home/robotai/AutoRobots/SamLab6/install/_local_setup_util_sh.py'
[19.342s] INFO:colcon.colcon_core.shell:Creating prefix chain script '/home/robotai/AutoRobots/SamLab6/install/setup.sh'
[19.348s] INFO:colcon.colcon_core.shell:Creating prefix script '/home/robotai/AutoRobots/SamLab6/install/local_setup.bash'
[19.350s] INFO:colcon.colcon_core.shell:Creating prefix chain script '/home/robotai/AutoRobots/SamLab6/install/setup.bash'
[19.351s] INFO:colcon.colcon_core.shell:Creating prefix script '/home/robotai/AutoRobots/SamLab6/install/local_setup.zsh'
[19.353s] INFO:colcon.colcon_core.shell:Creating prefix chain script '/home/robotai/AutoRobots/SamLab6/install/setup.zsh'
