[0.010s] Invoking command in '/home/robotai/AutoRobots/SamLab1/tb4_ws/build/tb4_cpp_prac1': CMAKE_PREFIX_PATH=${CMAKE_PREFIX_PATH}:/opt/ros/humble /usr/bin/cmake --build /home/robotai/AutoRobots/SamLab1/tb4_ws/build/tb4_cpp_prac1 -- -j6 -l6
[0.037s] -- Found ament_cmake: 1.3.14 (/opt/ros/humble/share/ament_cmake/cmake)
[0.152s] -- Found rclcpp: 16.0.19 (/opt/ros/humble/share/rclcpp/cmake)
[0.178s] -- Found rosidl_generator_c: 3.1.9 (/opt/ros/humble/share/rosidl_generator_c/cmake)
[0.180s] -- Found rosidl_adapter: 3.1.9 (/opt/ros/humble/share/rosidl_adapter/cmake)
[0.185s] -- Found rosidl_generator_cpp: 3.1.9 (/opt/ros/humble/share/rosidl_generator_cpp/cmake)
[0.194s] -- Using all available rosidl_typesupport_c: rosidl_typesupport_fastrtps_c;rosidl_typesupport_introspection_c
[0.204s] -- Using all available rosidl_typesupport_cpp: rosidl_typesupport_fastrtps_cpp;rosidl_typesupport_introspection_cpp
[0.233s] -- Found rmw_implementation_cmake: 6.1.2 (/opt/ros/humble/share/rmw_implementation_cmake/cmake)
[0.234s] -- Found rmw_fastrtps_cpp: 6.2.10 (/opt/ros/humble/share/rmw_fastrtps_cpp/cmake)
[0.335s] -- Using RMW implementation 'rmw_fastrtps_cpp' as default
[0.378s] -- Found irobot_create_msgs: 2.1.0 (/opt/ros/humble/share/irobot_create_msgs/cmake)
[0.426s] -- Found std_srvs: 4.9.1 (/opt/ros/humble/share/std_srvs/cmake)
[0.437s] -- Found rclcpp_action: 16.0.19 (/opt/ros/humble/share/rclcpp_action/cmake)
[0.467s] -- Found nav_msgs: 4.9.1 (/opt/ros/humble/share/nav_msgs/cmake)
[0.499s] -- Found ament_lint_auto: 0.12.15 (/opt/ros/humble/share/ament_lint_auto/cmake)
[0.565s] -- Added test 'cppcheck' to perform static code analysis on C / C++ code
[0.565s] -- Configured cppcheck include dirs: $<BUILD_INTERFACE:/home/robotai/AutoRobots/SamLab1/tb4_ws/src/tb4_cpp_prac1/include>
[0.565s] -- Configured cppcheck exclude dirs and/or files: 
[0.565s] -- Added test 'lint_cmake' to check CMake code style
[0.566s] -- Added test 'uncrustify' to check C / C++ code style
[0.566s] -- Configured uncrustify additional arguments: 
[0.566s] -- Added test 'xmllint' to check XML markup files
[0.567s] -- Configuring done
[0.571s] [31mCMake Error at CMakeLists.txt:28 (add_executable):
[0.571s]   Cannot find source file:
[0.571s] 
[0.571s]     src/tb4_cpp_action_server.cpp
[0.571s] 
[0.571s]   Tried extensions .c .C .c++ .cc .cpp .cxx .cu .mpp .m .M .mm .ixx .cppm .h
[0.571s]   .hh .h++ .hm .hpp .hxx .in .txx .f .F .for .f77 .f90 .f95 .f03 .hip .ispc
[0.572s] 
[0.572s] [0m
[0.572s] [31mCMake Error at CMakeLists.txt:28 (add_executable):
[0.572s]   No SOURCES given to target: tb4_cpp_action_server
[0.572s] 
[0.572s] [0m
[0.572s] [0mCMake Generate step failed.  Build files cannot be regenerated correctly.[0m
[0.580s] gmake: *** [Makefile:308: cmake_check_build_system] Error 1
[0.583s] Invoked command in '/home/robotai/AutoRobots/SamLab1/tb4_ws/build/tb4_cpp_prac1' returned '2': CMAKE_PREFIX_PATH=${CMAKE_PREFIX_PATH}:/opt/ros/humble /usr/bin/cmake --build /home/robotai/AutoRobots/SamLab1/tb4_ws/build/tb4_cpp_prac1 -- -j6 -l6
