[35m[1mConsolidate compiler generated dependencies of target tb4_arc_action[0m
[ 50%] [32mBuilding CXX object CMakeFiles/tb4_arc_action.dir/src/tb4_arc_action.cpp.o[0m
[01m[K/home/robotai/AutoRobots/SamLab2/tb4_ws/src/tb4_cpp_prac2/src/tb4_arc_action.cpp:[m[K In member function ‘[01m[Kvoid TB4ArcActionServer::execute(std::shared_ptr<rclcpp_action::ServerGoalHandle<irobot_create_msgs::action::DriveArc> >)[m[K’:
[01m[K/home/robotai/AutoRobots/SamLab2/tb4_ws/src/tb4_cpp_prac2/src/tb4_arc_action.cpp:124:127:[m[K [01;35m[Kwarning: [m[Kunused parameter ‘[01m[Kgoal_handle[m[K’ [[01;35m[K]8;;https://gcc.gnu.org/onlinedocs/gcc/Warning-Options.html#index-Wunused-parameter-Wunused-parameter]8;;[m[K]
  124 | [01;35m[Kon::ServerGoalHandle<irobot_create_msgs::action::DriveArc>> goal_handle[m[K)
      | [01;35m[K~~~~~~~~~~~~~~~~~~~~~~~~~~~~~~~~~~~~~~~~~~~~~~~~~~~~~~~~~~~~^~~~~~~~~~~[m[K

[100%] [32m[1mLinking CXX executable tb4_arc_action[0m
[100%] Built target tb4_arc_action
-- Install configuration: ""
-- Installing: /home/robotai/AutoRobots/SamLab2/tb4_ws/install/tb4_cpp_prac2/lib/tb4_cpp_prac2/tb4_arc_action
-- Set runtime path of "/home/robotai/AutoRobots/SamLab2/tb4_ws/install/tb4_cpp_prac2/lib/tb4_cpp_prac2/tb4_arc_action" to ""
-- Installing: /home/robotai/AutoRobots/SamLab2/tb4_ws/install/tb4_cpp_prac2/share/ament_index/resource_index/package_run_dependencies/tb4_cpp_prac2
-- Installing: /home/robotai/AutoRobots/SamLab2/tb4_ws/install/tb4_cpp_prac2/share/ament_index/resource_index/parent_prefix_path/tb4_cpp_prac2
-- Installing: /home/robotai/AutoRobots/SamLab2/tb4_ws/install/tb4_cpp_prac2/share/tb4_cpp_prac2/environment/ament_prefix_path.sh
-- Installing: /home/robotai/AutoRobots/SamLab2/tb4_ws/install/tb4_cpp_prac2/share/tb4_cpp_prac2/environment/ament_prefix_path.dsv
-- Installing: /home/robotai/AutoRobots/SamLab2/tb4_ws/install/tb4_cpp_prac2/share/tb4_cpp_prac2/environment/path.sh
-- Installing: /home/robotai/AutoRobots/SamLab2/tb4_ws/install/tb4_cpp_prac2/share/tb4_cpp_prac2/environment/path.dsv
-- Installing: /home/robotai/AutoRobots/SamLab2/tb4_ws/install/tb4_cpp_prac2/share/tb4_cpp_prac2/local_setup.bash
-- Installing: /home/robotai/AutoRobots/SamLab2/tb4_ws/install/tb4_cpp_prac2/share/tb4_cpp_prac2/local_setup.sh
-- Installing: /home/robotai/AutoRobots/SamLab2/tb4_ws/install/tb4_cpp_prac2/share/tb4_cpp_prac2/local_setup.zsh
-- Installing: /home/robotai/AutoRobots/SamLab2/tb4_ws/install/tb4_cpp_prac2/share/tb4_cpp_prac2/local_setup.dsv
-- Installing: /home/robotai/AutoRobots/SamLab2/tb4_ws/install/tb4_cpp_prac2/share/tb4_cpp_prac2/package.dsv
-- Installing: /home/robotai/AutoRobots/SamLab2/tb4_ws/install/tb4_cpp_prac2/share/ament_index/resource_index/packages/tb4_cpp_prac2
-- Installing: /home/robotai/AutoRobots/SamLab2/tb4_ws/install/tb4_cpp_prac2/share/tb4_cpp_prac2/cmake/tb4_cpp_prac2Config.cmake
-- Installing: /home/robotai/AutoRobots/SamLab2/tb4_ws/install/tb4_cpp_prac2/share/tb4_cpp_prac2/cmake/tb4_cpp_prac2Config-version.cmake
-- Installing: /home/robotai/AutoRobots/SamLab2/tb4_ws/install/tb4_cpp_prac2/share/tb4_cpp_prac2/package.xml
