[0.011s] Invoking command in '/home/robotai/AutoRobots/SamLab2/tb4_ws/build/tb4_cpp_prac2': CMAKE_PREFIX_PATH=/opt/ros/humble /usr/bin/cmake --build /home/robotai/AutoRobots/SamLab2/tb4_ws/build/tb4_cpp_prac2 -- -j6 -l6
[0.057s] [35m[1mConsolidate compiler generated dependencies of target tb4_arc_action[0m
[0.074s] [ 50%] [32mBuilding CXX object CMakeFiles/tb4_arc_action.dir/src/tb4_arc_action.cpp.o[0m
[2.477s] [01m[K/home/robotai/AutoRobots/SamLab2/tb4_ws/src/tb4_cpp_prac2/src/tb4_arc_action.cpp:[m[K In member function ‘[01m[Kvoid TB4ArcActionServer::execute(std::shared_ptr<rclcpp_action::ServerGoalHandle<irobot_create_msgs::action::DriveArc> >)[m[K’:
[2.477s] [01m[K/home/robotai/AutoRobots/SamLab2/tb4_ws/src/tb4_cpp_prac2/src/tb4_arc_action.cpp:124:127:[m[K [01;35m[Kwarning: [m[Kunused parameter ‘[01m[Kgoal_handle[m[K’ [[01;35m[K]8;;https://gcc.gnu.org/onlinedocs/gcc/Warning-Options.html#index-Wunused-parameter-Wunused-parameter]8;;[m[K]
[2.477s]   124 | [01;35m[Kon::ServerGoalHandle<irobot_create_msgs::action::DriveArc>> goal_handle[m[K)
[2.477s]       | [01;35m[K~~~~~~~~~~~~~~~~~~~~~~~~~~~~~~~~~~~~~~~~~~~~~~~~~~~~~~~~~~~~^~~~~~~~~~~[m[K
[2.477s] 
[9.395s] [100%] [32m[1mLinking CXX executable tb4_arc_action[0m
[10.874s] [100%] Built target tb4_arc_action
[10.884s] Invoked command in '/home/robotai/AutoRobots/SamLab2/tb4_ws/build/tb4_cpp_prac2' returned '0': CMAKE_PREFIX_PATH=/opt/ros/humble /usr/bin/cmake --build /home/robotai/AutoRobots/SamLab2/tb4_ws/build/tb4_cpp_prac2 -- -j6 -l6
[10.894s] Invoking command in '/home/robotai/AutoRobots/SamLab2/tb4_ws/build/tb4_cpp_prac2': CMAKE_PREFIX_PATH=/opt/ros/humble /usr/bin/cmake --install /home/robotai/AutoRobots/SamLab2/tb4_ws/build/tb4_cpp_prac2
[10.901s] -- Install configuration: ""
[10.902s] -- Installing: /home/robotai/AutoRobots/SamLab2/tb4_ws/install/tb4_cpp_prac2/lib/tb4_cpp_prac2/tb4_arc_action
[10.905s] -- Set runtime path of "/home/robotai/AutoRobots/SamLab2/tb4_ws/install/tb4_cpp_prac2/lib/tb4_cpp_prac2/tb4_arc_action" to ""
[10.905s] -- Installing: /home/robotai/AutoRobots/SamLab2/tb4_ws/install/tb4_cpp_prac2/share/ament_index/resource_index/package_run_dependencies/tb4_cpp_prac2
[10.905s] -- Installing: /home/robotai/AutoRobots/SamLab2/tb4_ws/install/tb4_cpp_prac2/share/ament_index/resource_index/parent_prefix_path/tb4_cpp_prac2
[10.905s] -- Installing: /home/robotai/AutoRobots/SamLab2/tb4_ws/install/tb4_cpp_prac2/share/tb4_cpp_prac2/environment/ament_prefix_path.sh
[10.906s] -- Installing: /home/robotai/AutoRobots/SamLab2/tb4_ws/install/tb4_cpp_prac2/share/tb4_cpp_prac2/environment/ament_prefix_path.dsv
[10.906s] -- Installing: /home/robotai/AutoRobots/SamLab2/tb4_ws/install/tb4_cpp_prac2/share/tb4_cpp_prac2/environment/path.sh
[10.906s] -- Installing: /home/robotai/AutoRobots/SamLab2/tb4_ws/install/tb4_cpp_prac2/share/tb4_cpp_prac2/environment/path.dsv
[10.907s] -- Installing: /home/robotai/AutoRobots/SamLab2/tb4_ws/install/tb4_cpp_prac2/share/tb4_cpp_prac2/local_setup.bash
[10.907s] -- Installing: /home/robotai/AutoRobots/SamLab2/tb4_ws/install/tb4_cpp_prac2/share/tb4_cpp_prac2/local_setup.sh
[10.907s] -- Installing: /home/robotai/AutoRobots/SamLab2/tb4_ws/install/tb4_cpp_prac2/share/tb4_cpp_prac2/local_setup.zsh
[10.907s] -- Installing: /home/robotai/AutoRobots/SamLab2/tb4_ws/install/tb4_cpp_prac2/share/tb4_cpp_prac2/local_setup.dsv
[10.907s] -- Installing: /home/robotai/AutoRobots/SamLab2/tb4_ws/install/tb4_cpp_prac2/share/tb4_cpp_prac2/package.dsv
[10.907s] -- Installing: /home/robotai/AutoRobots/SamLab2/tb4_ws/install/tb4_cpp_prac2/share/ament_index/resource_index/packages/tb4_cpp_prac2
[10.907s] -- Installing: /home/robotai/AutoRobots/SamLab2/tb4_ws/install/tb4_cpp_prac2/share/tb4_cpp_prac2/cmake/tb4_cpp_prac2Config.cmake
[10.907s] -- Installing: /home/robotai/AutoRobots/SamLab2/tb4_ws/install/tb4_cpp_prac2/share/tb4_cpp_prac2/cmake/tb4_cpp_prac2Config-version.cmake
[10.907s] -- Installing: /home/robotai/AutoRobots/SamLab2/tb4_ws/install/tb4_cpp_prac2/share/tb4_cpp_prac2/package.xml
[10.913s] Invoked command in '/home/robotai/AutoRobots/SamLab2/tb4_ws/build/tb4_cpp_prac2' returned '0': CMAKE_PREFIX_PATH=/opt/ros/humble /usr/bin/cmake --install /home/robotai/AutoRobots/SamLab2/tb4_ws/build/tb4_cpp_prac2
