[0.052s] Invoking command in '/home/robotai/AutoRobots/SamLab3/build/tb4_cpp_prac3': CMAKE_PREFIX_PATH=/opt/ros/humble /usr/bin/cmake /home/robotai/AutoRobots/SamLab3/tb4_ws/src/tb4_cpp_prac3 -DCMAKE_INSTALL_PREFIX=/home/robotai/AutoRobots/SamLab3/install/tb4_cpp_prac3
[0.197s] -- The C compiler identification is GNU 12.3.0
[0.323s] -- The CXX compiler identification is GNU 12.3.0
[0.346s] -- Detecting C compiler ABI info
[0.506s] -- Detecting C compiler ABI info - done
[0.510s] -- Check for working C compiler: /usr/bin/cc - skipped
[0.511s] -- Detecting C compile features
[0.516s] -- Detecting C compile features - done
[0.516s] -- Detecting CXX compiler ABI info
[0.696s] -- Detecting CXX compiler ABI info - done
[0.714s] -- Check for working CXX compiler: /usr/bin/c++ - skipped
[0.714s] -- Detecting CXX compile features
[0.714s] -- Detecting CXX compile features - done
[0.735s] -- Found ament_cmake: 1.3.14 (/opt/ros/humble/share/ament_cmake/cmake)
[0.995s] -- Found Python3: /usr/bin/python3 (found version "3.10.12") found components: Interpreter 
[1.169s] -- Found rclcpp: 16.0.19 (/opt/ros/humble/share/rclcpp/cmake)
[1.277s] -- Found rosidl_generator_c: 3.1.9 (/opt/ros/humble/share/rosidl_generator_c/cmake)
[1.285s] -- Found rosidl_adapter: 3.1.9 (/opt/ros/humble/share/rosidl_adapter/cmake)
[1.296s] -- Found rosidl_generator_cpp: 3.1.9 (/opt/ros/humble/share/rosidl_generator_cpp/cmake)
[1.317s] -- Using all available rosidl_typesupport_c: rosidl_typesupport_fastrtps_c;rosidl_typesupport_introspection_c
[1.345s] -- Using all available rosidl_typesupport_cpp: rosidl_typesupport_fastrtps_cpp;rosidl_typesupport_introspection_cpp
[1.445s] -- Found rmw_implementation_cmake: 6.1.3 (/opt/ros/humble/share/rmw_implementation_cmake/cmake)
[1.463s] -- Found rmw_fastrtps_cpp: 6.2.10 (/opt/ros/humble/share/rmw_fastrtps_cpp/cmake)
[1.672s] -- Found OpenSSL: /usr/lib/x86_64-linux-gnu/libcrypto.so (found version "3.0.2")  
[1.725s] -- Found FastRTPS: /opt/ros/humble/include  
[1.777s] -- Using RMW implementation 'rmw_fastrtps_cpp' as default
[1.819s] -- Looking for pthread.h
[2.025s] -- Looking for pthread.h - found
[2.025s] -- Performing Test CMAKE_HAVE_LIBC_PTHREAD
[2.160s] -- Performing Test CMAKE_HAVE_LIBC_PTHREAD - Success
[2.162s] -- Found Threads: TRUE  
[2.391s] -- Found geometry_msgs: 4.9.2 (/opt/ros/humble/share/geometry_msgs/cmake)
[2.431s] -- Found nav_msgs: 4.9.2 (/opt/ros/humble/share/nav_msgs/cmake)
[2.472s] -- Found sensor_msgs: 4.9.2 (/opt/ros/humble/share/sensor_msgs/cmake)
[2.542s] -- Found ament_lint_auto: 0.12.15 (/opt/ros/humble/share/ament_lint_auto/cmake)
[2.673s] -- Added test 'cppcheck' to perform static code analysis on C / C++ code
[2.678s] -- Configured cppcheck include dirs: $<BUILD_INTERFACE:/home/robotai/AutoRobots/SamLab3/tb4_ws/src/tb4_cpp_prac3/include>
[2.678s] -- Configured cppcheck exclude dirs and/or files: 
[2.678s] -- Added test 'lint_cmake' to check CMake code style
[2.681s] -- Added test 'uncrustify' to check C / C++ code style
[2.681s] -- Configured uncrustify additional arguments: 
[2.682s] -- Added test 'xmllint' to check XML markup files
[2.683s] -- Configuring done
[2.700s] -- Generating done
[2.707s] -- Build files have been written to: /home/robotai/AutoRobots/SamLab3/build/tb4_cpp_prac3
[2.735s] Invoked command in '/home/robotai/AutoRobots/SamLab3/build/tb4_cpp_prac3' returned '0': CMAKE_PREFIX_PATH=/opt/ros/humble /usr/bin/cmake /home/robotai/AutoRobots/SamLab3/tb4_ws/src/tb4_cpp_prac3 -DCMAKE_INSTALL_PREFIX=/home/robotai/AutoRobots/SamLab3/install/tb4_cpp_prac3
[2.736s] Invoking command in '/home/robotai/AutoRobots/SamLab3/build/tb4_cpp_prac3': CMAKE_PREFIX_PATH=/opt/ros/humble /usr/bin/cmake --build /home/robotai/AutoRobots/SamLab3/build/tb4_cpp_prac3 -- -j6 -l6
[2.806s] [ 25%] [32mBuilding CXX object CMakeFiles/person_follower.dir/src/person_follower.cpp.o[0m
[16.018s] [ 50%] [32m[1mLinking CXX executable person_follower[0m
[17.000s] [ 50%] Built target person_follower
[17.039s] [ 75%] [32mBuilding CXX object CMakeFiles/wall_follower.dir/src/wall_follower.cpp.o[0m
[20.405s] In file included from [01m[K/opt/ros/humble/include/rclcpp/rclcpp/logging.hpp:24[m[K,
[20.405s]                  from [01m[K/opt/ros/humble/include/rclcpp/rclcpp/client.hpp:40[m[K,
[20.405s]                  from [01m[K/opt/ros/humble/include/rclcpp/rclcpp/callback_group.hpp:24[m[K,
[20.406s]                  from [01m[K/opt/ros/humble/include/rclcpp/rclcpp/any_executable.hpp:20[m[K,
[20.406s]                  from [01m[K/opt/ros/humble/include/rclcpp/rclcpp/memory_strategy.hpp:25[m[K,
[20.406s]                  from [01m[K/opt/ros/humble/include/rclcpp/rclcpp/memory_strategies.hpp:18[m[K,
[20.407s]                  from [01m[K/opt/ros/humble/include/rclcpp/rclcpp/executor_options.hpp:20[m[K,
[20.407s]                  from [01m[K/opt/ros/humble/include/rclcpp/rclcpp/executor.hpp:37[m[K,
[20.407s]                  from [01m[K/opt/ros/humble/include/rclcpp/rclcpp/executors/multi_threaded_executor.hpp:25[m[K,
[20.407s]                  from [01m[K/opt/ros/humble/include/rclcpp/rclcpp/executors.hpp:21[m[K,
[20.407s]                  from [01m[K/opt/ros/humble/include/rclcpp/rclcpp/rclcpp.hpp:155[m[K,
[20.407s]                  from [01m[K/home/robotai/AutoRobots/SamLab3/tb4_ws/src/tb4_cpp_prac3/src/wall_follower.cpp:9[m[K:
[20.407s] [01m[K/home/robotai/AutoRobots/SamLab3/tb4_ws/src/tb4_cpp_prac3/src/wall_follower.cpp:[m[K In constructor ‘[01m[KWallFollower::WallFollower()[m[K’:
[20.407s] [01m[K/home/robotai/AutoRobots/SamLab3/tb4_ws/src/tb4_cpp_prac3/src/wall_follower.cpp:53:41:[m[K [01;35m[Kwarning: [m[Kformat ‘[01m[K%d[m[K’ expects argument of type ‘[01m[Kint[m[K’, but argument 5 has type ‘[01m[Kint64_t[m[K’ {aka ‘[01m[Klong int[m[K’} [[01;35m[K]8;;https://gcc.gnu.org/onlinedocs/gcc/Warning-Options.html#index-Wformat=-Wformat=]8;;[m[K]
[20.407s]    53 |         RCLCPP_INFO(this->get_logger(), [01;35m[K"wall_side: %d"[m[K, [32m[Kwall_side_[m[K);
[20.408s]       |                                         [01;35m[K^~~~~~~~~~~~~~~[m[K  [32m[K~~~~~~~~~~[m[K
[20.408s]       |                                                          [32m[K|[m[K
[20.408s]       |                                                          [32m[Kint64_t {aka long int}[m[K
[20.408s] [01m[K/home/robotai/AutoRobots/SamLab3/tb4_ws/src/tb4_cpp_prac3/src/wall_follower.cpp:53:54:[m[K [01;36m[Knote: [m[Kformat string is defined here
[20.408s]    53 |         RCLCPP_INFO(this->get_logger(), "wall_side: [01;36m[K%d[m[K", wall_side_);
[20.408s]       |                                                     [01;36m[K~^[m[K
[20.408s]       |                                                      [01;36m[K|[m[K
[20.408s]       |                                                      [01;36m[Kint[m[K
[20.408s]       |                                                     [32m[K%ld[m[K
[29.565s] [100%] [32m[1mLinking CXX executable wall_follower[0m
[30.162s] [100%] Built target wall_follower
[30.182s] Invoked command in '/home/robotai/AutoRobots/SamLab3/build/tb4_cpp_prac3' returned '0': CMAKE_PREFIX_PATH=/opt/ros/humble /usr/bin/cmake --build /home/robotai/AutoRobots/SamLab3/build/tb4_cpp_prac3 -- -j6 -l6
[30.208s] Invoking command in '/home/robotai/AutoRobots/SamLab3/build/tb4_cpp_prac3': CMAKE_PREFIX_PATH=/opt/ros/humble /usr/bin/cmake --install /home/robotai/AutoRobots/SamLab3/build/tb4_cpp_prac3
[30.229s] -- Install configuration: ""
[30.233s] -- Installing: /home/robotai/AutoRobots/SamLab3/install/tb4_cpp_prac3/lib/tb4_cpp_prac3/person_follower
[30.237s] -- Set runtime path of "/home/robotai/AutoRobots/SamLab3/install/tb4_cpp_prac3/lib/tb4_cpp_prac3/person_follower" to ""
[30.239s] -- Installing: /home/robotai/AutoRobots/SamLab3/install/tb4_cpp_prac3/lib/tb4_cpp_prac3/wall_follower
[30.242s] -- Set runtime path of "/home/robotai/AutoRobots/SamLab3/install/tb4_cpp_prac3/lib/tb4_cpp_prac3/wall_follower" to ""
[30.242s] -- Up-to-date: /home/robotai/AutoRobots/SamLab3/install/tb4_cpp_prac3/lib/tb4_cpp_prac3/person_follower
[30.242s] -- Installing: /home/robotai/AutoRobots/SamLab3/install/tb4_cpp_prac3/share/ament_index/resource_index/package_run_dependencies/tb4_cpp_prac3
[30.244s] -- Installing: /home/robotai/AutoRobots/SamLab3/install/tb4_cpp_prac3/share/ament_index/resource_index/parent_prefix_path/tb4_cpp_prac3
[30.245s] -- Installing: /home/robotai/AutoRobots/SamLab3/install/tb4_cpp_prac3/share/tb4_cpp_prac3/environment/ament_prefix_path.sh
[30.247s] -- Installing: /home/robotai/AutoRobots/SamLab3/install/tb4_cpp_prac3/share/tb4_cpp_prac3/environment/ament_prefix_path.dsv
[30.248s] -- Installing: /home/robotai/AutoRobots/SamLab3/install/tb4_cpp_prac3/share/tb4_cpp_prac3/environment/path.sh
[30.251s] -- Installing: /home/robotai/AutoRobots/SamLab3/install/tb4_cpp_prac3/share/tb4_cpp_prac3/environment/path.dsv
[30.251s] -- Installing: /home/robotai/AutoRobots/SamLab3/install/tb4_cpp_prac3/share/tb4_cpp_prac3/local_setup.bash
[30.253s] -- Installing: /home/robotai/AutoRobots/SamLab3/install/tb4_cpp_prac3/share/tb4_cpp_prac3/local_setup.sh
[30.253s] -- Installing: /home/robotai/AutoRobots/SamLab3/install/tb4_cpp_prac3/share/tb4_cpp_prac3/local_setup.zsh
[30.257s] -- Installing: /home/robotai/AutoRobots/SamLab3/install/tb4_cpp_prac3/share/tb4_cpp_prac3/local_setup.dsv
[30.257s] -- Installing: /home/robotai/AutoRobots/SamLab3/install/tb4_cpp_prac3/share/tb4_cpp_prac3/package.dsv
[30.258s] -- Installing: /home/robotai/AutoRobots/SamLab3/install/tb4_cpp_prac3/share/ament_index/resource_index/packages/tb4_cpp_prac3
[30.258s] -- Installing: /home/robotai/AutoRobots/SamLab3/install/tb4_cpp_prac3/share/tb4_cpp_prac3/cmake/tb4_cpp_prac3Config.cmake
[30.258s] -- Installing: /home/robotai/AutoRobots/SamLab3/install/tb4_cpp_prac3/share/tb4_cpp_prac3/cmake/tb4_cpp_prac3Config-version.cmake
[30.258s] -- Installing: /home/robotai/AutoRobots/SamLab3/install/tb4_cpp_prac3/share/tb4_cpp_prac3/package.xml
[30.270s] Invoked command in '/home/robotai/AutoRobots/SamLab3/build/tb4_cpp_prac3' returned '0': CMAKE_PREFIX_PATH=/opt/ros/humble /usr/bin/cmake --install /home/robotai/AutoRobots/SamLab3/build/tb4_cpp_prac3
