[0.005s] Invoking command in '/home/robotai/AutoRobots/SamLab3/tb4_ws/build/tb4_cpp_prac3': CMAKE_PREFIX_PATH=${CMAKE_PREFIX_PATH}:/opt/ros/humble /usr/bin/cmake --build /home/robotai/AutoRobots/SamLab3/tb4_ws/build/tb4_cpp_prac3 -- -j24 -l24
[0.025s] [35m[1mConsolidate compiler generated dependencies of target person_follower[0m
[0.033s] [ 50%] [32mBuilding CXX object CMakeFiles/person_follower.dir/src/person_follower.cpp.o[0m
[0.928s] [01m[K/home/robotai/AutoRobots/SamLab3/tb4_ws/src/tb4_cpp_prac3/src/person_follower.cpp:[m[K In member function ‘[01m[Kvoid PersonFollower::scan_callback(sensor_msgs::msg::LaserScan_<std::allocator<void> >::SharedPtr)[m[K’:
[0.928s] [01m[K/home/robotai/AutoRobots/SamLab3/tb4_ws/src/tb4_cpp_prac3/src/person_follower.cpp:107:23:[m[K [01;31m[Kerror: [m[Kcannot convert ‘[01m[Kconst char*[m[K’ to ‘[01m[Kfloat[m[K’ in initialization
[0.928s]   107 |   float replacement = [01;31m[K"inf"[m[K
[0.928s]       |                       [01;31m[K^~~~~[m[K
[0.928s]       |                       [01;31m[K|[m[K
[0.928s]       |                       [01;31m[Kconst char*[m[K
[0.928s] [01m[K/home/robotai/AutoRobots/SamLab3/tb4_ws/src/tb4_cpp_prac3/src/person_follower.cpp:108:110:[m[K [01;31m[Kerror: [m[Kexpected primary-expression before ‘[01m[K,[m[K’ token
[0.928s]   108 | msg->ranges.end(), [threshold](int n){return n < threshold;}[01;31m[K,[m[K replacement);
[0.928s]       |                                                             [01;31m[K^[m[K
[0.928s] 
[0.930s] In file included from [01m[K/opt/ros/humble/include/rclcpp/rclcpp/logging.hpp:24[m[K,
[0.930s]                  from [01m[K/opt/ros/humble/include/rclcpp/rclcpp/client.hpp:40[m[K,
[0.930s]                  from [01m[K/opt/ros/humble/include/rclcpp/rclcpp/callback_group.hpp:24[m[K,
[0.930s]                  from [01m[K/opt/ros/humble/include/rclcpp/rclcpp/any_executable.hpp:20[m[K,
[0.930s]                  from [01m[K/opt/ros/humble/include/rclcpp/rclcpp/memory_strategy.hpp:25[m[K,
[0.930s]                  from [01m[K/opt/ros/humble/include/rclcpp/rclcpp/memory_strategies.hpp:18[m[K,
[0.930s]                  from [01m[K/opt/ros/humble/include/rclcpp/rclcpp/executor_options.hpp:20[m[K,
[0.930s]                  from [01m[K/opt/ros/humble/include/rclcpp/rclcpp/executor.hpp:37[m[K,
[0.930s]                  from [01m[K/opt/ros/humble/include/rclcpp/rclcpp/executors/multi_threaded_executor.hpp:25[m[K,
[0.930s]                  from [01m[K/opt/ros/humble/include/rclcpp/rclcpp/executors.hpp:21[m[K,
[0.930s]                  from [01m[K/opt/ros/humble/include/rclcpp/rclcpp/rclcpp.hpp:155[m[K,
[0.930s]                  from [01m[K/home/robotai/AutoRobots/SamLab3/tb4_ws/src/tb4_cpp_prac3/src/person_follower.cpp:8[m[K:
[0.930s] [01m[K/home/robotai/AutoRobots/SamLab3/tb4_ws/src/tb4_cpp_prac3/src/person_follower.cpp:121:39:[m[K [01;35m[Kwarning: [m[Kformat ‘[01m[K%lf[m[K’ expects argument of type ‘[01m[Kdouble[m[K’, but argument 5 has type ‘[01m[K__gnu_cxx::__normal_iterator<float*, std::vector<float> >[m[K’ [[01;35m[K]8;;https://gcc.gnu.org/onlinedocs/gcc/Warning-Options.html#index-Wformat=-Wformat=]8;;[m[K]
[0.931s]   121 |       RCLCPP_INFO(this->get_logger(), [01;35m[K"Min Distance: %lf"[m[K, [32m[Kmin_distance[m[K);
[0.931s]       |                                       [01;35m[K^~~~~~~~~~~~~~~~~~~[m[K  [32m[K~~~~~~~~~~~~[m[K
[0.931s]       |                                                            [32m[K|[m[K
[0.931s]       |                                                            [32m[K__gnu_cxx::__normal_iterator<float*, std::vector<float> >[m[K
[0.931s] [01m[K/home/robotai/AutoRobots/SamLab3/tb4_ws/src/tb4_cpp_prac3/src/person_follower.cpp:121:56:[m[K [01;36m[Knote: [m[Kformat string is defined here
[0.931s]   121 |       RCLCPP_INFO(this->get_logger(), "Min Distance: [01;36m[K%lf[m[K", min_distance);
[0.931s]       |                                                      [01;36m[K~~^[m[K
[0.931s]       |                                                        [01;36m[K|[m[K
[0.931s]       |                                                        [01;36m[Kdouble[m[K
[0.931s] [01m[K/home/robotai/AutoRobots/SamLab3/tb4_ws/src/tb4_cpp_prac3/src/person_follower.cpp:106:9:[m[K [01;35m[Kwarning: [m[Kunused variable ‘[01m[Kthreshold[m[K’ [[01;35m[K]8;;https://gcc.gnu.org/onlinedocs/gcc/Warning-Options.html#index-Wunused-variable-Wunused-variable]8;;[m[K]
[0.931s]   106 |   float [01;35m[Kthreshold[m[K = 0.2;
[0.931s]       |         [01;35m[K^~~~~~~~~[m[K
[1.954s] gmake[2]: *** [CMakeFiles/person_follower.dir/build.make:76: CMakeFiles/person_follower.dir/src/person_follower.cpp.o] Error 1
[1.955s] gmake[1]: *** [CMakeFiles/Makefile2:137: CMakeFiles/person_follower.dir/all] Error 2
[1.955s] gmake: *** [Makefile:146: all] Error 2
[1.958s] Invoked command in '/home/robotai/AutoRobots/SamLab3/tb4_ws/build/tb4_cpp_prac3' returned '2': CMAKE_PREFIX_PATH=${CMAKE_PREFIX_PATH}:/opt/ros/humble /usr/bin/cmake --build /home/robotai/AutoRobots/SamLab3/tb4_ws/build/tb4_cpp_prac3 -- -j24 -l24
