[0.015s] Invoking command in '/home/robotai/AutoRobots/SamLab1/tb4_ws/build/tb4_cpp_prac1': CMAKE_PREFIX_PATH=${CMAKE_PREFIX_PATH}:/opt/ros/humble /usr/bin/cmake --build /home/robotai/AutoRobots/SamLab1/tb4_ws/build/tb4_cpp_prac1 -- -j6 -l6
[0.147s] -- Found ament_cmake: 1.3.14 (/opt/ros/humble/share/ament_cmake/cmake)
[0.290s] -- Found rclcpp: 16.0.19 (/opt/ros/humble/share/rclcpp/cmake)
[0.362s] -- Found rosidl_generator_c: 3.1.9 (/opt/ros/humble/share/rosidl_generator_c/cmake)
[0.374s] -- Found rosidl_adapter: 3.1.9 (/opt/ros/humble/share/rosidl_adapter/cmake)
[0.397s] -- Found rosidl_generator_cpp: 3.1.9 (/opt/ros/humble/share/rosidl_generator_cpp/cmake)
[0.421s] -- Using all available rosidl_typesupport_c: rosidl_typesupport_fastrtps_c;rosidl_typesupport_introspection_c
[0.453s] -- Using all available rosidl_typesupport_cpp: rosidl_typesupport_fastrtps_cpp;rosidl_typesupport_introspection_cpp
[0.505s] -- Found rmw_implementation_cmake: 6.1.2 (/opt/ros/humble/share/rmw_implementation_cmake/cmake)
[0.506s] -- Found rmw_fastrtps_cpp: 6.2.10 (/opt/ros/humble/share/rmw_fastrtps_cpp/cmake)
[0.608s] -- Using RMW implementation 'rmw_fastrtps_cpp' as default
[0.674s] -- Found irobot_create_msgs: 2.1.0 (/opt/ros/humble/share/irobot_create_msgs/cmake)
[0.741s] -- Found std_srvs: 4.9.1 (/opt/ros/humble/share/std_srvs/cmake)
[0.765s] [31mCMake Error at CMakeLists.txt:21 (ad_executable):
[0.765s]   Unknown CMake command "ad_executable".
[0.765s] 
[0.765s] [0m
[0.765s] -- Configuring incomplete, errors occurred!
[0.766s] See also "/home/robotai/AutoRobots/SamLab1/tb4_ws/build/tb4_cpp_prac1/CMakeFiles/CMakeOutput.log".
[0.776s] gmake: *** [Makefile:267: cmake_check_build_system] Error 1
[0.779s] Invoked command in '/home/robotai/AutoRobots/SamLab1/tb4_ws/build/tb4_cpp_prac1' returned '2': CMAKE_PREFIX_PATH=${CMAKE_PREFIX_PATH}:/opt/ros/humble /usr/bin/cmake --build /home/robotai/AutoRobots/SamLab1/tb4_ws/build/tb4_cpp_prac1 -- -j6 -l6
