[0.028s] Invoking command in '/home/robotai/AutoRobots/SamLab3/tb4_ws/build/tb4_cpp_prac3': CMAKE_PREFIX_PATH=/opt/ros/humble /usr/bin/cmake --build /home/robotai/AutoRobots/SamLab3/tb4_ws/build/tb4_cpp_prac3 -- -j6 -l6
[0.104s] -- Found ament_cmake: 1.3.14 (/opt/ros/humble/share/ament_cmake/cmake)
[0.283s] -- Found rclcpp: 16.0.19 (/opt/ros/humble/share/rclcpp/cmake)
[0.348s] -- Found rosidl_generator_c: 3.1.9 (/opt/ros/humble/share/rosidl_generator_c/cmake)
[0.355s] -- Found rosidl_adapter: 3.1.9 (/opt/ros/humble/share/rosidl_adapter/cmake)
[0.371s] -- Found rosidl_generator_cpp: 3.1.9 (/opt/ros/humble/share/rosidl_generator_cpp/cmake)
[0.397s] -- Using all available rosidl_typesupport_c: rosidl_typesupport_fastrtps_c;rosidl_typesupport_introspection_c
[0.421s] -- Using all available rosidl_typesupport_cpp: rosidl_typesupport_fastrtps_cpp;rosidl_typesupport_introspection_cpp
[0.513s] -- Found rmw_implementation_cmake: 6.1.3 (/opt/ros/humble/share/rmw_implementation_cmake/cmake)
[0.520s] -- Found rmw_fastrtps_cpp: 6.2.10 (/opt/ros/humble/share/rmw_fastrtps_cpp/cmake)
[0.669s] -- Using RMW implementation 'rmw_fastrtps_cpp' as default
[0.789s] -- Found geometry_msgs: 4.9.2 (/opt/ros/humble/share/geometry_msgs/cmake)
[0.821s] -- Found nav_msgs: 4.9.2 (/opt/ros/humble/share/nav_msgs/cmake)
[0.849s] -- Found sensor_msgs: 4.9.2 (/opt/ros/humble/share/sensor_msgs/cmake)
[0.889s] -- Found ament_lint_auto: 0.12.15 (/opt/ros/humble/share/ament_lint_auto/cmake)
[0.971s] -- Added test 'cppcheck' to perform static code analysis on C / C++ code
[0.971s] -- Configured cppcheck include dirs: $<BUILD_INTERFACE:/home/robotai/AutoRobots/SamLab3/tb4_ws/src/tb4_cpp_prac3/include>
[0.971s] -- Configured cppcheck exclude dirs and/or files: 
[0.973s] -- Added test 'lint_cmake' to check CMake code style
[0.974s] -- Added test 'uncrustify' to check C / C++ code style
[0.975s] -- Configured uncrustify additional arguments: 
[0.975s] -- Added test 'xmllint' to check XML markup files
[0.977s] -- Configuring done
[0.996s] -- Generating done
[1.000s] -- Build files have been written to: /home/robotai/AutoRobots/SamLab3/tb4_ws/build/tb4_cpp_prac3
[1.037s] [35m[1mConsolidate compiler generated dependencies of target wall_follower[0m
[1.037s] [35m[1mConsolidate compiler generated dependencies of target person_follower[0m
[1.057s] [ 50%] [32mBuilding CXX object CMakeFiles/wall_follower.dir/src/wall_follower.cpp.o[0m
[1.057s] [ 50%] [32mBuilding CXX object CMakeFiles/person_follower.dir/src/person_follower.cpp.o[0m
[4.057s] In file included from [01m[K/opt/ros/humble/include/rclcpp/rclcpp/logging.hpp:24[m[K,
[4.057s]                  from [01m[K/opt/ros/humble/include/rclcpp/rclcpp/client.hpp:40[m[K,
[4.057s]                  from [01m[K/opt/ros/humble/include/rclcpp/rclcpp/callback_group.hpp:24[m[K,
[4.057s]                  from [01m[K/opt/ros/humble/include/rclcpp/rclcpp/any_executable.hpp:20[m[K,
[4.057s]                  from [01m[K/opt/ros/humble/include/rclcpp/rclcpp/memory_strategy.hpp:25[m[K,
[4.057s]                  from [01m[K/opt/ros/humble/include/rclcpp/rclcpp/memory_strategies.hpp:18[m[K,
[4.057s]                  from [01m[K/opt/ros/humble/include/rclcpp/rclcpp/executor_options.hpp:20[m[K,
[4.057s]                  from [01m[K/opt/ros/humble/include/rclcpp/rclcpp/executor.hpp:37[m[K,
[4.058s]                  from [01m[K/opt/ros/humble/include/rclcpp/rclcpp/executors/multi_threaded_executor.hpp:25[m[K,
[4.058s]                  from [01m[K/opt/ros/humble/include/rclcpp/rclcpp/executors.hpp:21[m[K,
[4.058s]                  from [01m[K/opt/ros/humble/include/rclcpp/rclcpp/rclcpp.hpp:155[m[K,
[4.058s]                  from [01m[K/home/robotai/AutoRobots/SamLab3/tb4_ws/src/tb4_cpp_prac3/src/wall_follower.cpp:9[m[K:
[4.058s] [01m[K/home/robotai/AutoRobots/SamLab3/tb4_ws/src/tb4_cpp_prac3/src/wall_follower.cpp:[m[K In constructor ‘[01m[KWallFollower::WallFollower()[m[K’:
[4.058s] [01m[K/home/robotai/AutoRobots/SamLab3/tb4_ws/src/tb4_cpp_prac3/src/wall_follower.cpp:53:41:[m[K [01;35m[Kwarning: [m[Kformat ‘[01m[K%d[m[K’ expects argument of type ‘[01m[Kint[m[K’, but argument 5 has type ‘[01m[Kint64_t[m[K’ {aka ‘[01m[Klong int[m[K’} [[01;35m[K]8;;https://gcc.gnu.org/onlinedocs/gcc/Warning-Options.html#index-Wformat=-Wformat=]8;;[m[K]
[4.058s]    53 |         RCLCPP_INFO(this->get_logger(), [01;35m[K"wall_side: %d"[m[K, [32m[Kwall_side_[m[K);
[4.058s]       |                                         [01;35m[K^~~~~~~~~~~~~~~[m[K  [32m[K~~~~~~~~~~[m[K
[4.058s]       |                                                          [32m[K|[m[K
[4.058s]       |                                                          [32m[Kint64_t {aka long int}[m[K
[4.058s] [01m[K/home/robotai/AutoRobots/SamLab3/tb4_ws/src/tb4_cpp_prac3/src/wall_follower.cpp:53:54:[m[K [01;36m[Knote: [m[Kformat string is defined here
[4.058s]    53 |         RCLCPP_INFO(this->get_logger(), "wall_side: [01;36m[K%d[m[K", wall_side_);
[4.058s]       |                                                     [01;36m[K~^[m[K
[4.058s]       |                                                      [01;36m[K|[m[K
[4.058s]       |                                                      [01;36m[Kint[m[K
[4.058s]       |                                                     [32m[K%ld[m[K
[4.078s] [01m[K/home/robotai/AutoRobots/SamLab3/tb4_ws/src/tb4_cpp_prac3/src/wall_follower.cpp:[m[K In member function ‘[01m[Kvoid WallFollower::scan_callback(sensor_msgs::msg::LaserScan_<std::allocator<void> >::SharedPtr)[m[K’:
[4.078s] [01m[K/home/robotai/AutoRobots/SamLab3/tb4_ws/src/tb4_cpp_prac3/src/wall_follower.cpp:186:53:[m[K [01;31m[Kerror: [m[Kexpected ‘[01m[K;[m[K’ before ‘[01m[K}[m[K’ token
[4.078s]   186 |             cmd_vel_msg.linear.x = forward_velocity_[01;31m[K [m[K// constant linear velocity
[4.078s]       |                                                     [01;31m[K^[m[K
[4.078s]       |                                                     [32m[K;[m[K
[4.078s]   187 |         [32m[K}[m[K
[4.078s]       |         [32m[K~[m[K                                            
[6.848s] gmake[2]: *** [CMakeFiles/wall_follower.dir/build.make:76: CMakeFiles/wall_follower.dir/src/wall_follower.cpp.o] Error 1
[6.849s] gmake[1]: *** [CMakeFiles/Makefile2:165: CMakeFiles/wall_follower.dir/all] Error 2
[6.849s] gmake[1]: *** Waiting for unfinished jobs....
[10.920s] [ 75%] [32m[1mLinking CXX executable person_follower[0m
[11.557s] [ 75%] Built target person_follower
[11.559s] gmake: *** [Makefile:146: all] Error 2
[11.562s] Invoked command in '/home/robotai/AutoRobots/SamLab3/tb4_ws/build/tb4_cpp_prac3' returned '2': CMAKE_PREFIX_PATH=/opt/ros/humble /usr/bin/cmake --build /home/robotai/AutoRobots/SamLab3/tb4_ws/build/tb4_cpp_prac3 -- -j6 -l6
