[0.041s] DEBUG:colcon:Command line arguments: ['/usr/bin/colcon', 'build']
[0.041s] DEBUG:colcon:Parsed command line arguments: Namespace(log_base=None, log_level=None, verb_name='build', build_base='build', install_base='install', merge_install=False, symlink_install=False, test_result_base=None, continue_on_error=False, executor='parallel', parallel_workers=24, event_handlers=None, ignore_user_meta=False, metas=['./colcon.meta'], base_paths=['.'], packages_ignore=None, packages_ignore_regex=None, paths=None, packages_up_to=None, packages_up_to_regex=None, packages_above=None, packages_above_and_dependencies=None, packages_above_depth=None, packages_select_by_dep=None, packages_skip_by_dep=None, packages_skip_up_to=None, packages_select_build_failed=False, packages_skip_build_finished=False, packages_select_test_failures=False, packages_skip_test_passed=False, packages_select=None, packages_skip=None, packages_select_regex=None, packages_skip_regex=None, packages_start=None, packages_end=None, allow_overriding=[], cmake_args=None, cmake_target=None, cmake_target_skip_unavailable=False, cmake_clean_cache=False, cmake_clean_first=False, cmake_force_configure=False, ament_cmake_args=None, catkin_cmake_args=None, catkin_skip_building_tests=False, mixin_files=None, mixin=None, verb_parser=<colcon_mixin.mixin.mixin_argument.MixinArgumentDecorator object at 0x785f00664700>, verb_extension=<colcon_core.verb.build.BuildVerb object at 0x785f00633ca0>, main=<bound method BuildVerb.main of <colcon_core.verb.build.BuildVerb object at 0x785f00633ca0>>, mixin_verb=('build',))
[0.094s] Level 1:colcon.colcon_core.package_discovery:discover_packages(colcon_meta) check parameters
[0.094s] Level 1:colcon.colcon_core.package_discovery:discover_packages(recursive) check parameters
[0.094s] Level 1:colcon.colcon_core.package_discovery:discover_packages(ignore) check parameters
[0.094s] Level 1:colcon.colcon_core.package_discovery:discover_packages(path) check parameters
[0.094s] Level 1:colcon.colcon_core.package_discovery:discover_packages(colcon_meta) discover
[0.094s] Level 1:colcon.colcon_core.package_discovery:discover_packages(recursive) discover
[0.094s] INFO:colcon.colcon_core.package_discovery:Crawling recursively for packages in '/home/robotai/AutoRobots/SamLab3/tb4_ws'
[0.094s] Level 1:colcon.colcon_core.package_identification:_identify(.) by extensions ['ignore', 'ignore_ament_install']
[0.094s] Level 1:colcon.colcon_core.package_identification:_identify(.) by extension 'ignore'
[0.094s] Level 1:colcon.colcon_core.package_identification:_identify(.) by extension 'ignore_ament_install'
[0.094s] Level 1:colcon.colcon_core.package_identification:_identify(.) by extensions ['colcon_pkg']
[0.094s] Level 1:colcon.colcon_core.package_identification:_identify(.) by extension 'colcon_pkg'
[0.094s] Level 1:colcon.colcon_core.package_identification:_identify(.) by extensions ['colcon_meta']
[0.094s] Level 1:colcon.colcon_core.package_identification:_identify(.) by extension 'colcon_meta'
[0.094s] Level 1:colcon.colcon_core.package_identification:_identify(.) by extensions ['ros']
[0.094s] Level 1:colcon.colcon_core.package_identification:_identify(.) by extension 'ros'
[0.099s] Level 1:colcon.colcon_core.package_identification:_identify(.) by extensions ['cmake', 'python']
[0.099s] Level 1:colcon.colcon_core.package_identification:_identify(.) by extension 'cmake'
[0.099s] Level 1:colcon.colcon_core.package_identification:_identify(.) by extension 'python'
[0.099s] Level 1:colcon.colcon_core.package_identification:_identify(.) by extensions ['python_setup_py']
[0.099s] Level 1:colcon.colcon_core.package_identification:_identify(.) by extension 'python_setup_py'
[0.099s] Level 1:colcon.colcon_core.package_identification:_identify(build) by extensions ['ignore', 'ignore_ament_install']
[0.099s] Level 1:colcon.colcon_core.package_identification:_identify(build) by extension 'ignore'
[0.099s] Level 1:colcon.colcon_core.package_identification:_identify(build) ignored
[0.099s] Level 1:colcon.colcon_core.package_identification:_identify(install) by extensions ['ignore', 'ignore_ament_install']
[0.099s] Level 1:colcon.colcon_core.package_identification:_identify(install) by extension 'ignore'
[0.099s] Level 1:colcon.colcon_core.package_identification:_identify(install) ignored
[0.099s] Level 1:colcon.colcon_core.package_identification:_identify(log) by extensions ['ignore', 'ignore_ament_install']
[0.099s] Level 1:colcon.colcon_core.package_identification:_identify(log) by extension 'ignore'
[0.099s] Level 1:colcon.colcon_core.package_identification:_identify(log) ignored
[0.099s] Level 1:colcon.colcon_core.package_identification:_identify(src) by extensions ['ignore', 'ignore_ament_install']
[0.099s] Level 1:colcon.colcon_core.package_identification:_identify(src) by extension 'ignore'
[0.099s] Level 1:colcon.colcon_core.package_identification:_identify(src) by extension 'ignore_ament_install'
[0.099s] Level 1:colcon.colcon_core.package_identification:_identify(src) by extensions ['colcon_pkg']
[0.099s] Level 1:colcon.colcon_core.package_identification:_identify(src) by extension 'colcon_pkg'
[0.099s] Level 1:colcon.colcon_core.package_identification:_identify(src) by extensions ['colcon_meta']
[0.099s] Level 1:colcon.colcon_core.package_identification:_identify(src) by extension 'colcon_meta'
[0.099s] Level 1:colcon.colcon_core.package_identification:_identify(src) by extensions ['ros']
[0.099s] Level 1:colcon.colcon_core.package_identification:_identify(src) by extension 'ros'
[0.099s] Level 1:colcon.colcon_core.package_identification:_identify(src) by extensions ['cmake', 'python']
[0.099s] Level 1:colcon.colcon_core.package_identification:_identify(src) by extension 'cmake'
[0.099s] Level 1:colcon.colcon_core.package_identification:_identify(src) by extension 'python'
[0.099s] Level 1:colcon.colcon_core.package_identification:_identify(src) by extensions ['python_setup_py']
[0.099s] Level 1:colcon.colcon_core.package_identification:_identify(src) by extension 'python_setup_py'
[0.099s] Level 1:colcon.colcon_core.package_identification:_identify(src/tb4_cpp_prac3) by extensions ['ignore', 'ignore_ament_install']
[0.099s] Level 1:colcon.colcon_core.package_identification:_identify(src/tb4_cpp_prac3) by extension 'ignore'
[0.099s] Level 1:colcon.colcon_core.package_identification:_identify(src/tb4_cpp_prac3) by extension 'ignore_ament_install'
[0.099s] Level 1:colcon.colcon_core.package_identification:_identify(src/tb4_cpp_prac3) by extensions ['colcon_pkg']
[0.099s] Level 1:colcon.colcon_core.package_identification:_identify(src/tb4_cpp_prac3) by extension 'colcon_pkg'
[0.099s] Level 1:colcon.colcon_core.package_identification:_identify(src/tb4_cpp_prac3) by extensions ['colcon_meta']
[0.099s] Level 1:colcon.colcon_core.package_identification:_identify(src/tb4_cpp_prac3) by extension 'colcon_meta'
[0.099s] Level 1:colcon.colcon_core.package_identification:_identify(src/tb4_cpp_prac3) by extensions ['ros']
[0.099s] Level 1:colcon.colcon_core.package_identification:_identify(src/tb4_cpp_prac3) by extension 'ros'
[0.100s] DEBUG:colcon.colcon_core.package_identification:Package 'src/tb4_cpp_prac3' with type 'ros.ament_cmake' and name 'tb4_cpp_prac3'
[0.100s] Level 1:colcon.colcon_core.package_discovery:discover_packages(recursive) using defaults
[0.100s] Level 1:colcon.colcon_core.package_discovery:discover_packages(ignore) discover
[0.100s] Level 1:colcon.colcon_core.package_discovery:discover_packages(ignore) using defaults
[0.100s] Level 1:colcon.colcon_core.package_discovery:discover_packages(path) discover
[0.100s] Level 1:colcon.colcon_core.package_discovery:discover_packages(path) using defaults
[0.108s] Level 1:colcon.colcon_core.package_discovery:discover_packages(prefix_path) check parameters
[0.108s] Level 1:colcon.colcon_core.package_discovery:discover_packages(prefix_path) discover
[0.109s] DEBUG:colcon.colcon_installed_package_information.package_discovery:Found 1 installed packages in /home/robotai/AutoRobots/SamLab3/tb4_ws/install
[0.110s] DEBUG:colcon.colcon_installed_package_information.package_discovery:Found 380 installed packages in /opt/ros/humble
[0.115s] Level 1:colcon.colcon_core.package_discovery:discover_packages(prefix_path) using defaults
[0.131s] Level 5:colcon.colcon_core.verb:set package 'tb4_cpp_prac3' build argument 'cmake_args' from command line to 'None'
[0.131s] Level 5:colcon.colcon_core.verb:set package 'tb4_cpp_prac3' build argument 'cmake_target' from command line to 'None'
[0.131s] Level 5:colcon.colcon_core.verb:set package 'tb4_cpp_prac3' build argument 'cmake_target_skip_unavailable' from command line to 'False'
[0.131s] Level 5:colcon.colcon_core.verb:set package 'tb4_cpp_prac3' build argument 'cmake_clean_cache' from command line to 'False'
[0.131s] Level 5:colcon.colcon_core.verb:set package 'tb4_cpp_prac3' build argument 'cmake_clean_first' from command line to 'False'
[0.131s] Level 5:colcon.colcon_core.verb:set package 'tb4_cpp_prac3' build argument 'cmake_force_configure' from command line to 'False'
[0.131s] Level 5:colcon.colcon_core.verb:set package 'tb4_cpp_prac3' build argument 'ament_cmake_args' from command line to 'None'
[0.131s] Level 5:colcon.colcon_core.verb:set package 'tb4_cpp_prac3' build argument 'catkin_cmake_args' from command line to 'None'
[0.131s] Level 5:colcon.colcon_core.verb:set package 'tb4_cpp_prac3' build argument 'catkin_skip_building_tests' from command line to 'False'
[0.131s] DEBUG:colcon.colcon_core.verb:Building package 'tb4_cpp_prac3' with the following arguments: {'ament_cmake_args': None, 'build_base': '/home/robotai/AutoRobots/SamLab3/tb4_ws/build/tb4_cpp_prac3', 'catkin_cmake_args': None, 'catkin_skip_building_tests': False, 'cmake_args': None, 'cmake_clean_cache': False, 'cmake_clean_first': False, 'cmake_force_configure': False, 'cmake_target': None, 'cmake_target_skip_unavailable': False, 'install_base': '/home/robotai/AutoRobots/SamLab3/tb4_ws/install/tb4_cpp_prac3', 'merge_install': False, 'path': '/home/robotai/AutoRobots/SamLab3/tb4_ws/src/tb4_cpp_prac3', 'symlink_install': False, 'test_result_base': None}
[0.131s] INFO:colcon.colcon_core.executor:Executing jobs using 'parallel' executor
[0.132s] DEBUG:colcon.colcon_parallel_executor.executor.parallel:run_until_complete
[0.132s] INFO:colcon.colcon_ros.task.ament_cmake.build:Building ROS package in '/home/robotai/AutoRobots/SamLab3/tb4_ws/src/tb4_cpp_prac3' with build type 'ament_cmake'
[0.133s] INFO:colcon.colcon_cmake.task.cmake.build:Building CMake package in '/home/robotai/AutoRobots/SamLab3/tb4_ws/src/tb4_cpp_prac3'
[0.133s] INFO:colcon.colcon_core.plugin_system:Skipping extension 'colcon_core.shell.bat': Not used on non-Windows systems
[0.133s] INFO:colcon.colcon_core.shell:Skip shell extension 'powershell' for command environment: Not usable outside of PowerShell
[0.133s] DEBUG:colcon.colcon_core.shell:Skip shell extension 'dsv' for command environment
[0.139s] DEBUG:colcon.colcon_core.event_handler.log_command:Invoking command in '/home/robotai/AutoRobots/SamLab3/tb4_ws/build/tb4_cpp_prac3': CMAKE_PREFIX_PATH=${CMAKE_PREFIX_PATH}:/opt/ros/humble /usr/bin/cmake --build /home/robotai/AutoRobots/SamLab3/tb4_ws/build/tb4_cpp_prac3 -- -j24 -l24
[3.691s] DEBUG:colcon.colcon_core.event_handler.log_command:Invoked command in '/home/robotai/AutoRobots/SamLab3/tb4_ws/build/tb4_cpp_prac3' returned '0': CMAKE_PREFIX_PATH=${CMAKE_PREFIX_PATH}:/opt/ros/humble /usr/bin/cmake --build /home/robotai/AutoRobots/SamLab3/tb4_ws/build/tb4_cpp_prac3 -- -j24 -l24
[3.709s] DEBUG:colcon.colcon_core.event_handler.log_command:Invoking command in '/home/robotai/AutoRobots/SamLab3/tb4_ws/build/tb4_cpp_prac3': CMAKE_PREFIX_PATH=${CMAKE_PREFIX_PATH}:/opt/ros/humble /usr/bin/cmake --install /home/robotai/AutoRobots/SamLab3/tb4_ws/build/tb4_cpp_prac3
[3.714s] Level 1:colcon.colcon_core.environment:create_environment_scripts_only(tb4_cpp_prac3)
[3.714s] DEBUG:colcon.colcon_core.event_handler.log_command:Invoked command in '/home/robotai/AutoRobots/SamLab3/tb4_ws/build/tb4_cpp_prac3' returned '0': CMAKE_PREFIX_PATH=${CMAKE_PREFIX_PATH}:/opt/ros/humble /usr/bin/cmake --install /home/robotai/AutoRobots/SamLab3/tb4_ws/build/tb4_cpp_prac3
[3.715s] Level 1:colcon.colcon_core.environment:checking '/home/robotai/AutoRobots/SamLab3/tb4_ws/install/tb4_cpp_prac3' for CMake module files
[3.716s] Level 1:colcon.colcon_core.environment:checking '/home/robotai/AutoRobots/SamLab3/tb4_ws/install/tb4_cpp_prac3' for CMake config files
[3.716s] Level 1:colcon.colcon_core.shell:create_environment_hook('tb4_cpp_prac3', 'cmake_prefix_path')
[3.716s] INFO:colcon.colcon_core.shell:Creating environment hook '/home/robotai/AutoRobots/SamLab3/tb4_ws/install/tb4_cpp_prac3/share/tb4_cpp_prac3/hook/cmake_prefix_path.ps1'
[3.716s] INFO:colcon.colcon_core.shell:Creating environment descriptor '/home/robotai/AutoRobots/SamLab3/tb4_ws/install/tb4_cpp_prac3/share/tb4_cpp_prac3/hook/cmake_prefix_path.dsv'
[3.716s] INFO:colcon.colcon_core.shell:Creating environment hook '/home/robotai/AutoRobots/SamLab3/tb4_ws/install/tb4_cpp_prac3/share/tb4_cpp_prac3/hook/cmake_prefix_path.sh'
[3.717s] Level 1:colcon.colcon_core.environment:checking '/home/robotai/AutoRobots/SamLab3/tb4_ws/install/tb4_cpp_prac3/lib'
[3.717s] Level 1:colcon.colcon_core.environment:checking '/home/robotai/AutoRobots/SamLab3/tb4_ws/install/tb4_cpp_prac3/bin'
[3.717s] Level 1:colcon.colcon_core.environment:checking '/home/robotai/AutoRobots/SamLab3/tb4_ws/install/tb4_cpp_prac3/lib/pkgconfig/tb4_cpp_prac3.pc'
[3.717s] Level 1:colcon.colcon_core.environment:checking '/home/robotai/AutoRobots/SamLab3/tb4_ws/install/tb4_cpp_prac3/lib/python3.10/site-packages'
[3.717s] Level 1:colcon.colcon_core.environment:checking '/home/robotai/AutoRobots/SamLab3/tb4_ws/install/tb4_cpp_prac3/bin'
[3.717s] INFO:colcon.colcon_core.shell:Creating package script '/home/robotai/AutoRobots/SamLab3/tb4_ws/install/tb4_cpp_prac3/share/tb4_cpp_prac3/package.ps1'
[3.717s] INFO:colcon.colcon_core.shell:Creating package descriptor '/home/robotai/AutoRobots/SamLab3/tb4_ws/install/tb4_cpp_prac3/share/tb4_cpp_prac3/package.dsv'
[3.717s] INFO:colcon.colcon_core.shell:Creating package script '/home/robotai/AutoRobots/SamLab3/tb4_ws/install/tb4_cpp_prac3/share/tb4_cpp_prac3/package.sh'
[3.718s] INFO:colcon.colcon_core.shell:Creating package script '/home/robotai/AutoRobots/SamLab3/tb4_ws/install/tb4_cpp_prac3/share/tb4_cpp_prac3/package.bash'
[3.718s] INFO:colcon.colcon_core.shell:Creating package script '/home/robotai/AutoRobots/SamLab3/tb4_ws/install/tb4_cpp_prac3/share/tb4_cpp_prac3/package.zsh'
[3.718s] Level 1:colcon.colcon_core.environment:create_file_with_runtime_dependencies(/home/robotai/AutoRobots/SamLab3/tb4_ws/install/tb4_cpp_prac3/share/colcon-core/packages/tb4_cpp_prac3)
[3.731s] Level 1:colcon.colcon_core.environment:create_environment_scripts_only(tb4_cpp_prac3)
[3.731s] Level 1:colcon.colcon_core.environment:checking '/home/robotai/AutoRobots/SamLab3/tb4_ws/install/tb4_cpp_prac3' for CMake module files
[3.731s] Level 1:colcon.colcon_core.environment:checking '/home/robotai/AutoRobots/SamLab3/tb4_ws/install/tb4_cpp_prac3' for CMake config files
[3.731s] Level 1:colcon.colcon_core.shell:create_environment_hook('tb4_cpp_prac3', 'cmake_prefix_path')
[3.731s] INFO:colcon.colcon_core.shell:Creating environment hook '/home/robotai/AutoRobots/SamLab3/tb4_ws/install/tb4_cpp_prac3/share/tb4_cpp_prac3/hook/cmake_prefix_path.ps1'
[3.731s] INFO:colcon.colcon_core.shell:Creating environment descriptor '/home/robotai/AutoRobots/SamLab3/tb4_ws/install/tb4_cpp_prac3/share/tb4_cpp_prac3/hook/cmake_prefix_path.dsv'
[3.731s] INFO:colcon.colcon_core.shell:Creating environment hook '/home/robotai/AutoRobots/SamLab3/tb4_ws/install/tb4_cpp_prac3/share/tb4_cpp_prac3/hook/cmake_prefix_path.sh'
[3.731s] Level 1:colcon.colcon_core.environment:checking '/home/robotai/AutoRobots/SamLab3/tb4_ws/install/tb4_cpp_prac3/lib'
[3.731s] Level 1:colcon.colcon_core.environment:checking '/home/robotai/AutoRobots/SamLab3/tb4_ws/install/tb4_cpp_prac3/bin'
[3.731s] Level 1:colcon.colcon_core.environment:checking '/home/robotai/AutoRobots/SamLab3/tb4_ws/install/tb4_cpp_prac3/lib/pkgconfig/tb4_cpp_prac3.pc'
[3.732s] Level 1:colcon.colcon_core.environment:checking '/home/robotai/AutoRobots/SamLab3/tb4_ws/install/tb4_cpp_prac3/lib/python3.10/site-packages'
[3.732s] Level 1:colcon.colcon_core.environment:checking '/home/robotai/AutoRobots/SamLab3/tb4_ws/install/tb4_cpp_prac3/bin'
[3.732s] INFO:colcon.colcon_core.shell:Creating package script '/home/robotai/AutoRobots/SamLab3/tb4_ws/install/tb4_cpp_prac3/share/tb4_cpp_prac3/package.ps1'
[3.732s] INFO:colcon.colcon_core.shell:Creating package descriptor '/home/robotai/AutoRobots/SamLab3/tb4_ws/install/tb4_cpp_prac3/share/tb4_cpp_prac3/package.dsv'
[3.732s] INFO:colcon.colcon_core.shell:Creating package script '/home/robotai/AutoRobots/SamLab3/tb4_ws/install/tb4_cpp_prac3/share/tb4_cpp_prac3/package.sh'
[3.732s] INFO:colcon.colcon_core.shell:Creating package script '/home/robotai/AutoRobots/SamLab3/tb4_ws/install/tb4_cpp_prac3/share/tb4_cpp_prac3/package.bash'
[3.732s] INFO:colcon.colcon_core.shell:Creating package script '/home/robotai/AutoRobots/SamLab3/tb4_ws/install/tb4_cpp_prac3/share/tb4_cpp_prac3/package.zsh'
[3.732s] Level 1:colcon.colcon_core.environment:create_file_with_runtime_dependencies(/home/robotai/AutoRobots/SamLab3/tb4_ws/install/tb4_cpp_prac3/share/colcon-core/packages/tb4_cpp_prac3)
[3.732s] DEBUG:colcon.colcon_parallel_executor.executor.parallel:closing loop
[3.733s] DEBUG:colcon.colcon_parallel_executor.executor.parallel:loop closed
[3.733s] DEBUG:colcon.colcon_parallel_executor.executor.parallel:run_until_complete finished with '0'
[3.733s] DEBUG:colcon.colcon_core.event_reactor:joining thread
[3.735s] INFO:colcon.colcon_core.plugin_system:Skipping extension 'colcon_notification.desktop_notification.terminal_notifier': Not used on non-Darwin systems
[3.735s] INFO:colcon.colcon_core.plugin_system:Skipping extension 'colcon_notification.desktop_notification.win32': Not used on non-Windows systems
[3.735s] INFO:colcon.colcon_notification.desktop_notification:Sending desktop notification using 'notify2'
[3.740s] DEBUG:colcon.colcon_core.event_reactor:joined thread
[3.740s] INFO:colcon.colcon_core.shell:Creating prefix script '/home/robotai/AutoRobots/SamLab3/tb4_ws/install/local_setup.ps1'
[3.740s] INFO:colcon.colcon_core.shell:Creating prefix util module '/home/robotai/AutoRobots/SamLab3/tb4_ws/install/_local_setup_util_ps1.py'
[3.741s] INFO:colcon.colcon_core.shell:Creating prefix chain script '/home/robotai/AutoRobots/SamLab3/tb4_ws/install/setup.ps1'
[3.741s] INFO:colcon.colcon_core.shell:Creating prefix script '/home/robotai/AutoRobots/SamLab3/tb4_ws/install/local_setup.sh'
[3.741s] INFO:colcon.colcon_core.shell:Creating prefix util module '/home/robotai/AutoRobots/SamLab3/tb4_ws/install/_local_setup_util_sh.py'
[3.742s] INFO:colcon.colcon_core.shell:Creating prefix chain script '/home/robotai/AutoRobots/SamLab3/tb4_ws/install/setup.sh'
[3.742s] INFO:colcon.colcon_core.shell:Creating prefix script '/home/robotai/AutoRobots/SamLab3/tb4_ws/install/local_setup.bash'
[3.742s] INFO:colcon.colcon_core.shell:Creating prefix chain script '/home/robotai/AutoRobots/SamLab3/tb4_ws/install/setup.bash'
[3.742s] INFO:colcon.colcon_core.shell:Creating prefix script '/home/robotai/AutoRobots/SamLab3/tb4_ws/install/local_setup.zsh'
[3.743s] INFO:colcon.colcon_core.shell:Creating prefix chain script '/home/robotai/AutoRobots/SamLab3/tb4_ws/install/setup.zsh'
