[0.005s] Invoking command in '/home/robotai/AutoRobots/SamLab2/tb4_ws/build/tb4_cpp_prac2': CMAKE_PREFIX_PATH=/opt/ros/humble /usr/bin/cmake --build /home/robotai/AutoRobots/SamLab2/tb4_ws/build/tb4_cpp_prac2 -- -j24 -l24
[0.027s] -- Found ament_cmake: 1.3.9 (/opt/ros/humble/share/ament_cmake/cmake)
[0.091s] -- Found rclcpp: 16.0.9 (/opt/ros/humble/share/rclcpp/cmake)
[0.106s] -- Found rosidl_generator_c: 3.1.5 (/opt/ros/humble/share/rosidl_generator_c/cmake)
[0.108s] -- Found rosidl_adapter: 3.1.5 (/opt/ros/humble/share/rosidl_adapter/cmake)
[0.111s] -- Found rosidl_generator_cpp: 3.1.5 (/opt/ros/humble/share/rosidl_generator_cpp/cmake)
[0.117s] -- Using all available rosidl_typesupport_c: rosidl_typesupport_fastrtps_c;rosidl_typesupport_introspection_c
[0.125s] -- Using all available rosidl_typesupport_cpp: rosidl_typesupport_fastrtps_cpp;rosidl_typesupport_introspection_cpp
[0.154s] -- Found rmw_implementation_cmake: 6.1.2 (/opt/ros/humble/share/rmw_implementation_cmake/cmake)
[0.156s] -- Found rmw_fastrtps_cpp: 6.2.6 (/opt/ros/humble/share/rmw_fastrtps_cpp/cmake)
[0.207s] -- Using RMW implementation 'rmw_fastrtps_cpp' as default
[0.273s] -- Found irobot_create_msgs: 2.1.0 (/opt/ros/humble/share/irobot_create_msgs/cmake)
[0.367s] -- Found rclcpp_action: 16.0.9 (/opt/ros/humble/share/rclcpp_action/cmake)
[0.379s] -- Found nav_msgs: 4.2.4 (/opt/ros/humble/share/nav_msgs/cmake)
[0.414s] -- Found ament_lint_auto: 0.12.11 (/opt/ros/humble/share/ament_lint_auto/cmake)
[0.446s] -- Added test 'cppcheck' to perform static code analysis on C / C++ code
[0.446s] -- Configured cppcheck include dirs: $<BUILD_INTERFACE:/home/robotai/AutoRobots/SamLab2/tb4_ws/src/tb4_cpp_prac2/include>
[0.446s] -- Configured cppcheck exclude dirs and/or files: 
[0.446s] -- Added test 'lint_cmake' to check CMake code style
[0.447s] -- Added test 'uncrustify' to check C / C++ code style
[0.447s] -- Configured uncrustify additional arguments: 
[0.447s] -- Added test 'xmllint' to check XML markup files
[0.447s] -- Configuring done
[0.452s] -- Generating done
[0.454s] -- Build files have been written to: /home/robotai/AutoRobots/SamLab2/tb4_ws/build/tb4_cpp_prac2
[0.467s] [35m[1mConsolidate compiler generated dependencies of target tb4_arc_action[0m
[0.480s] [ 50%] [32mBuilding CXX object CMakeFiles/tb4_arc_action.dir/src/tb4_arc_action.cpp.o[0m
[4.142s] [100%] [32m[1mLinking CXX executable tb4_arc_action[0m
[4.345s] [100%] Built target tb4_arc_action
[4.352s] Invoked command in '/home/robotai/AutoRobots/SamLab2/tb4_ws/build/tb4_cpp_prac2' returned '0': CMAKE_PREFIX_PATH=/opt/ros/humble /usr/bin/cmake --build /home/robotai/AutoRobots/SamLab2/tb4_ws/build/tb4_cpp_prac2 -- -j24 -l24
[4.369s] Invoking command in '/home/robotai/AutoRobots/SamLab2/tb4_ws/build/tb4_cpp_prac2': CMAKE_PREFIX_PATH=/opt/ros/humble /usr/bin/cmake --install /home/robotai/AutoRobots/SamLab2/tb4_ws/build/tb4_cpp_prac2
[4.373s] -- Install configuration: ""
[4.373s] -- Installing: /home/robotai/AutoRobots/SamLab2/tb4_ws/install/tb4_cpp_prac2/lib/tb4_cpp_prac2/tb4_arc_action
[4.376s] -- Set runtime path of "/home/robotai/AutoRobots/SamLab2/tb4_ws/install/tb4_cpp_prac2/lib/tb4_cpp_prac2/tb4_arc_action" to ""
[4.376s] -- Up-to-date: /home/robotai/AutoRobots/SamLab2/tb4_ws/install/tb4_cpp_prac2/share/ament_index/resource_index/package_run_dependencies/tb4_cpp_prac2
[4.376s] -- Installing: /home/robotai/AutoRobots/SamLab2/tb4_ws/install/tb4_cpp_prac2/share/ament_index/resource_index/parent_prefix_path/tb4_cpp_prac2
[4.376s] -- Installing: /home/robotai/AutoRobots/SamLab2/tb4_ws/install/tb4_cpp_prac2/share/tb4_cpp_prac2/environment/ament_prefix_path.sh
[4.376s] -- Installing: /home/robotai/AutoRobots/SamLab2/tb4_ws/install/tb4_cpp_prac2/share/tb4_cpp_prac2/environment/ament_prefix_path.dsv
[4.376s] -- Installing: /home/robotai/AutoRobots/SamLab2/tb4_ws/install/tb4_cpp_prac2/share/tb4_cpp_prac2/environment/path.sh
[4.376s] -- Installing: /home/robotai/AutoRobots/SamLab2/tb4_ws/install/tb4_cpp_prac2/share/tb4_cpp_prac2/environment/path.dsv
[4.376s] -- Up-to-date: /home/robotai/AutoRobots/SamLab2/tb4_ws/install/tb4_cpp_prac2/share/tb4_cpp_prac2/local_setup.bash
[4.376s] -- Up-to-date: /home/robotai/AutoRobots/SamLab2/tb4_ws/install/tb4_cpp_prac2/share/tb4_cpp_prac2/local_setup.sh
[4.376s] -- Up-to-date: /home/robotai/AutoRobots/SamLab2/tb4_ws/install/tb4_cpp_prac2/share/tb4_cpp_prac2/local_setup.zsh
[4.376s] -- Installing: /home/robotai/AutoRobots/SamLab2/tb4_ws/install/tb4_cpp_prac2/share/tb4_cpp_prac2/local_setup.dsv
[4.376s] -- Installing: /home/robotai/AutoRobots/SamLab2/tb4_ws/install/tb4_cpp_prac2/share/tb4_cpp_prac2/package.dsv
[4.376s] -- Up-to-date: /home/robotai/AutoRobots/SamLab2/tb4_ws/install/tb4_cpp_prac2/share/ament_index/resource_index/packages/tb4_cpp_prac2
[4.376s] -- Up-to-date: /home/robotai/AutoRobots/SamLab2/tb4_ws/install/tb4_cpp_prac2/share/tb4_cpp_prac2/cmake/tb4_cpp_prac2Config.cmake
[4.376s] -- Up-to-date: /home/robotai/AutoRobots/SamLab2/tb4_ws/install/tb4_cpp_prac2/share/tb4_cpp_prac2/cmake/tb4_cpp_prac2Config-version.cmake
[4.376s] -- Up-to-date: /home/robotai/AutoRobots/SamLab2/tb4_ws/install/tb4_cpp_prac2/share/tb4_cpp_prac2/package.xml
[4.377s] Invoked command in '/home/robotai/AutoRobots/SamLab2/tb4_ws/build/tb4_cpp_prac2' returned '0': CMAKE_PREFIX_PATH=/opt/ros/humble /usr/bin/cmake --install /home/robotai/AutoRobots/SamLab2/tb4_ws/build/tb4_cpp_prac2
