[01m[K/home/robotai/AutoRobots/SamLab6/tb4_cpp_prac6/tb4_cpp_prac6/src/amcl_node.cpp:[m[K In member function ‘[01m[Kvoid iar_amcl::AmclNode::pf_resample(pf_t*)[m[K’:
[01m[K/home/robotai/AutoRobots/SamLab6/tb4_cpp_prac6/tb4_cpp_prac6/src/amcl_node.cpp:1638:11:[m[K [01;31m[Kerror: [m[K‘[01m[Kmax[m[K’ was not declared in this scope
 1638 |       M = [01;31m[Kmax[m[K(min_particles_, (int)(((k-1)/(2.0*pf->pop_err))*d*d*d));
      |           [01;31m[K^~~[m[K
[01m[K/home/robotai/AutoRobots/SamLab6/tb4_cpp_prac6/tb4_cpp_prac6/src/amcl_node.cpp:1638:11:[m[K [01;36m[Knote: [m[Ksuggested alternatives:
In file included from [01m[K/usr/include/c++/12/algorithm:61[m[K,
                 from [01m[K/opt/ros/humble/include/geometry_msgs/geometry_msgs/msg/detail/pose_stamped__struct.hpp:8[m[K,
                 from [01m[K/opt/ros/humble/include/geometry_msgs/geometry_msgs/msg/pose_stamped.hpp:7[m[K,
                 from [01m[K/home/robotai/AutoRobots/SamLab6/tb4_cpp_prac6/tb4_cpp_prac6/include/iar_amcl/amcl_node.hpp:11[m[K,
                 from [01m[K/home/robotai/AutoRobots/SamLab6/tb4_cpp_prac6/tb4_cpp_prac6/src/amcl_node.cpp:1[m[K:
[01m[K/usr/include/c++/12/bits/stl_algo.h:5756:5:[m[K [01;36m[Knote: [m[K  ‘[01m[Kstd::max[m[K’
 5756 |     [01;36m[Kmax[m[K(initializer_list<_Tp> __l, _Compare __comp)
      |     [01;36m[K^~~[m[K
In file included from [01m[K/usr/include/kdl/frames.hpp:129[m[K,
                 from [01m[K/opt/ros/humble/include/tf2_geometry_msgs/tf2_geometry_msgs/tf2_geometry_msgs.hpp:56[m[K,
                 from [01m[K/opt/ros/humble/include/nav2_util/geometry_utils.hpp:25[m[K,
                 from [01m[K/home/robotai/AutoRobots/SamLab6/tb4_cpp_prac6/tb4_cpp_prac6/src/amcl_node.cpp:12[m[K:
[01m[K/usr/include/kdl/utilities/utility.h:204:15:[m[K [01;36m[Knote: [m[K  ‘[01m[KKDL::max[m[K’
  204 | inline double [01;36m[Kmax[m[K(double a,double b) {
      |               [01;36m[K^~~[m[K
gmake[2]: *** [CMakeFiles/iar_amcl.dir/build.make:90: CMakeFiles/iar_amcl.dir/src/amcl_node.cpp.o] Error 1
gmake[1]: *** [CMakeFiles/Makefile2:137: CMakeFiles/iar_amcl.dir/all] Error 2
gmake: *** [Makefile:146: all] Error 2
