-- The C compiler identification is GNU 12.3.0
-- The CXX compiler identification is GNU 12.3.0
-- Detecting C compiler ABI info
-- Detecting C compiler ABI info - done
-- Check for working C compiler: /usr/bin/cc - skipped
-- Detecting C compile features
-- Detecting C compile features - done
-- Detecting CXX compiler ABI info
-- Detecting CXX compiler ABI info - done
-- Check for working CXX compiler: /usr/bin/c++ - skipped
-- Detecting CXX compile features
-- Detecting CXX compile features - done
-- Found ament_cmake: 1.3.14 (/opt/ros/humble/share/ament_cmake/cmake)
-- Found Python3: /usr/bin/python3 (found version "3.10.12") found components: Interpreter 
-- Found nav2_common: 1.1.20 (/opt/ros/humble/share/nav2_common/cmake)
-- Found rclcpp: 16.0.19 (/opt/ros/humble/share/rclcpp/cmake)
-- Found rosidl_generator_c: 3.1.9 (/opt/ros/humble/share/rosidl_generator_c/cmake)
-- Found rosidl_adapter: 3.1.9 (/opt/ros/humble/share/rosidl_adapter/cmake)
-- Found rosidl_generator_cpp: 3.1.9 (/opt/ros/humble/share/rosidl_generator_cpp/cmake)
-- Using all available rosidl_typesupport_c: rosidl_typesupport_fastrtps_c;rosidl_typesupport_introspection_c
-- Using all available rosidl_typesupport_cpp: rosidl_typesupport_fastrtps_cpp;rosidl_typesupport_introspection_cpp
-- Found rmw_implementation_cmake: 6.1.3 (/opt/ros/humble/share/rmw_implementation_cmake/cmake)
-- Found rmw_fastrtps_cpp: 6.2.10 (/opt/ros/humble/share/rmw_fastrtps_cpp/cmake)
-- Found OpenSSL: /usr/lib/x86_64-linux-gnu/libcrypto.so (found version "3.0.2")  
-- Found FastRTPS: /opt/ros/humble/include  
-- Using RMW implementation 'rmw_fastrtps_cpp' as default
-- Looking for pthread.h
-- Looking for pthread.h - found
-- Performing Test CMAKE_HAVE_LIBC_PTHREAD
-- Performing Test CMAKE_HAVE_LIBC_PTHREAD - Success
-- Found Threads: TRUE  
-- Found rclcpp_lifecycle: 16.0.19 (/opt/ros/humble/share/rclcpp_lifecycle/cmake)
-- Found message_filters: 4.3.19 (/opt/ros/humble/share/message_filters/cmake)
-- Found tf2_geometry_msgs: 0.25.22 (/opt/ros/humble/share/tf2_geometry_msgs/cmake)
-- Found eigen3_cmake_module: 0.1.1 (/opt/ros/humble/share/eigen3_cmake_module/cmake)
-- Found Eigen3: TRUE (found version "3.4.0") 
-- Ensuring Eigen3 include directory is part of orocos-kdl CMake target
-- Found nav_msgs: 4.9.2 (/opt/ros/humble/share/nav_msgs/cmake)
-- Found sensor_msgs: 4.9.2 (/opt/ros/humble/share/sensor_msgs/cmake)
-- Found std_srvs: 4.9.2 (/opt/ros/humble/share/std_srvs/cmake)
-- Found nav2_util: 1.1.20 (/opt/ros/humble/share/nav2_util/cmake)
-- Found nav2_amcl: 1.1.20 (/opt/ros/humble/share/nav2_amcl/cmake)
-- Looking for drand48
-- Looking for drand48 - found
-- Found ament_lint_auto: 0.12.15 (/opt/ros/humble/share/ament_lint_auto/cmake)
-- Added test 'cppcheck' to perform static code analysis on C / C++ code
-- Configured cppcheck include dirs: /home/robotai/AutoRobots/SamLab6/tb4_cpp_prac6/tb4_cpp_prac6/include;$<BUILD_INTERFACE:/home/robotai/AutoRobots/SamLab6/tb4_cpp_prac6/tb4_cpp_prac6/include>
-- Configured cppcheck exclude dirs and/or files: 
-- Added test 'flake8' to check Python code syntax and style conventions
-- Added test 'lint_cmake' to check CMake code style
-- Added test 'pep257' to check Python code against some of the docstring style conventions in PEP 257
-- Added test 'uncrustify' to check C / C++ code style
-- Configured uncrustify additional arguments: 
-- Added test 'xmllint' to check XML markup files
-- Configuring done
-- Generating done
-- Build files have been written to: /home/robotai/AutoRobots/SamLab6/build/tb4_cpp_prac6
[ 25%] [32mBuilding CXX object CMakeFiles/iar_amcl.dir/src/amcl_node.cpp.o[0m
[ 50%] [32mBuilding CXX object CMakeFiles/iar_amcl.dir/src/iar_pf_kdtree.cpp.o[0m
[ 75%] [32mBuilding CXX object CMakeFiles/iar_amcl.dir/src/main.cpp.o[0m
[01m[K/home/robotai/AutoRobots/SamLab6/tb4_cpp_prac6/tb4_cpp_prac6/src/amcl_node.cpp:[m[K In member function ‘[01m[Kvoid iar_amcl::AmclNode::pf_resample(pf_t*)[m[K’:
[01m[K/home/robotai/AutoRobots/SamLab6/tb4_cpp_prac6/tb4_cpp_prac6/src/amcl_node.cpp:1638:11:[m[K [01;31m[Kerror: [m[K‘[01m[Kmax[m[K’ was not declared in this scope
 1638 |       M = [01;31m[Kmax[m[K(min_particles_, (int)(((k-1)/(2.0*pf->pop_err))*d*d*d));
      |           [01;31m[K^~~[m[K
[01m[K/home/robotai/AutoRobots/SamLab6/tb4_cpp_prac6/tb4_cpp_prac6/src/amcl_node.cpp:1638:11:[m[K [01;36m[Knote: [m[Ksuggested alternatives:
In file included from [01m[K/usr/include/c++/12/algorithm:61[m[K,
                 from [01m[K/opt/ros/humble/include/geometry_msgs/geometry_msgs/msg/detail/pose_stamped__struct.hpp:8[m[K,
                 from [01m[K/opt/ros/humble/include/geometry_msgs/geometry_msgs/msg/pose_stamped.hpp:7[m[K,
                 from [01m[K/home/robotai/AutoRobots/SamLab6/tb4_cpp_prac6/tb4_cpp_prac6/include/iar_amcl/amcl_node.hpp:11[m[K,
                 from [01m[K/home/robotai/AutoRobots/SamLab6/tb4_cpp_prac6/tb4_cpp_prac6/src/amcl_node.cpp:1[m[K:
[01m[K/usr/include/c++/12/bits/stl_algo.h:5756:5:[m[K [01;36m[Knote: [m[K  ‘[01m[Kstd::max[m[K’
 5756 |     [01;36m[Kmax[m[K(initializer_list<_Tp> __l, _Compare __comp)
      |     [01;36m[K^~~[m[K
In file included from [01m[K/usr/include/kdl/frames.hpp:129[m[K,
                 from [01m[K/opt/ros/humble/include/tf2_geometry_msgs/tf2_geometry_msgs/tf2_geometry_msgs.hpp:56[m[K,
                 from [01m[K/opt/ros/humble/include/nav2_util/geometry_utils.hpp:25[m[K,
                 from [01m[K/home/robotai/AutoRobots/SamLab6/tb4_cpp_prac6/tb4_cpp_prac6/src/amcl_node.cpp:12[m[K:
[01m[K/usr/include/kdl/utilities/utility.h:204:15:[m[K [01;36m[Knote: [m[K  ‘[01m[KKDL::max[m[K’
  204 | inline double [01;36m[Kmax[m[K(double a,double b) {
      |               [01;36m[K^~~[m[K
gmake[2]: *** [CMakeFiles/iar_amcl.dir/build.make:90: CMakeFiles/iar_amcl.dir/src/amcl_node.cpp.o] Error 1
gmake[1]: *** [CMakeFiles/Makefile2:137: CMakeFiles/iar_amcl.dir/all] Error 2
gmake: *** [Makefile:146: all] Error 2
