[0.034s] Invoking command in '/home/robotai/AutoRobots/SamLab6/build/tb4_cpp_prac6': CMAKE_PREFIX_PATH=/opt/ros/humble /usr/bin/cmake /home/robotai/AutoRobots/SamLab6/tb4_cpp_prac6/tb4_cpp_prac6 -DCMAKE_INSTALL_PREFIX=/home/robotai/AutoRobots/SamLab6/install/tb4_cpp_prac6
[0.711s] -- The C compiler identification is GNU 12.3.0
[1.044s] -- The CXX compiler identification is GNU 12.3.0
[1.062s] -- Detecting C compiler ABI info
[1.151s] -- Detecting C compiler ABI info - done
[1.157s] -- Check for working C compiler: /usr/bin/cc - skipped
[1.158s] -- Detecting C compile features
[1.160s] -- Detecting C compile features - done
[1.165s] -- Detecting CXX compiler ABI info
[1.248s] -- Detecting CXX compiler ABI info - done
[1.255s] -- Check for working CXX compiler: /usr/bin/c++ - skipped
[1.255s] -- Detecting CXX compile features
[1.255s] -- Detecting CXX compile features - done
[1.259s] -- Found ament_cmake: 1.3.14 (/opt/ros/humble/share/ament_cmake/cmake)
[1.471s] -- Found Python3: /usr/bin/python3 (found version "3.10.12") found components: Interpreter 
[1.783s] -- Found nav2_common: 1.1.20 (/opt/ros/humble/share/nav2_common/cmake)
[1.788s] -- Found rclcpp: 16.0.19 (/opt/ros/humble/share/rclcpp/cmake)
[1.955s] -- Found rosidl_generator_c: 3.1.9 (/opt/ros/humble/share/rosidl_generator_c/cmake)
[1.978s] -- Found rosidl_adapter: 3.1.9 (/opt/ros/humble/share/rosidl_adapter/cmake)
[2.043s] -- Found rosidl_generator_cpp: 3.1.9 (/opt/ros/humble/share/rosidl_generator_cpp/cmake)
[2.081s] -- Using all available rosidl_typesupport_c: rosidl_typesupport_fastrtps_c;rosidl_typesupport_introspection_c
[2.126s] -- Using all available rosidl_typesupport_cpp: rosidl_typesupport_fastrtps_cpp;rosidl_typesupport_introspection_cpp
[2.242s] -- Found rmw_implementation_cmake: 6.1.3 (/opt/ros/humble/share/rmw_implementation_cmake/cmake)
[2.252s] -- Found rmw_fastrtps_cpp: 6.2.10 (/opt/ros/humble/share/rmw_fastrtps_cpp/cmake)
[2.407s] -- Found OpenSSL: /usr/lib/x86_64-linux-gnu/libcrypto.so (found version "3.0.2")  
[2.439s] -- Found FastRTPS: /opt/ros/humble/include  
[2.476s] -- Using RMW implementation 'rmw_fastrtps_cpp' as default
[2.502s] -- Looking for pthread.h
[2.577s] -- Looking for pthread.h - found
[2.577s] -- Performing Test CMAKE_HAVE_LIBC_PTHREAD
[2.650s] -- Performing Test CMAKE_HAVE_LIBC_PTHREAD - Success
[2.651s] -- Found Threads: TRUE  
[2.780s] -- Found rclcpp_lifecycle: 16.0.19 (/opt/ros/humble/share/rclcpp_lifecycle/cmake)
[2.852s] -- Found message_filters: 4.3.19 (/opt/ros/humble/share/message_filters/cmake)
[2.860s] -- Found tf2_geometry_msgs: 0.25.22 (/opt/ros/humble/share/tf2_geometry_msgs/cmake)
[2.948s] -- Found eigen3_cmake_module: 0.1.1 (/opt/ros/humble/share/eigen3_cmake_module/cmake)
[2.949s] -- Found Eigen3: TRUE (found version "3.4.0") 
[2.950s] -- Ensuring Eigen3 include directory is part of orocos-kdl CMake target
[3.178s] -- Found nav_msgs: 4.9.2 (/opt/ros/humble/share/nav_msgs/cmake)
[3.212s] -- Found sensor_msgs: 4.9.2 (/opt/ros/humble/share/sensor_msgs/cmake)
[3.243s] -- Found std_srvs: 4.9.2 (/opt/ros/humble/share/std_srvs/cmake)
[3.274s] -- Found nav2_util: 1.1.20 (/opt/ros/humble/share/nav2_util/cmake)
[3.431s] -- Found nav2_amcl: 1.1.20 (/opt/ros/humble/share/nav2_amcl/cmake)
[3.476s] -- Looking for drand48
[3.544s] -- Looking for drand48 - found
[3.693s] -- Found ament_lint_auto: 0.12.15 (/opt/ros/humble/share/ament_lint_auto/cmake)
[3.829s] -- Added test 'cppcheck' to perform static code analysis on C / C++ code
[3.829s] -- Configured cppcheck include dirs: /home/robotai/AutoRobots/SamLab6/tb4_cpp_prac6/tb4_cpp_prac6/include;$<BUILD_INTERFACE:/home/robotai/AutoRobots/SamLab6/tb4_cpp_prac6/tb4_cpp_prac6/include>
[3.829s] -- Configured cppcheck exclude dirs and/or files: 
[3.831s] -- Added test 'flake8' to check Python code syntax and style conventions
[3.832s] -- Added test 'lint_cmake' to check CMake code style
[3.833s] -- Added test 'pep257' to check Python code against some of the docstring style conventions in PEP 257
[3.840s] -- Added test 'uncrustify' to check C / C++ code style
[3.841s] -- Configured uncrustify additional arguments: 
[3.841s] -- Added test 'xmllint' to check XML markup files
[3.843s] -- Configuring done
[4.775s] -- Generating done
[4.779s] -- Build files have been written to: /home/robotai/AutoRobots/SamLab6/build/tb4_cpp_prac6
[4.792s] Invoked command in '/home/robotai/AutoRobots/SamLab6/build/tb4_cpp_prac6' returned '0': CMAKE_PREFIX_PATH=/opt/ros/humble /usr/bin/cmake /home/robotai/AutoRobots/SamLab6/tb4_cpp_prac6/tb4_cpp_prac6 -DCMAKE_INSTALL_PREFIX=/home/robotai/AutoRobots/SamLab6/install/tb4_cpp_prac6
[4.794s] Invoking command in '/home/robotai/AutoRobots/SamLab6/build/tb4_cpp_prac6': CMAKE_PREFIX_PATH=/opt/ros/humble /usr/bin/cmake --build /home/robotai/AutoRobots/SamLab6/build/tb4_cpp_prac6 -- -j6 -l6
[4.843s] [ 25%] [32mBuilding CXX object CMakeFiles/iar_amcl.dir/src/amcl_node.cpp.o[0m
[4.843s] [ 50%] [32mBuilding CXX object CMakeFiles/iar_amcl.dir/src/iar_pf_kdtree.cpp.o[0m
[4.846s] [ 75%] [32mBuilding CXX object CMakeFiles/iar_amcl.dir/src/main.cpp.o[0m
[9.363s] [01m[K/home/robotai/AutoRobots/SamLab6/tb4_cpp_prac6/tb4_cpp_prac6/src/amcl_node.cpp:[m[K In member function ‘[01m[Kvoid iar_amcl::AmclNode::pf_resample(pf_t*)[m[K’:
[9.363s] [01m[K/home/robotai/AutoRobots/SamLab6/tb4_cpp_prac6/tb4_cpp_prac6/src/amcl_node.cpp:1638:11:[m[K [01;31m[Kerror: [m[K‘[01m[Kmax[m[K’ was not declared in this scope
[9.363s]  1638 |       M = [01;31m[Kmax[m[K(min_particles_, (int)(((k-1)/(2.0*pf->pop_err))*d*d*d));
[9.363s]       |           [01;31m[K^~~[m[K
[9.364s] [01m[K/home/robotai/AutoRobots/SamLab6/tb4_cpp_prac6/tb4_cpp_prac6/src/amcl_node.cpp:1638:11:[m[K [01;36m[Knote: [m[Ksuggested alternatives:
[9.365s] In file included from [01m[K/usr/include/c++/12/algorithm:61[m[K,
[9.365s]                  from [01m[K/opt/ros/humble/include/geometry_msgs/geometry_msgs/msg/detail/pose_stamped__struct.hpp:8[m[K,
[9.365s]                  from [01m[K/opt/ros/humble/include/geometry_msgs/geometry_msgs/msg/pose_stamped.hpp:7[m[K,
[9.365s]                  from [01m[K/home/robotai/AutoRobots/SamLab6/tb4_cpp_prac6/tb4_cpp_prac6/include/iar_amcl/amcl_node.hpp:11[m[K,
[9.365s]                  from [01m[K/home/robotai/AutoRobots/SamLab6/tb4_cpp_prac6/tb4_cpp_prac6/src/amcl_node.cpp:1[m[K:
[9.365s] [01m[K/usr/include/c++/12/bits/stl_algo.h:5756:5:[m[K [01;36m[Knote: [m[K  ‘[01m[Kstd::max[m[K’
[9.365s]  5756 |     [01;36m[Kmax[m[K(initializer_list<_Tp> __l, _Compare __comp)
[9.365s]       |     [01;36m[K^~~[m[K
[9.365s] In file included from [01m[K/usr/include/kdl/frames.hpp:129[m[K,
[9.365s]                  from [01m[K/opt/ros/humble/include/tf2_geometry_msgs/tf2_geometry_msgs/tf2_geometry_msgs.hpp:56[m[K,
[9.365s]                  from [01m[K/opt/ros/humble/include/nav2_util/geometry_utils.hpp:25[m[K,
[9.369s]                  from [01m[K/home/robotai/AutoRobots/SamLab6/tb4_cpp_prac6/tb4_cpp_prac6/src/amcl_node.cpp:12[m[K:
[9.369s] [01m[K/usr/include/kdl/utilities/utility.h:204:15:[m[K [01;36m[Knote: [m[K  ‘[01m[KKDL::max[m[K’
[9.369s]   204 | inline double [01;36m[Kmax[m[K(double a,double b) {
[9.369s]       |               [01;36m[K^~~[m[K
[17.427s] gmake[2]: *** [CMakeFiles/iar_amcl.dir/build.make:90: CMakeFiles/iar_amcl.dir/src/amcl_node.cpp.o] Error 1
[17.427s] gmake[1]: *** [CMakeFiles/Makefile2:137: CMakeFiles/iar_amcl.dir/all] Error 2
[17.427s] gmake: *** [Makefile:146: all] Error 2
[17.431s] Invoked command in '/home/robotai/AutoRobots/SamLab6/build/tb4_cpp_prac6' returned '2': CMAKE_PREFIX_PATH=/opt/ros/humble /usr/bin/cmake --build /home/robotai/AutoRobots/SamLab6/build/tb4_cpp_prac6 -- -j6 -l6
