[0.372s] DEBUG:colcon:Command line arguments: ['/usr/bin/colcon', 'build']
[0.372s] DEBUG:colcon:Parsed command line arguments: Namespace(log_base=None, log_level=None, verb_name='build', build_base='build', install_base='install', merge_install=False, symlink_install=False, test_result_base=None, continue_on_error=False, executor='parallel', parallel_workers=6, event_handlers=None, ignore_user_meta=False, metas=['./colcon.meta'], base_paths=['.'], packages_ignore=None, packages_ignore_regex=None, paths=None, packages_up_to=None, packages_up_to_regex=None, packages_above=None, packages_above_and_dependencies=None, packages_above_depth=None, packages_select_by_dep=None, packages_skip_by_dep=None, packages_skip_up_to=None, packages_select_build_failed=False, packages_skip_build_finished=False, packages_select_test_failures=False, packages_skip_test_passed=False, packages_select=None, packages_skip=None, packages_select_regex=None, packages_skip_regex=None, packages_start=None, packages_end=None, allow_overriding=[], cmake_args=None, cmake_target=None, cmake_target_skip_unavailable=False, cmake_clean_cache=False, cmake_clean_first=False, cmake_force_configure=False, ament_cmake_args=None, catkin_cmake_args=None, catkin_skip_building_tests=False, mixin_files=None, mixin=None, verb_parser=<colcon_mixin.mixin.mixin_argument.MixinArgumentDecorator object at 0x75b47295a0e0>, verb_extension=<colcon_core.verb.build.BuildVerb object at 0x75b472959a50>, main=<bound method BuildVerb.main of <colcon_core.verb.build.BuildVerb object at 0x75b472959a50>>, mixin_verb=('build',))
[2.314s] Level 1:colcon.colcon_core.package_discovery:discover_packages(colcon_meta) check parameters
[2.314s] Level 1:colcon.colcon_core.package_discovery:discover_packages(recursive) check parameters
[2.314s] Level 1:colcon.colcon_core.package_discovery:discover_packages(ignore) check parameters
[2.314s] Level 1:colcon.colcon_core.package_discovery:discover_packages(path) check parameters
[2.314s] Level 1:colcon.colcon_core.package_discovery:discover_packages(colcon_meta) discover
[2.314s] Level 1:colcon.colcon_core.package_discovery:discover_packages(recursive) discover
[2.316s] INFO:colcon.colcon_core.package_discovery:Crawling recursively for packages in '/home/robotai/AutoRobots/SamLab7'
[2.316s] Level 1:colcon.colcon_core.package_identification:_identify(.) by extensions ['ignore', 'ignore_ament_install']
[2.316s] Level 1:colcon.colcon_core.package_identification:_identify(.) by extension 'ignore'
[2.316s] Level 1:colcon.colcon_core.package_identification:_identify(.) by extension 'ignore_ament_install'
[2.316s] Level 1:colcon.colcon_core.package_identification:_identify(.) by extensions ['colcon_pkg']
[2.316s] Level 1:colcon.colcon_core.package_identification:_identify(.) by extension 'colcon_pkg'
[2.316s] Level 1:colcon.colcon_core.package_identification:_identify(.) by extensions ['colcon_meta']
[2.316s] Level 1:colcon.colcon_core.package_identification:_identify(.) by extension 'colcon_meta'
[2.316s] Level 1:colcon.colcon_core.package_identification:_identify(.) by extensions ['ros']
[2.316s] Level 1:colcon.colcon_core.package_identification:_identify(.) by extension 'ros'
[2.405s] Level 1:colcon.colcon_core.package_identification:_identify(.) by extensions ['cmake', 'python']
[2.405s] Level 1:colcon.colcon_core.package_identification:_identify(.) by extension 'cmake'
[2.405s] Level 1:colcon.colcon_core.package_identification:_identify(.) by extension 'python'
[2.405s] Level 1:colcon.colcon_core.package_identification:_identify(.) by extensions ['python_setup_py']
[2.405s] Level 1:colcon.colcon_core.package_identification:_identify(.) by extension 'python_setup_py'
[2.406s] Level 1:colcon.colcon_core.package_identification:_identify(build) by extensions ['ignore', 'ignore_ament_install']
[2.406s] Level 1:colcon.colcon_core.package_identification:_identify(build) by extension 'ignore'
[2.406s] Level 1:colcon.colcon_core.package_identification:_identify(build) ignored
[2.409s] Level 1:colcon.colcon_core.package_identification:_identify(install) by extensions ['ignore', 'ignore_ament_install']
[2.410s] Level 1:colcon.colcon_core.package_identification:_identify(install) by extension 'ignore'
[2.410s] Level 1:colcon.colcon_core.package_identification:_identify(install) ignored
[2.410s] Level 1:colcon.colcon_core.package_identification:_identify(log) by extensions ['ignore', 'ignore_ament_install']
[2.410s] Level 1:colcon.colcon_core.package_identification:_identify(log) by extension 'ignore'
[2.410s] Level 1:colcon.colcon_core.package_identification:_identify(log) ignored
[2.416s] Level 1:colcon.colcon_core.package_identification:_identify(tb4_cpp_prac7) by extensions ['ignore', 'ignore_ament_install']
[2.416s] Level 1:colcon.colcon_core.package_identification:_identify(tb4_cpp_prac7) by extension 'ignore'
[2.416s] Level 1:colcon.colcon_core.package_identification:_identify(tb4_cpp_prac7) by extension 'ignore_ament_install'
[2.416s] Level 1:colcon.colcon_core.package_identification:_identify(tb4_cpp_prac7) by extensions ['colcon_pkg']
[2.416s] Level 1:colcon.colcon_core.package_identification:_identify(tb4_cpp_prac7) by extension 'colcon_pkg'
[2.416s] Level 1:colcon.colcon_core.package_identification:_identify(tb4_cpp_prac7) by extensions ['colcon_meta']
[2.416s] Level 1:colcon.colcon_core.package_identification:_identify(tb4_cpp_prac7) by extension 'colcon_meta'
[2.416s] Level 1:colcon.colcon_core.package_identification:_identify(tb4_cpp_prac7) by extensions ['ros']
[2.416s] Level 1:colcon.colcon_core.package_identification:_identify(tb4_cpp_prac7) by extension 'ros'
[2.416s] Level 1:colcon.colcon_core.package_identification:_identify(tb4_cpp_prac7) by extensions ['cmake', 'python']
[2.416s] Level 1:colcon.colcon_core.package_identification:_identify(tb4_cpp_prac7) by extension 'cmake'
[2.416s] Level 1:colcon.colcon_core.package_identification:_identify(tb4_cpp_prac7) by extension 'python'
[2.416s] Level 1:colcon.colcon_core.package_identification:_identify(tb4_cpp_prac7) by extensions ['python_setup_py']
[2.416s] Level 1:colcon.colcon_core.package_identification:_identify(tb4_cpp_prac7) by extension 'python_setup_py'
[2.417s] Level 1:colcon.colcon_core.package_identification:_identify(tb4_cpp_prac7/tb4_cpp_prac7) by extensions ['ignore', 'ignore_ament_install']
[2.417s] Level 1:colcon.colcon_core.package_identification:_identify(tb4_cpp_prac7/tb4_cpp_prac7) by extension 'ignore'
[2.417s] Level 1:colcon.colcon_core.package_identification:_identify(tb4_cpp_prac7/tb4_cpp_prac7) by extension 'ignore_ament_install'
[2.417s] Level 1:colcon.colcon_core.package_identification:_identify(tb4_cpp_prac7/tb4_cpp_prac7) by extensions ['colcon_pkg']
[2.417s] Level 1:colcon.colcon_core.package_identification:_identify(tb4_cpp_prac7/tb4_cpp_prac7) by extension 'colcon_pkg'
[2.417s] Level 1:colcon.colcon_core.package_identification:_identify(tb4_cpp_prac7/tb4_cpp_prac7) by extensions ['colcon_meta']
[2.417s] Level 1:colcon.colcon_core.package_identification:_identify(tb4_cpp_prac7/tb4_cpp_prac7) by extension 'colcon_meta'
[2.417s] Level 1:colcon.colcon_core.package_identification:_identify(tb4_cpp_prac7/tb4_cpp_prac7) by extensions ['ros']
[2.417s] Level 1:colcon.colcon_core.package_identification:_identify(tb4_cpp_prac7/tb4_cpp_prac7) by extension 'ros'
[2.434s] DEBUG:colcon.colcon_core.package_identification:Package 'tb4_cpp_prac7/tb4_cpp_prac7' with type 'ros.ament_cmake' and name 'tb4_cpp_prac7'
[2.434s] Level 1:colcon.colcon_core.package_discovery:discover_packages(recursive) using defaults
[2.434s] Level 1:colcon.colcon_core.package_discovery:discover_packages(ignore) discover
[2.434s] Level 1:colcon.colcon_core.package_discovery:discover_packages(ignore) using defaults
[2.434s] Level 1:colcon.colcon_core.package_discovery:discover_packages(path) discover
[2.434s] Level 1:colcon.colcon_core.package_discovery:discover_packages(path) using defaults
[2.576s] Level 1:colcon.colcon_core.package_discovery:discover_packages(prefix_path) check parameters
[2.576s] Level 1:colcon.colcon_core.package_discovery:discover_packages(prefix_path) discover
[2.586s] DEBUG:colcon.colcon_installed_package_information.package_discovery:Found 389 installed packages in /opt/ros/humble
[2.590s] Level 1:colcon.colcon_core.package_discovery:discover_packages(prefix_path) using defaults
[2.655s] Level 5:colcon.colcon_core.verb:set package 'tb4_cpp_prac7' build argument 'cmake_args' from command line to 'None'
[2.655s] Level 5:colcon.colcon_core.verb:set package 'tb4_cpp_prac7' build argument 'cmake_target' from command line to 'None'
[2.655s] Level 5:colcon.colcon_core.verb:set package 'tb4_cpp_prac7' build argument 'cmake_target_skip_unavailable' from command line to 'False'
[2.655s] Level 5:colcon.colcon_core.verb:set package 'tb4_cpp_prac7' build argument 'cmake_clean_cache' from command line to 'False'
[2.655s] Level 5:colcon.colcon_core.verb:set package 'tb4_cpp_prac7' build argument 'cmake_clean_first' from command line to 'False'
[2.655s] Level 5:colcon.colcon_core.verb:set package 'tb4_cpp_prac7' build argument 'cmake_force_configure' from command line to 'False'
[2.655s] Level 5:colcon.colcon_core.verb:set package 'tb4_cpp_prac7' build argument 'ament_cmake_args' from command line to 'None'
[2.655s] Level 5:colcon.colcon_core.verb:set package 'tb4_cpp_prac7' build argument 'catkin_cmake_args' from command line to 'None'
[2.656s] Level 5:colcon.colcon_core.verb:set package 'tb4_cpp_prac7' build argument 'catkin_skip_building_tests' from command line to 'False'
[2.656s] DEBUG:colcon.colcon_core.verb:Building package 'tb4_cpp_prac7' with the following arguments: {'ament_cmake_args': None, 'build_base': '/home/robotai/AutoRobots/SamLab7/build/tb4_cpp_prac7', 'catkin_cmake_args': None, 'catkin_skip_building_tests': False, 'cmake_args': None, 'cmake_clean_cache': False, 'cmake_clean_first': False, 'cmake_force_configure': False, 'cmake_target': None, 'cmake_target_skip_unavailable': False, 'install_base': '/home/robotai/AutoRobots/SamLab7/install/tb4_cpp_prac7', 'merge_install': False, 'path': '/home/robotai/AutoRobots/SamLab7/tb4_cpp_prac7/tb4_cpp_prac7', 'symlink_install': False, 'test_result_base': None}
[2.656s] INFO:colcon.colcon_core.executor:Executing jobs using 'parallel' executor
[2.657s] DEBUG:colcon.colcon_parallel_executor.executor.parallel:run_until_complete
[2.658s] INFO:colcon.colcon_ros.task.ament_cmake.build:Building ROS package in '/home/robotai/AutoRobots/SamLab7/tb4_cpp_prac7/tb4_cpp_prac7' with build type 'ament_cmake'
[2.658s] INFO:colcon.colcon_cmake.task.cmake.build:Building CMake package in '/home/robotai/AutoRobots/SamLab7/tb4_cpp_prac7/tb4_cpp_prac7'
[2.679s] INFO:colcon.colcon_core.plugin_system:Skipping extension 'colcon_core.shell.bat': Not used on non-Windows systems
[2.680s] INFO:colcon.colcon_core.shell:Skip shell extension 'powershell' for command environment: Not usable outside of PowerShell
[2.680s] DEBUG:colcon.colcon_core.shell:Skip shell extension 'dsv' for command environment
[2.715s] DEBUG:colcon.colcon_core.event_handler.log_command:Invoking command in '/home/robotai/AutoRobots/SamLab7/build/tb4_cpp_prac7': CMAKE_PREFIX_PATH=/opt/ros/humble /usr/bin/cmake --build /home/robotai/AutoRobots/SamLab7/build/tb4_cpp_prac7 -- -j6 -l6
[3.185s] DEBUG:colcon.colcon_core.event_handler.log_command:Invoked command in '/home/robotai/AutoRobots/SamLab7/build/tb4_cpp_prac7' returned '0': CMAKE_PREFIX_PATH=/opt/ros/humble /usr/bin/cmake --build /home/robotai/AutoRobots/SamLab7/build/tb4_cpp_prac7 -- -j6 -l6
[3.215s] DEBUG:colcon.colcon_core.event_handler.log_command:Invoking command in '/home/robotai/AutoRobots/SamLab7/build/tb4_cpp_prac7': CMAKE_PREFIX_PATH=/opt/ros/humble /usr/bin/cmake --install /home/robotai/AutoRobots/SamLab7/build/tb4_cpp_prac7
[3.269s] Level 1:colcon.colcon_core.environment:create_environment_scripts_only(tb4_cpp_prac7)
[3.269s] DEBUG:colcon.colcon_core.event_handler.log_command:Invoked command in '/home/robotai/AutoRobots/SamLab7/build/tb4_cpp_prac7' returned '0': CMAKE_PREFIX_PATH=/opt/ros/humble /usr/bin/cmake --install /home/robotai/AutoRobots/SamLab7/build/tb4_cpp_prac7
[3.284s] Level 1:colcon.colcon_core.environment:checking '/home/robotai/AutoRobots/SamLab7/install/tb4_cpp_prac7' for CMake module files
[3.286s] Level 1:colcon.colcon_core.environment:checking '/home/robotai/AutoRobots/SamLab7/install/tb4_cpp_prac7' for CMake config files
[3.292s] Level 1:colcon.colcon_core.shell:create_environment_hook('tb4_cpp_prac7', 'cmake_prefix_path')
[3.292s] INFO:colcon.colcon_core.shell:Creating environment hook '/home/robotai/AutoRobots/SamLab7/install/tb4_cpp_prac7/share/tb4_cpp_prac7/hook/cmake_prefix_path.ps1'
[3.293s] INFO:colcon.colcon_core.shell:Creating environment descriptor '/home/robotai/AutoRobots/SamLab7/install/tb4_cpp_prac7/share/tb4_cpp_prac7/hook/cmake_prefix_path.dsv'
[3.293s] INFO:colcon.colcon_core.shell:Creating environment hook '/home/robotai/AutoRobots/SamLab7/install/tb4_cpp_prac7/share/tb4_cpp_prac7/hook/cmake_prefix_path.sh'
[3.296s] Level 1:colcon.colcon_core.environment:checking '/home/robotai/AutoRobots/SamLab7/install/tb4_cpp_prac7/lib'
[3.296s] Level 1:colcon.colcon_core.shell:create_environment_hook('tb4_cpp_prac7', 'ld_library_path_lib')
[3.296s] INFO:colcon.colcon_core.shell:Creating environment hook '/home/robotai/AutoRobots/SamLab7/install/tb4_cpp_prac7/share/tb4_cpp_prac7/hook/ld_library_path_lib.ps1'
[3.300s] INFO:colcon.colcon_core.shell:Creating environment descriptor '/home/robotai/AutoRobots/SamLab7/install/tb4_cpp_prac7/share/tb4_cpp_prac7/hook/ld_library_path_lib.dsv'
[3.300s] INFO:colcon.colcon_core.shell:Creating environment hook '/home/robotai/AutoRobots/SamLab7/install/tb4_cpp_prac7/share/tb4_cpp_prac7/hook/ld_library_path_lib.sh'
[3.300s] Level 1:colcon.colcon_core.environment:checking '/home/robotai/AutoRobots/SamLab7/install/tb4_cpp_prac7/bin'
[3.300s] Level 1:colcon.colcon_core.environment:checking '/home/robotai/AutoRobots/SamLab7/install/tb4_cpp_prac7/lib/pkgconfig/tb4_cpp_prac7.pc'
[3.305s] Level 1:colcon.colcon_core.environment:checking '/home/robotai/AutoRobots/SamLab7/install/tb4_cpp_prac7/lib/python3.10/site-packages'
[3.309s] Level 1:colcon.colcon_core.environment:checking '/home/robotai/AutoRobots/SamLab7/install/tb4_cpp_prac7/bin'
[3.309s] INFO:colcon.colcon_core.shell:Creating package script '/home/robotai/AutoRobots/SamLab7/install/tb4_cpp_prac7/share/tb4_cpp_prac7/package.ps1'
[3.316s] INFO:colcon.colcon_core.shell:Creating package descriptor '/home/robotai/AutoRobots/SamLab7/install/tb4_cpp_prac7/share/tb4_cpp_prac7/package.dsv'
[3.316s] INFO:colcon.colcon_core.shell:Creating package script '/home/robotai/AutoRobots/SamLab7/install/tb4_cpp_prac7/share/tb4_cpp_prac7/package.sh'
[3.317s] INFO:colcon.colcon_core.shell:Creating package script '/home/robotai/AutoRobots/SamLab7/install/tb4_cpp_prac7/share/tb4_cpp_prac7/package.bash'
[3.324s] INFO:colcon.colcon_core.shell:Creating package script '/home/robotai/AutoRobots/SamLab7/install/tb4_cpp_prac7/share/tb4_cpp_prac7/package.zsh'
[3.325s] Level 1:colcon.colcon_core.environment:create_file_with_runtime_dependencies(/home/robotai/AutoRobots/SamLab7/install/tb4_cpp_prac7/share/colcon-core/packages/tb4_cpp_prac7)
[3.326s] Level 1:colcon.colcon_core.environment:create_environment_scripts_only(tb4_cpp_prac7)
[3.326s] Level 1:colcon.colcon_core.environment:checking '/home/robotai/AutoRobots/SamLab7/install/tb4_cpp_prac7' for CMake module files
[3.326s] Level 1:colcon.colcon_core.environment:checking '/home/robotai/AutoRobots/SamLab7/install/tb4_cpp_prac7' for CMake config files
[3.327s] Level 1:colcon.colcon_core.shell:create_environment_hook('tb4_cpp_prac7', 'cmake_prefix_path')
[3.327s] INFO:colcon.colcon_core.shell:Creating environment hook '/home/robotai/AutoRobots/SamLab7/install/tb4_cpp_prac7/share/tb4_cpp_prac7/hook/cmake_prefix_path.ps1'
[3.327s] INFO:colcon.colcon_core.shell:Creating environment descriptor '/home/robotai/AutoRobots/SamLab7/install/tb4_cpp_prac7/share/tb4_cpp_prac7/hook/cmake_prefix_path.dsv'
[3.328s] INFO:colcon.colcon_core.shell:Creating environment hook '/home/robotai/AutoRobots/SamLab7/install/tb4_cpp_prac7/share/tb4_cpp_prac7/hook/cmake_prefix_path.sh'
[3.328s] Level 1:colcon.colcon_core.environment:checking '/home/robotai/AutoRobots/SamLab7/install/tb4_cpp_prac7/lib'
[3.328s] Level 1:colcon.colcon_core.shell:create_environment_hook('tb4_cpp_prac7', 'ld_library_path_lib')
[3.329s] INFO:colcon.colcon_core.shell:Creating environment hook '/home/robotai/AutoRobots/SamLab7/install/tb4_cpp_prac7/share/tb4_cpp_prac7/hook/ld_library_path_lib.ps1'
[3.329s] INFO:colcon.colcon_core.shell:Creating environment descriptor '/home/robotai/AutoRobots/SamLab7/install/tb4_cpp_prac7/share/tb4_cpp_prac7/hook/ld_library_path_lib.dsv'
[3.329s] INFO:colcon.colcon_core.shell:Creating environment hook '/home/robotai/AutoRobots/SamLab7/install/tb4_cpp_prac7/share/tb4_cpp_prac7/hook/ld_library_path_lib.sh'
[3.330s] Level 1:colcon.colcon_core.environment:checking '/home/robotai/AutoRobots/SamLab7/install/tb4_cpp_prac7/bin'
[3.331s] Level 1:colcon.colcon_core.environment:checking '/home/robotai/AutoRobots/SamLab7/install/tb4_cpp_prac7/lib/pkgconfig/tb4_cpp_prac7.pc'
[3.331s] Level 1:colcon.colcon_core.environment:checking '/home/robotai/AutoRobots/SamLab7/install/tb4_cpp_prac7/lib/python3.10/site-packages'
[3.331s] Level 1:colcon.colcon_core.environment:checking '/home/robotai/AutoRobots/SamLab7/install/tb4_cpp_prac7/bin'
[3.332s] INFO:colcon.colcon_core.shell:Creating package script '/home/robotai/AutoRobots/SamLab7/install/tb4_cpp_prac7/share/tb4_cpp_prac7/package.ps1'
[3.335s] INFO:colcon.colcon_core.shell:Creating package descriptor '/home/robotai/AutoRobots/SamLab7/install/tb4_cpp_prac7/share/tb4_cpp_prac7/package.dsv'
[3.335s] INFO:colcon.colcon_core.shell:Creating package script '/home/robotai/AutoRobots/SamLab7/install/tb4_cpp_prac7/share/tb4_cpp_prac7/package.sh'
[3.335s] INFO:colcon.colcon_core.shell:Creating package script '/home/robotai/AutoRobots/SamLab7/install/tb4_cpp_prac7/share/tb4_cpp_prac7/package.bash'
[3.339s] INFO:colcon.colcon_core.shell:Creating package script '/home/robotai/AutoRobots/SamLab7/install/tb4_cpp_prac7/share/tb4_cpp_prac7/package.zsh'
[3.341s] Level 1:colcon.colcon_core.environment:create_file_with_runtime_dependencies(/home/robotai/AutoRobots/SamLab7/install/tb4_cpp_prac7/share/colcon-core/packages/tb4_cpp_prac7)
[3.343s] DEBUG:colcon.colcon_parallel_executor.executor.parallel:closing loop
[3.345s] DEBUG:colcon.colcon_parallel_executor.executor.parallel:loop closed
[3.345s] DEBUG:colcon.colcon_parallel_executor.executor.parallel:run_until_complete finished with '0'
[3.345s] DEBUG:colcon.colcon_core.event_reactor:joining thread
[3.381s] INFO:colcon.colcon_core.plugin_system:Skipping extension 'colcon_notification.desktop_notification.terminal_notifier': Not used on non-Darwin systems
[3.381s] INFO:colcon.colcon_core.plugin_system:Skipping extension 'colcon_notification.desktop_notification.win32': Not used on non-Windows systems
[3.381s] INFO:colcon.colcon_notification.desktop_notification:Sending desktop notification using 'notify2'
[3.425s] DEBUG:colcon.colcon_core.event_reactor:joined thread
[3.426s] INFO:colcon.colcon_core.shell:Creating prefix script '/home/robotai/AutoRobots/SamLab7/install/local_setup.ps1'
[3.430s] INFO:colcon.colcon_core.shell:Creating prefix util module '/home/robotai/AutoRobots/SamLab7/install/_local_setup_util_ps1.py'
[3.438s] INFO:colcon.colcon_core.shell:Creating prefix chain script '/home/robotai/AutoRobots/SamLab7/install/setup.ps1'
[3.447s] INFO:colcon.colcon_core.shell:Creating prefix script '/home/robotai/AutoRobots/SamLab7/install/local_setup.sh'
[3.450s] INFO:colcon.colcon_core.shell:Creating prefix util module '/home/robotai/AutoRobots/SamLab7/install/_local_setup_util_sh.py'
[3.453s] INFO:colcon.colcon_core.shell:Creating prefix chain script '/home/robotai/AutoRobots/SamLab7/install/setup.sh'
[3.464s] INFO:colcon.colcon_core.shell:Creating prefix script '/home/robotai/AutoRobots/SamLab7/install/local_setup.bash'
[3.470s] INFO:colcon.colcon_core.shell:Creating prefix chain script '/home/robotai/AutoRobots/SamLab7/install/setup.bash'
[3.475s] INFO:colcon.colcon_core.shell:Creating prefix script '/home/robotai/AutoRobots/SamLab7/install/local_setup.zsh'
[3.479s] INFO:colcon.colcon_core.shell:Creating prefix chain script '/home/robotai/AutoRobots/SamLab7/install/setup.zsh'
