[0.010s] Invoking command in '/home/robotai/AutoRobots/SamLab1/tb4_ws/build/tb4_cpp_prac1': CMAKE_PREFIX_PATH=${CMAKE_PREFIX_PATH}:/opt/ros/humble /usr/bin/cmake /home/robotai/AutoRobots/SamLab1/tb4_ws/src/tb4_cpp_prac1 -DCMAKE_INSTALL_PREFIX=/home/robotai/AutoRobots/SamLab1/tb4_ws/install/tb4_cpp_prac1
[0.172s] -- The C compiler identification is GNU 12.3.0
[0.299s] -- The CXX compiler identification is GNU 12.3.0
[0.353s] -- Detecting C compiler ABI info
[0.431s] -- Detecting C compiler ABI info - done
[0.438s] -- Check for working C compiler: /usr/bin/cc - skipped
[0.439s] -- Detecting C compile features
[0.448s] -- Detecting C compile features - done
[0.456s] -- Detecting CXX compiler ABI info
[0.539s] -- Detecting CXX compiler ABI info - done
[0.547s] -- Check for working CXX compiler: /usr/bin/c++ - skipped
[0.548s] -- Detecting CXX compile features
[0.548s] -- Detecting CXX compile features - done
[0.564s] -- Found ament_cmake: 1.3.14 (/opt/ros/humble/share/ament_cmake/cmake)
[0.827s] -- Found Python3: /usr/bin/python3 (found version "3.10.12") found components: Interpreter 
[1.221s] -- Found rclcpp: 16.0.19 (/opt/ros/humble/share/rclcpp/cmake)
[1.375s] -- Found rosidl_generator_c: 3.1.9 (/opt/ros/humble/share/rosidl_generator_c/cmake)
[1.381s] -- Found rosidl_adapter: 3.1.9 (/opt/ros/humble/share/rosidl_adapter/cmake)
[1.396s] -- Found rosidl_generator_cpp: 3.1.9 (/opt/ros/humble/share/rosidl_generator_cpp/cmake)
[1.422s] -- Using all available rosidl_typesupport_c: rosidl_typesupport_fastrtps_c;rosidl_typesupport_introspection_c
[1.459s] -- Using all available rosidl_typesupport_cpp: rosidl_typesupport_fastrtps_cpp;rosidl_typesupport_introspection_cpp
[1.648s] -- Found rmw_implementation_cmake: 6.1.2 (/opt/ros/humble/share/rmw_implementation_cmake/cmake)
[1.662s] -- Found rmw_fastrtps_cpp: 6.2.10 (/opt/ros/humble/share/rmw_fastrtps_cpp/cmake)
[1.980s] -- Found OpenSSL: /usr/lib/x86_64-linux-gnu/libcrypto.so (found version "3.0.2")  
[2.028s] -- Found FastRTPS: /opt/ros/humble/include  
[2.071s] -- Using RMW implementation 'rmw_fastrtps_cpp' as default
[2.147s] -- Looking for pthread.h
[2.330s] -- Looking for pthread.h - found
[2.331s] -- Performing Test CMAKE_HAVE_LIBC_PTHREAD
[2.412s] -- Performing Test CMAKE_HAVE_LIBC_PTHREAD - Success
[2.412s] -- Found Threads: TRUE  
[2.604s] -- Found irobot_create_msgs: 2.1.0 (/opt/ros/humble/share/irobot_create_msgs/cmake)
[2.785s] -- Found ament_lint_auto: 0.12.15 (/opt/ros/humble/share/ament_lint_auto/cmake)
[2.926s] -- Added test 'cppcheck' to perform static code analysis on C / C++ code
[2.926s] -- Configured cppcheck include dirs: $<BUILD_INTERFACE:/home/robotai/AutoRobots/SamLab1/tb4_ws/src/tb4_cpp_prac1/include>
[2.926s] -- Configured cppcheck exclude dirs and/or files: 
[2.936s] -- Added test 'lint_cmake' to check CMake code style
[2.939s] -- Added test 'uncrustify' to check C / C++ code style
[2.940s] -- Configured uncrustify additional arguments: 
[2.941s] -- Added test 'xmllint' to check XML markup files
[2.949s] -- Configuring done
[2.959s] -- Generating done
[2.965s] -- Build files have been written to: /home/robotai/AutoRobots/SamLab1/tb4_ws/build/tb4_cpp_prac1
[2.974s] Invoked command in '/home/robotai/AutoRobots/SamLab1/tb4_ws/build/tb4_cpp_prac1' returned '0': CMAKE_PREFIX_PATH=${CMAKE_PREFIX_PATH}:/opt/ros/humble /usr/bin/cmake /home/robotai/AutoRobots/SamLab1/tb4_ws/src/tb4_cpp_prac1 -DCMAKE_INSTALL_PREFIX=/home/robotai/AutoRobots/SamLab1/tb4_ws/install/tb4_cpp_prac1
[2.976s] Invoking command in '/home/robotai/AutoRobots/SamLab1/tb4_ws/build/tb4_cpp_prac1': CMAKE_PREFIX_PATH=${CMAKE_PREFIX_PATH}:/opt/ros/humble /usr/bin/cmake --build /home/robotai/AutoRobots/SamLab1/tb4_ws/build/tb4_cpp_prac1 -- -j6 -l6
[3.025s] [ 50%] [32mBuilding CXX object CMakeFiles/tb4_cpp_node.dir/src/tb4_cpp_node.cpp.o[0m
[11.741s] [100%] [32m[1mLinking CXX executable tb4_cpp_node[0m
[12.163s] [100%] Built target tb4_cpp_node
[12.177s] Invoked command in '/home/robotai/AutoRobots/SamLab1/tb4_ws/build/tb4_cpp_prac1' returned '0': CMAKE_PREFIX_PATH=${CMAKE_PREFIX_PATH}:/opt/ros/humble /usr/bin/cmake --build /home/robotai/AutoRobots/SamLab1/tb4_ws/build/tb4_cpp_prac1 -- -j6 -l6
[12.188s] Invoking command in '/home/robotai/AutoRobots/SamLab1/tb4_ws/build/tb4_cpp_prac1': CMAKE_PREFIX_PATH=${CMAKE_PREFIX_PATH}:/opt/ros/humble /usr/bin/cmake --install /home/robotai/AutoRobots/SamLab1/tb4_ws/build/tb4_cpp_prac1
[12.195s] -- Install configuration: ""
[12.195s] -- Installing: /home/robotai/AutoRobots/SamLab1/tb4_ws/install/tb4_cpp_prac1/lib/tb4_cpp_prac1/tb4_cpp_node
[12.198s] -- Set runtime path of "/home/robotai/AutoRobots/SamLab1/tb4_ws/install/tb4_cpp_prac1/lib/tb4_cpp_prac1/tb4_cpp_node" to ""
[12.199s] -- Installing: /home/robotai/AutoRobots/SamLab1/tb4_ws/install/tb4_cpp_prac1/share/ament_index/resource_index/package_run_dependencies/tb4_cpp_prac1
[12.199s] -- Installing: /home/robotai/AutoRobots/SamLab1/tb4_ws/install/tb4_cpp_prac1/share/ament_index/resource_index/parent_prefix_path/tb4_cpp_prac1
[12.199s] -- Installing: /home/robotai/AutoRobots/SamLab1/tb4_ws/install/tb4_cpp_prac1/share/tb4_cpp_prac1/environment/ament_prefix_path.sh
[12.199s] -- Installing: /home/robotai/AutoRobots/SamLab1/tb4_ws/install/tb4_cpp_prac1/share/tb4_cpp_prac1/environment/ament_prefix_path.dsv
[12.199s] -- Installing: /home/robotai/AutoRobots/SamLab1/tb4_ws/install/tb4_cpp_prac1/share/tb4_cpp_prac1/environment/path.sh
[12.199s] -- Installing: /home/robotai/AutoRobots/SamLab1/tb4_ws/install/tb4_cpp_prac1/share/tb4_cpp_prac1/environment/path.dsv
[12.199s] -- Installing: /home/robotai/AutoRobots/SamLab1/tb4_ws/install/tb4_cpp_prac1/share/tb4_cpp_prac1/local_setup.bash
[12.199s] -- Installing: /home/robotai/AutoRobots/SamLab1/tb4_ws/install/tb4_cpp_prac1/share/tb4_cpp_prac1/local_setup.sh
[12.201s] -- Installing: /home/robotai/AutoRobots/SamLab1/tb4_ws/install/tb4_cpp_prac1/share/tb4_cpp_prac1/local_setup.zsh
[12.201s] -- Installing: /home/robotai/AutoRobots/SamLab1/tb4_ws/install/tb4_cpp_prac1/share/tb4_cpp_prac1/local_setup.dsv
[12.201s] -- Installing: /home/robotai/AutoRobots/SamLab1/tb4_ws/install/tb4_cpp_prac1/share/tb4_cpp_prac1/package.dsv
[12.201s] -- Installing: /home/robotai/AutoRobots/SamLab1/tb4_ws/install/tb4_cpp_prac1/share/ament_index/resource_index/packages/tb4_cpp_prac1
[12.202s] -- Installing: /home/robotai/AutoRobots/SamLab1/tb4_ws/install/tb4_cpp_prac1/share/tb4_cpp_prac1/cmake/tb4_cpp_prac1Config.cmake
[12.202s] -- Installing: /home/robotai/AutoRobots/SamLab1/tb4_ws/install/tb4_cpp_prac1/share/tb4_cpp_prac1/cmake/tb4_cpp_prac1Config-version.cmake
[12.202s] -- Installing: /home/robotai/AutoRobots/SamLab1/tb4_ws/install/tb4_cpp_prac1/share/tb4_cpp_prac1/package.xml
[12.205s] Invoked command in '/home/robotai/AutoRobots/SamLab1/tb4_ws/build/tb4_cpp_prac1' returned '0': CMAKE_PREFIX_PATH=${CMAKE_PREFIX_PATH}:/opt/ros/humble /usr/bin/cmake --install /home/robotai/AutoRobots/SamLab1/tb4_ws/build/tb4_cpp_prac1
