[0.004s] Invoking command in '/home/robotai/AutoRobots/SamLab3/tb4_ws/build/tb4_cpp_prac3': CMAKE_PREFIX_PATH=/opt/ros/humble /usr/bin/cmake /home/robotai/AutoRobots/SamLab3/tb4_ws/src/tb4_cpp_prac3 -DCMAKE_INSTALL_PREFIX=/home/robotai/AutoRobots/SamLab3/tb4_ws/install/tb4_cpp_prac3
[0.043s] -- The C compiler identification is GNU 11.4.0
[0.071s] -- The CXX compiler identification is GNU 11.4.0
[0.075s] -- Detecting C compiler ABI info
[0.109s] -- Detecting C compiler ABI info - done
[0.112s] -- Check for working C compiler: /usr/bin/cc - skipped
[0.112s] -- Detecting C compile features
[0.112s] -- Detecting C compile features - done
[0.114s] -- Detecting CXX compiler ABI info
[0.152s] -- Detecting CXX compiler ABI info - done
[0.155s] -- Check for working CXX compiler: /usr/bin/c++ - skipped
[0.155s] -- Detecting CXX compile features
[0.156s] -- Detecting CXX compile features - done
[0.157s] -- Found ament_cmake: 1.3.9 (/opt/ros/humble/share/ament_cmake/cmake)
[0.224s] -- Found Python3: /usr/bin/python3 (found version "3.10.12") found components: Interpreter 
[0.266s] -- Found rclcpp: 16.0.9 (/opt/ros/humble/share/rclcpp/cmake)
[0.281s] -- Found rosidl_generator_c: 3.1.5 (/opt/ros/humble/share/rosidl_generator_c/cmake)
[0.283s] -- Found rosidl_adapter: 3.1.5 (/opt/ros/humble/share/rosidl_adapter/cmake)
[0.286s] -- Found rosidl_generator_cpp: 3.1.5 (/opt/ros/humble/share/rosidl_generator_cpp/cmake)
[0.292s] -- Using all available rosidl_typesupport_c: rosidl_typesupport_fastrtps_c;rosidl_typesupport_introspection_c
[0.299s] -- Using all available rosidl_typesupport_cpp: rosidl_typesupport_fastrtps_cpp;rosidl_typesupport_introspection_cpp
[0.326s] -- Found rmw_implementation_cmake: 6.1.2 (/opt/ros/humble/share/rmw_implementation_cmake/cmake)
[0.328s] -- Found rmw_fastrtps_cpp: 6.2.6 (/opt/ros/humble/share/rmw_fastrtps_cpp/cmake)
[0.370s] -- Found OpenSSL: /usr/lib/x86_64-linux-gnu/libcrypto.so (found version "3.0.2")  
[0.381s] -- Found FastRTPS: /opt/ros/humble/include  
[0.400s] -- Using RMW implementation 'rmw_fastrtps_cpp' as default
[0.403s] -- Looking for pthread.h
[0.439s] -- Looking for pthread.h - found
[0.439s] -- Performing Test CMAKE_HAVE_LIBC_PTHREAD
[0.474s] -- Performing Test CMAKE_HAVE_LIBC_PTHREAD - Success
[0.475s] -- Found Threads: TRUE  
[0.537s] -- Found geometry_msgs: 4.2.4 (/opt/ros/humble/share/geometry_msgs/cmake)
[0.554s] -- Found nav_msgs: 4.2.4 (/opt/ros/humble/share/nav_msgs/cmake)
[0.591s] -- Found sensor_msgs: 4.2.4 (/opt/ros/humble/share/sensor_msgs/cmake)
[0.627s] -- Found ament_lint_auto: 0.12.11 (/opt/ros/humble/share/ament_lint_auto/cmake)
[0.661s] -- Added test 'cppcheck' to perform static code analysis on C / C++ code
[0.661s] -- Configured cppcheck include dirs: $<BUILD_INTERFACE:/home/robotai/AutoRobots/SamLab3/tb4_ws/src/tb4_cpp_prac3/include>
[0.661s] -- Configured cppcheck exclude dirs and/or files: 
[0.661s] -- Added test 'lint_cmake' to check CMake code style
[0.661s] -- Added test 'uncrustify' to check C / C++ code style
[0.661s] -- Configured uncrustify additional arguments: 
[0.661s] -- Added test 'xmllint' to check XML markup files
[0.662s] -- Configuring done
[0.665s] -- Generating done
[0.666s] -- Build files have been written to: /home/robotai/AutoRobots/SamLab3/tb4_ws/build/tb4_cpp_prac3
[0.671s] Invoked command in '/home/robotai/AutoRobots/SamLab3/tb4_ws/build/tb4_cpp_prac3' returned '0': CMAKE_PREFIX_PATH=/opt/ros/humble /usr/bin/cmake /home/robotai/AutoRobots/SamLab3/tb4_ws/src/tb4_cpp_prac3 -DCMAKE_INSTALL_PREFIX=/home/robotai/AutoRobots/SamLab3/tb4_ws/install/tb4_cpp_prac3
[0.671s] Invoking command in '/home/robotai/AutoRobots/SamLab3/tb4_ws/build/tb4_cpp_prac3': CMAKE_PREFIX_PATH=/opt/ros/humble /usr/bin/cmake --build /home/robotai/AutoRobots/SamLab3/tb4_ws/build/tb4_cpp_prac3 -- -j24 -l24
[0.694s] [ 50%] [32mBuilding CXX object CMakeFiles/person_follower.dir/src/person_follower.cpp.o[0m
[1.573s] [01m[K/home/robotai/AutoRobots/SamLab3/tb4_ws/src/tb4_cpp_prac3/src/person_follower.cpp:[m[K In member function ‘[01m[Krcl_interfaces::msg::SetParametersResult PersonFollower::dynamicParametersCallback(std::vector<rclcpp::Parameter>)[m[K’:
[1.573s] [01m[K/home/robotai/AutoRobots/SamLab3/tb4_ws/src/tb4_cpp_prac3/src/person_follower.cpp:167:9:[m[K [01;31m[Kerror: [m[K‘[01m[Kdistance_control_gain_[m[K’ was not declared in this scope; did you mean ‘[01m[Kangle_control_gain_[m[K’?
[1.573s]   167 |         [01;31m[Kdistance_control_gain_[m[K = parameter.as_double();
[1.573s]       |         [01;31m[K^~~~~~~~~~~~~~~~~~~~~~[m[K
[1.573s]       |         [32m[Kangle_control_gain_[m[K
[2.575s] gmake[2]: *** [CMakeFiles/person_follower.dir/build.make:76: CMakeFiles/person_follower.dir/src/person_follower.cpp.o] Error 1
[2.575s] gmake[1]: *** [CMakeFiles/Makefile2:137: CMakeFiles/person_follower.dir/all] Error 2
[2.575s] gmake: *** [Makefile:146: all] Error 2
[2.578s] Invoked command in '/home/robotai/AutoRobots/SamLab3/tb4_ws/build/tb4_cpp_prac3' returned '2': CMAKE_PREFIX_PATH=/opt/ros/humble /usr/bin/cmake --build /home/robotai/AutoRobots/SamLab3/tb4_ws/build/tb4_cpp_prac3 -- -j24 -l24
