[0.014s] Invoking command in '/home/robotai/AutoRobots/turtlebot_virtual_lab/build/turtlebot4_ignition_bringup': AMENT_PREFIX_PATH=/home/robotai/AutoRobots/turtlebot_virtual_lab/install/turtlebot4_ignition_toolbox:/home/robotai/AutoRobots/turtlebot_virtual_lab/install/turtlebot4_ignition_gui_plugins:${AMENT_PREFIX_PATH} CMAKE_PREFIX_PATH=/home/robotai/AutoRobots/turtlebot_virtual_lab/install/turtlebot4_ignition_toolbox:/home/robotai/AutoRobots/turtlebot_virtual_lab/install/turtlebot4_ignition_gui_plugins:/opt/ros/humble /usr/bin/cmake /home/robotai/AutoRobots/turtlebot_virtual_lab/src/turtlebot4_simulator/turtlebot4_ignition_bringup -DCMAKE_INSTALL_PREFIX=/home/robotai/AutoRobots/turtlebot_virtual_lab/install/turtlebot4_ignition_bringup
[0.173s] -- The C compiler identification is GNU 12.3.0
[0.242s] -- The CXX compiler identification is GNU 12.3.0
[0.249s] -- Detecting C compiler ABI info
[0.337s] -- Detecting C compiler ABI info - done
[0.345s] -- Check for working C compiler: /usr/bin/cc - skipped
[0.345s] -- Detecting C compile features
[0.345s] -- Detecting C compile features - done
[0.348s] -- Detecting CXX compiler ABI info
[0.447s] -- Detecting CXX compiler ABI info - done
[0.454s] -- Check for working CXX compiler: /usr/bin/c++ - skipped
[0.454s] -- Detecting CXX compile features
[0.455s] -- Detecting CXX compile features - done
[0.494s] -- Found ament_cmake: 1.3.14 (/opt/ros/humble/share/ament_cmake/cmake)
[0.774s] -- Found Python3: /usr/bin/python3 (found version "3.10.12") found components: Interpreter 
[0.953s] -- Found ros_ign_interfaces: 0.244.25 (/opt/ros/humble/share/ros_ign_interfaces/cmake)
[1.093s] -- Found rosidl_generator_c: 3.1.9 (/opt/ros/humble/share/rosidl_generator_c/cmake)
[1.105s] -- Found rosidl_adapter: 3.1.9 (/opt/ros/humble/share/rosidl_adapter/cmake)
[1.127s] -- Found rosidl_generator_cpp: 3.1.9 (/opt/ros/humble/share/rosidl_generator_cpp/cmake)
[1.163s] -- Using all available rosidl_typesupport_c: rosidl_typesupport_fastrtps_c;rosidl_typesupport_introspection_c
[1.197s] -- Using all available rosidl_typesupport_cpp: rosidl_typesupport_fastrtps_cpp;rosidl_typesupport_introspection_cpp
[1.412s] -- Found ament_lint_auto: 0.12.15 (/opt/ros/humble/share/ament_lint_auto/cmake)
[1.526s] -- Added test 'copyright' to check source files copyright and LICENSE
[1.529s] -- Added test 'flake8' to check Python code syntax and style conventions
[1.530s] -- Added test 'lint_cmake' to check CMake code style
[1.530s] -- Added test 'pep257' to check Python code against some of the docstring style conventions in PEP 257
[1.537s] -- Added test 'xmllint' to check XML markup files
[1.539s] -- Configuring done
[1.543s] -- Generating done
[1.545s] -- Build files have been written to: /home/robotai/AutoRobots/turtlebot_virtual_lab/build/turtlebot4_ignition_bringup
[1.558s] Invoked command in '/home/robotai/AutoRobots/turtlebot_virtual_lab/build/turtlebot4_ignition_bringup' returned '0': AMENT_PREFIX_PATH=/home/robotai/AutoRobots/turtlebot_virtual_lab/install/turtlebot4_ignition_toolbox:/home/robotai/AutoRobots/turtlebot_virtual_lab/install/turtlebot4_ignition_gui_plugins:${AMENT_PREFIX_PATH} CMAKE_PREFIX_PATH=/home/robotai/AutoRobots/turtlebot_virtual_lab/install/turtlebot4_ignition_toolbox:/home/robotai/AutoRobots/turtlebot_virtual_lab/install/turtlebot4_ignition_gui_plugins:/opt/ros/humble /usr/bin/cmake /home/robotai/AutoRobots/turtlebot_virtual_lab/src/turtlebot4_simulator/turtlebot4_ignition_bringup -DCMAKE_INSTALL_PREFIX=/home/robotai/AutoRobots/turtlebot_virtual_lab/install/turtlebot4_ignition_bringup
[1.559s] Invoking command in '/home/robotai/AutoRobots/turtlebot_virtual_lab/build/turtlebot4_ignition_bringup': AMENT_PREFIX_PATH=/home/robotai/AutoRobots/turtlebot_virtual_lab/install/turtlebot4_ignition_toolbox:/home/robotai/AutoRobots/turtlebot_virtual_lab/install/turtlebot4_ignition_gui_plugins:${AMENT_PREFIX_PATH} CMAKE_PREFIX_PATH=/home/robotai/AutoRobots/turtlebot_virtual_lab/install/turtlebot4_ignition_toolbox:/home/robotai/AutoRobots/turtlebot_virtual_lab/install/turtlebot4_ignition_gui_plugins:/opt/ros/humble /usr/bin/cmake --build /home/robotai/AutoRobots/turtlebot_virtual_lab/build/turtlebot4_ignition_bringup -- -j6 -l6
[1.606s] Invoked command in '/home/robotai/AutoRobots/turtlebot_virtual_lab/build/turtlebot4_ignition_bringup' returned '0': AMENT_PREFIX_PATH=/home/robotai/AutoRobots/turtlebot_virtual_lab/install/turtlebot4_ignition_toolbox:/home/robotai/AutoRobots/turtlebot_virtual_lab/install/turtlebot4_ignition_gui_plugins:${AMENT_PREFIX_PATH} CMAKE_PREFIX_PATH=/home/robotai/AutoRobots/turtlebot_virtual_lab/install/turtlebot4_ignition_toolbox:/home/robotai/AutoRobots/turtlebot_virtual_lab/install/turtlebot4_ignition_gui_plugins:/opt/ros/humble /usr/bin/cmake --build /home/robotai/AutoRobots/turtlebot_virtual_lab/build/turtlebot4_ignition_bringup -- -j6 -l6
[1.608s] Invoking command in '/home/robotai/AutoRobots/turtlebot_virtual_lab/build/turtlebot4_ignition_bringup': AMENT_PREFIX_PATH=/home/robotai/AutoRobots/turtlebot_virtual_lab/install/turtlebot4_ignition_toolbox:/home/robotai/AutoRobots/turtlebot_virtual_lab/install/turtlebot4_ignition_gui_plugins:${AMENT_PREFIX_PATH} CMAKE_PREFIX_PATH=/home/robotai/AutoRobots/turtlebot_virtual_lab/install/turtlebot4_ignition_toolbox:/home/robotai/AutoRobots/turtlebot_virtual_lab/install/turtlebot4_ignition_gui_plugins:/opt/ros/humble /usr/bin/cmake --install /home/robotai/AutoRobots/turtlebot_virtual_lab/build/turtlebot4_ignition_bringup
[1.616s] -- Install configuration: ""
[1.616s] -- Installing: /home/robotai/AutoRobots/turtlebot_virtual_lab/install/turtlebot4_ignition_bringup/share/turtlebot4_ignition_bringup/config
[1.617s] -- Installing: /home/robotai/AutoRobots/turtlebot_virtual_lab/install/turtlebot4_ignition_bringup/share/turtlebot4_ignition_bringup/config/turtlebot4_node.yaml
[1.617s] -- Installing: /home/robotai/AutoRobots/turtlebot_virtual_lab/install/turtlebot4_ignition_bringup/share/turtlebot4_ignition_bringup/gui
[1.617s] -- Installing: /home/robotai/AutoRobots/turtlebot_virtual_lab/install/turtlebot4_ignition_bringup/share/turtlebot4_ignition_bringup/gui/standard
[1.618s] -- Installing: /home/robotai/AutoRobots/turtlebot_virtual_lab/install/turtlebot4_ignition_bringup/share/turtlebot4_ignition_bringup/gui/standard/gui.config
[1.618s] -- Installing: /home/robotai/AutoRobots/turtlebot_virtual_lab/install/turtlebot4_ignition_bringup/share/turtlebot4_ignition_bringup/gui/lite
[1.618s] -- Installing: /home/robotai/AutoRobots/turtlebot_virtual_lab/install/turtlebot4_ignition_bringup/share/turtlebot4_ignition_bringup/gui/lite/gui.config
[1.618s] -- Installing: /home/robotai/AutoRobots/turtlebot_virtual_lab/install/turtlebot4_ignition_bringup/share/turtlebot4_ignition_bringup/launch
[1.618s] -- Installing: /home/robotai/AutoRobots/turtlebot_virtual_lab/install/turtlebot4_ignition_bringup/share/turtlebot4_ignition_bringup/launch/turtlebot4_nodes.launch.py
[1.618s] -- Installing: /home/robotai/AutoRobots/turtlebot_virtual_lab/install/turtlebot4_ignition_bringup/share/turtlebot4_ignition_bringup/launch/turtlebot4_spawn.launch.py
[1.618s] -- Installing: /home/robotai/AutoRobots/turtlebot_virtual_lab/install/turtlebot4_ignition_bringup/share/turtlebot4_ignition_bringup/launch/ros_ign_bridge.launch.py
[1.618s] -- Installing: /home/robotai/AutoRobots/turtlebot_virtual_lab/install/turtlebot4_ignition_bringup/share/turtlebot4_ignition_bringup/launch/ignition.launch.py
[1.618s] -- Installing: /home/robotai/AutoRobots/turtlebot_virtual_lab/install/turtlebot4_ignition_bringup/share/turtlebot4_ignition_bringup/launch/turtlebot4_ignition.launch.py
[1.618s] -- Installing: /home/robotai/AutoRobots/turtlebot_virtual_lab/install/turtlebot4_ignition_bringup/share/turtlebot4_ignition_bringup/worlds
[1.618s] -- Installing: /home/robotai/AutoRobots/turtlebot_virtual_lab/install/turtlebot4_ignition_bringup/share/turtlebot4_ignition_bringup/worlds/office_world.sdf
[1.618s] -- Installing: /home/robotai/AutoRobots/turtlebot_virtual_lab/install/turtlebot4_ignition_bringup/share/turtlebot4_ignition_bringup/worlds/depot.sdf
[1.619s] -- Installing: /home/robotai/AutoRobots/turtlebot_virtual_lab/install/turtlebot4_ignition_bringup/share/turtlebot4_ignition_bringup/worlds/warehouse.sdf
[1.619s] -- Installing: /home/robotai/AutoRobots/turtlebot_virtual_lab/install/turtlebot4_ignition_bringup/share/turtlebot4_ignition_bringup/worlds/office_wall
[1.619s] -- Installing: /home/robotai/AutoRobots/turtlebot_virtual_lab/install/turtlebot4_ignition_bringup/share/turtlebot4_ignition_bringup/worlds/office_wall/model.sdf
[1.619s] -- Installing: /home/robotai/AutoRobots/turtlebot_virtual_lab/install/turtlebot4_ignition_bringup/share/turtlebot4_ignition_bringup/worlds/office_wall/model.config
[1.619s] -- Installing: /home/robotai/AutoRobots/turtlebot_virtual_lab/install/turtlebot4_ignition_bringup/share/turtlebot4_ignition_bringup/worlds/maze.sdf
[1.619s] -- Installing: /home/robotai/AutoRobots/turtlebot_virtual_lab/install/turtlebot4_ignition_bringup/share/ament_index/resource_index/package_run_dependencies/turtlebot4_ignition_bringup
[1.619s] -- Installing: /home/robotai/AutoRobots/turtlebot_virtual_lab/install/turtlebot4_ignition_bringup/share/ament_index/resource_index/parent_prefix_path/turtlebot4_ignition_bringup
[1.620s] -- Installing: /home/robotai/AutoRobots/turtlebot_virtual_lab/install/turtlebot4_ignition_bringup/share/turtlebot4_ignition_bringup/environment/ament_prefix_path.sh
[1.620s] -- Installing: /home/robotai/AutoRobots/turtlebot_virtual_lab/install/turtlebot4_ignition_bringup/share/turtlebot4_ignition_bringup/environment/ament_prefix_path.dsv
[1.620s] -- Installing: /home/robotai/AutoRobots/turtlebot_virtual_lab/install/turtlebot4_ignition_bringup/share/turtlebot4_ignition_bringup/environment/path.sh
[1.620s] -- Installing: /home/robotai/AutoRobots/turtlebot_virtual_lab/install/turtlebot4_ignition_bringup/share/turtlebot4_ignition_bringup/environment/path.dsv
[1.620s] -- Installing: /home/robotai/AutoRobots/turtlebot_virtual_lab/install/turtlebot4_ignition_bringup/share/turtlebot4_ignition_bringup/local_setup.bash
[1.620s] -- Installing: /home/robotai/AutoRobots/turtlebot_virtual_lab/install/turtlebot4_ignition_bringup/share/turtlebot4_ignition_bringup/local_setup.sh
[1.620s] -- Installing: /home/robotai/AutoRobots/turtlebot_virtual_lab/install/turtlebot4_ignition_bringup/share/turtlebot4_ignition_bringup/local_setup.zsh
[1.620s] -- Installing: /home/robotai/AutoRobots/turtlebot_virtual_lab/install/turtlebot4_ignition_bringup/share/turtlebot4_ignition_bringup/local_setup.dsv
[1.620s] -- Installing: /home/robotai/AutoRobots/turtlebot_virtual_lab/install/turtlebot4_ignition_bringup/share/turtlebot4_ignition_bringup/package.dsv
[1.620s] -- Installing: /home/robotai/AutoRobots/turtlebot_virtual_lab/install/turtlebot4_ignition_bringup/share/ament_index/resource_index/packages/turtlebot4_ignition_bringup
[1.621s] -- Installing: /home/robotai/AutoRobots/turtlebot_virtual_lab/install/turtlebot4_ignition_bringup/share/turtlebot4_ignition_bringup/cmake/turtlebot4_ignition_bringupConfig.cmake
[1.621s] -- Installing: /home/robotai/AutoRobots/turtlebot_virtual_lab/install/turtlebot4_ignition_bringup/share/turtlebot4_ignition_bringup/cmake/turtlebot4_ignition_bringupConfig-version.cmake
[1.621s] -- Installing: /home/robotai/AutoRobots/turtlebot_virtual_lab/install/turtlebot4_ignition_bringup/share/turtlebot4_ignition_bringup/package.xml
[1.623s] Invoked command in '/home/robotai/AutoRobots/turtlebot_virtual_lab/build/turtlebot4_ignition_bringup' returned '0': AMENT_PREFIX_PATH=/home/robotai/AutoRobots/turtlebot_virtual_lab/install/turtlebot4_ignition_toolbox:/home/robotai/AutoRobots/turtlebot_virtual_lab/install/turtlebot4_ignition_gui_plugins:${AMENT_PREFIX_PATH} CMAKE_PREFIX_PATH=/home/robotai/AutoRobots/turtlebot_virtual_lab/install/turtlebot4_ignition_toolbox:/home/robotai/AutoRobots/turtlebot_virtual_lab/install/turtlebot4_ignition_gui_plugins:/opt/ros/humble /usr/bin/cmake --install /home/robotai/AutoRobots/turtlebot_virtual_lab/build/turtlebot4_ignition_bringup
