[01m[K/home/robotai/AutoRobots/SamLab2/tb4_ws/src/tb4_cpp_prac2/src/tb4_arc_action.cpp:[m[K In constructor ‘[01m[KTB4ArcActionServer::TB4ArcActionServer(const rclcpp::NodeOptions&)[m[K’:
[01m[K/home/robotai/AutoRobots/SamLab2/tb4_ws/src/tb4_cpp_prac2/src/tb4_arc_action.cpp:19:73:[m[K [01;31m[Kerror: [m[Kfound ‘[01m[K:[m[K’ in nested-name-specifier, expected ‘[01m[K::[m[K’
   19 | >cmd_vel_publisher_ = this->create_publisher<geometry_msgs::msg[01;31m[K:[m[KTwist>(
      |                                                                [01;31m[K^[m[K
      |                                                                [32m[K::[m[K
[01m[K/home/robotai/AutoRobots/SamLab2/tb4_ws/src/tb4_cpp_prac2/src/tb4_arc_action.cpp:28:18:[m[K [01;31m[Kerror: [m[K‘[01m[KTurleBot4Prac2[m[K’ has not been declared
   28 |       std::bind(&[01;31m[KTurleBot4Prac2[m[K::odom_callback, this, std::placeholders::_1)
      |                  [01;31m[K^~~~~~~~~~~~~~[m[K
[01m[K/home/robotai/AutoRobots/SamLab2/tb4_ws/src/tb4_cpp_prac2/src/tb4_arc_action.cpp:38:18:[m[K [01;31m[Kerror: [m[K‘[01m[KTurtleBot4Prac2[m[K’ has not been declared
   38 |       std::bind(&[01;31m[KTurtleBot4Prac2[m[K::handle_goal, this, _1, _2),
      |                  [01;31m[K^~~~~~~~~~~~~~~[m[K
[01m[K/home/robotai/AutoRobots/SamLab2/tb4_ws/src/tb4_cpp_prac2/src/tb4_arc_action.cpp:38:54:[m[K [01;31m[Kerror: [m[K‘[01m[K_1[m[K’ was not declared in this scope; did you mean ‘[01m[Kstd::placeholders::_1[m[K’?
   38 |       std::bind(&TurtleBot4Prac2::handle_goal, this, [01;31m[K_1[m[K, _2),
      |                                                      [01;31m[K^~[m[K
      |                                                      [32m[Kstd::placeholders::_1[m[K
In file included from [01m[K/home/robotai/AutoRobots/SamLab2/tb4_ws/src/tb4_cpp_prac2/src/tb4_arc_action.cpp:1[m[K:
[01m[K/usr/include/c++/12/functional:285:34:[m[K [01;36m[Knote: [m[K‘[01m[Kstd::placeholders::_1[m[K’ declared here
  285 |     extern const _Placeholder<1> [01;36m[K_1[m[K;
      |                                  [01;36m[K^~[m[K
[01m[K/home/robotai/AutoRobots/SamLab2/tb4_ws/src/tb4_cpp_prac2/src/tb4_arc_action.cpp:38:58:[m[K [01;31m[Kerror: [m[K‘[01m[K_2[m[K’ was not declared in this scope; did you mean ‘[01m[Kstd::placeholders::_2[m[K’?
   38 |       std::bind(&TurtleBot4Prac2::handle_goal, this, _1, [01;31m[K_2[m[K),
      |                                                          [01;31m[K^~[m[K
      |                                                          [32m[Kstd::placeholders::_2[m[K
[01m[K/usr/include/c++/12/functional:286:34:[m[K [01;36m[Knote: [m[K‘[01m[Kstd::placeholders::_2[m[K’ declared here
  286 |     extern const _Placeholder<2> [01;36m[K_2[m[K;
      |                                  [01;36m[K^~[m[K
[01m[K/home/robotai/AutoRobots/SamLab2/tb4_ws/src/tb4_cpp_prac2/src/tb4_arc_action.cpp:39:18:[m[K [01;31m[Kerror: [m[K‘[01m[KTurtleBot4Prac2[m[K’ has not been declared
   39 |       std::bind(&[01;31m[KTurtleBot4Prac2[m[K::handle_cancel, this, _1),
      |                  [01;31m[K^~~~~~~~~~~~~~~[m[K
[01m[K/home/robotai/AutoRobots/SamLab2/tb4_ws/src/tb4_cpp_prac2/src/tb4_arc_action.cpp:40:18:[m[K [01;31m[Kerror: [m[K‘[01m[KTurtleBot4Prac2[m[K’ has not been declared
   40 |       std::bind(&[01;31m[KTurtleBot4Prac2[m[K::handle_accepted, this, _1));
      |                  [01;31m[K^~~~~~~~~~~~~~~[m[K
[01m[K/home/robotai/AutoRobots/SamLab2/tb4_ws/src/tb4_cpp_prac2/src/tb4_arc_action.cpp:[m[K In member function ‘[01m[Kvoid TB4ArcActionServer::handle_accepted(std::shared_ptr<rclcpp_action::ServerGoalHandle<irobot_create_msgs::action::DriveArc> >)[m[K’:
[01m[K/home/robotai/AutoRobots/SamLab2/tb4_ws/src/tb4_cpp_prac2/src/tb4_arc_action.cpp:91:26:[m[K [01;31m[Kerror: [m[K‘[01m[KTurtleBot4Prac2[m[K’ was not declared in this scope
   91 |   std::thread{std::bind(&[01;31m[KTurtleBot4Prac2[m[K::execute, this, _1), goal_handle}.detach();
      |                          [01;31m[K^~~~~~~~~~~~~~~[m[K
[01m[K/home/robotai/AutoRobots/SamLab2/tb4_ws/src/tb4_cpp_prac2/src/tb4_arc_action.cpp:91:74:[m[K [01;31m[Kerror: [m[Kno matching function for call to ‘[01m[Kstd::thread::thread(<brace-enclosed initializer list>)[m[K’
   91 | {std::bind(&TurtleBot4Prac2::execute, this, _1), goal_handle[01;31m[K}[m[K.detach();
      |                                                             [01;31m[K^[m[K

In file included from [01m[K/usr/include/c++/12/thread:43[m[K,
                 from [01m[K/home/robotai/AutoRobots/SamLab2/tb4_ws/src/tb4_cpp_prac2/src/tb4_arc_action.cpp:3[m[K:
[01m[K/usr/include/c++/12/bits/std_thread.h:147:7:[m[K [01;36m[Knote: [m[Kcandidate: ‘[01m[Ktemplate<class _Callable, class ... _Args, class> std::thread::thread(_Callable&&, _Args&& ...)[m[K’
  147 |       [01;36m[Kthread[m[K(_Callable&& __f, _Args&&... __args)
      |       [01;36m[K^~~~~~[m[K
[01m[K/usr/include/c++/12/bits/std_thread.h:147:7:[m[K [01;36m[Knote: [m[K  template argument deduction/substitution failed:
[01m[K/usr/include/c++/12/bits/std_thread.h:177:5:[m[K [01;36m[Knote: [m[Kcandidate: ‘[01m[Kstd::thread::thread(std::thread&&)[m[K’
  177 |     [01;36m[Kthread[m[K(thread&& __t) noexcept
      |     [01;36m[K^~~~~~[m[K
[01m[K/usr/include/c++/12/bits/std_thread.h:177:5:[m[K [01;36m[Knote: [m[K  candidate expects 1 argument, 2 provided
[01m[K/usr/include/c++/12/bits/std_thread.h:141:5:[m[K [01;36m[Knote: [m[Kcandidate: ‘[01m[Kstd::thread::thread()[m[K’
  141 |     [01;36m[Kthread[m[K() noexcept = default;
      |     [01;36m[K^~~~~~[m[K
[01m[K/usr/include/c++/12/bits/std_thread.h:141:5:[m[K [01;36m[Knote: [m[K  candidate expects 0 arguments, 2 provided
[01m[K/home/robotai/AutoRobots/SamLab2/tb4_ws/src/tb4_cpp_prac2/src/tb4_arc_action.cpp:[m[K In member function ‘[01m[Kvoid TB4ArcActionServer::execute(std::shared_ptr<rclcpp_action::ServerGoalHandle<irobot_create_msgs::action::DriveArc> >)[m[K’:
[01m[K/home/robotai/AutoRobots/SamLab2/tb4_ws/src/tb4_cpp_prac2/src/tb4_arc_action.cpp:123:127:[m[K [01;35m[Kwarning: [m[Kunused parameter ‘[01m[Kgoal_handle[m[K’ [[01;35m[K]8;;https://gcc.gnu.org/onlinedocs/gcc/Warning-Options.html#index-Wunused-parameter-Wunused-parameter]8;;[m[K]
  123 | [01;35m[Kon::ServerGoalHandle<irobot_create_msgs::action::DriveArc>> goal_handle[m[K)
      | [01;35m[K~~~~~~~~~~~~~~~~~~~~~~~~~~~~~~~~~~~~~~~~~~~~~~~~~~~~~~~~~~~~^~~~~~~~~~~[m[K

gmake[2]: *** [CMakeFiles/tb4_arc_action.dir/build.make:76: CMakeFiles/tb4_arc_action.dir/src/tb4_arc_action.cpp.o] Error 1
gmake[1]: *** [CMakeFiles/Makefile2:137: CMakeFiles/tb4_arc_action.dir/all] Error 2
gmake: *** [Makefile:146: all] Error 2
