[0.057s] Invoking command in '/home/robotai/AutoRobots/SamLab7/build/tb4_cpp_prac7': CMAKE_PREFIX_PATH=/opt/ros/humble /usr/bin/cmake --build /home/robotai/AutoRobots/SamLab7/build/tb4_cpp_prac7 -- -j6 -l6
[0.512s] [100%] Built target iar_astar_planner
[0.528s] Invoked command in '/home/robotai/AutoRobots/SamLab7/build/tb4_cpp_prac7' returned '0': CMAKE_PREFIX_PATH=/opt/ros/humble /usr/bin/cmake --build /home/robotai/AutoRobots/SamLab7/build/tb4_cpp_prac7 -- -j6 -l6
[0.557s] Invoking command in '/home/robotai/AutoRobots/SamLab7/build/tb4_cpp_prac7': CMAKE_PREFIX_PATH=/opt/ros/humble /usr/bin/cmake --install /home/robotai/AutoRobots/SamLab7/build/tb4_cpp_prac7
[0.578s] -- Install configuration: ""
[0.582s] -- Up-to-date: /home/robotai/AutoRobots/SamLab7/install/tb4_cpp_prac7/share/tb4_cpp_prac7/iar_astar_planner.xml
[0.582s] -- Up-to-date: /home/robotai/AutoRobots/SamLab7/install/tb4_cpp_prac7/include
[0.582s] -- Up-to-date: /home/robotai/AutoRobots/SamLab7/install/tb4_cpp_prac7/include/iar_astar_planner
[0.583s] -- Up-to-date: /home/robotai/AutoRobots/SamLab7/install/tb4_cpp_prac7/include/iar_astar_planner/navfn.hpp
[0.587s] -- Up-to-date: /home/robotai/AutoRobots/SamLab7/install/tb4_cpp_prac7/include/iar_astar_planner/iar_astar_planner.hpp
[0.592s] -- Up-to-date: /home/robotai/AutoRobots/SamLab7/install/tb4_cpp_prac7/lib/libiar_astar_planner.so
[0.593s] -- Up-to-date: /home/robotai/AutoRobots/SamLab7/install/tb4_cpp_prac7/share/tb4_cpp_prac7//launch
[0.598s] -- Up-to-date: /home/robotai/AutoRobots/SamLab7/install/tb4_cpp_prac7/share/tb4_cpp_prac7//launch/navigation_launch.py
[0.599s] -- Up-to-date: /home/robotai/AutoRobots/SamLab7/install/tb4_cpp_prac7/share/tb4_cpp_prac7//config
[0.601s] -- Up-to-date: /home/robotai/AutoRobots/SamLab7/install/tb4_cpp_prac7/share/tb4_cpp_prac7//config/nav2_params.yaml
[0.601s] -- Up-to-date: /home/robotai/AutoRobots/SamLab7/install/tb4_cpp_prac7/share/tb4_cpp_prac7/environment/library_path.sh
[0.602s] -- Up-to-date: /home/robotai/AutoRobots/SamLab7/install/tb4_cpp_prac7/share/tb4_cpp_prac7/environment/library_path.dsv
[0.602s] -- Up-to-date: /home/robotai/AutoRobots/SamLab7/install/tb4_cpp_prac7/share/ament_index/resource_index/package_run_dependencies/tb4_cpp_prac7
[0.602s] -- Up-to-date: /home/robotai/AutoRobots/SamLab7/install/tb4_cpp_prac7/share/ament_index/resource_index/parent_prefix_path/tb4_cpp_prac7
[0.602s] -- Up-to-date: /home/robotai/AutoRobots/SamLab7/install/tb4_cpp_prac7/share/tb4_cpp_prac7/environment/ament_prefix_path.sh
[0.602s] -- Up-to-date: /home/robotai/AutoRobots/SamLab7/install/tb4_cpp_prac7/share/tb4_cpp_prac7/environment/ament_prefix_path.dsv
[0.602s] -- Up-to-date: /home/robotai/AutoRobots/SamLab7/install/tb4_cpp_prac7/share/tb4_cpp_prac7/environment/path.sh
[0.603s] -- Up-to-date: /home/robotai/AutoRobots/SamLab7/install/tb4_cpp_prac7/share/tb4_cpp_prac7/environment/path.dsv
[0.603s] -- Up-to-date: /home/robotai/AutoRobots/SamLab7/install/tb4_cpp_prac7/share/tb4_cpp_prac7/local_setup.bash
[0.603s] -- Up-to-date: /home/robotai/AutoRobots/SamLab7/install/tb4_cpp_prac7/share/tb4_cpp_prac7/local_setup.sh
[0.603s] -- Up-to-date: /home/robotai/AutoRobots/SamLab7/install/tb4_cpp_prac7/share/tb4_cpp_prac7/local_setup.zsh
[0.603s] -- Up-to-date: /home/robotai/AutoRobots/SamLab7/install/tb4_cpp_prac7/share/tb4_cpp_prac7/local_setup.dsv
[0.603s] -- Installing: /home/robotai/AutoRobots/SamLab7/install/tb4_cpp_prac7/share/tb4_cpp_prac7/package.dsv
[0.603s] -- Up-to-date: /home/robotai/AutoRobots/SamLab7/install/tb4_cpp_prac7/share/ament_index/resource_index/packages/tb4_cpp_prac7
[0.603s] -- Up-to-date: /home/robotai/AutoRobots/SamLab7/install/tb4_cpp_prac7/share/ament_index/resource_index/nav2_core__pluginlib__plugin/tb4_cpp_prac7
[0.607s] -- Up-to-date: /home/robotai/AutoRobots/SamLab7/install/tb4_cpp_prac7/share/tb4_cpp_prac7/cmake/export_tb4_cpp_prac7Export.cmake
[0.607s] -- Up-to-date: /home/robotai/AutoRobots/SamLab7/install/tb4_cpp_prac7/share/tb4_cpp_prac7/cmake/export_tb4_cpp_prac7Export-noconfig.cmake
[0.608s] -- Up-to-date: /home/robotai/AutoRobots/SamLab7/install/tb4_cpp_prac7/share/tb4_cpp_prac7/cmake/ament_cmake_export_include_directories-extras.cmake
[0.608s] -- Up-to-date: /home/robotai/AutoRobots/SamLab7/install/tb4_cpp_prac7/share/tb4_cpp_prac7/cmake/ament_cmake_export_libraries-extras.cmake
[0.608s] -- Up-to-date: /home/robotai/AutoRobots/SamLab7/install/tb4_cpp_prac7/share/tb4_cpp_prac7/cmake/ament_cmake_export_targets-extras.cmake
[0.608s] -- Up-to-date: /home/robotai/AutoRobots/SamLab7/install/tb4_cpp_prac7/share/tb4_cpp_prac7/cmake/tb4_cpp_prac7Config.cmake
[0.608s] -- Up-to-date: /home/robotai/AutoRobots/SamLab7/install/tb4_cpp_prac7/share/tb4_cpp_prac7/cmake/tb4_cpp_prac7Config-version.cmake
[0.608s] -- Up-to-date: /home/robotai/AutoRobots/SamLab7/install/tb4_cpp_prac7/share/tb4_cpp_prac7/package.xml
[0.612s] Invoked command in '/home/robotai/AutoRobots/SamLab7/build/tb4_cpp_prac7' returned '0': CMAKE_PREFIX_PATH=/opt/ros/humble /usr/bin/cmake --install /home/robotai/AutoRobots/SamLab7/build/tb4_cpp_prac7
