[0.009s] Invoking command in '/home/robotai/AutoRobots/SamLab6/build/tb4_cpp_prac6': CMAKE_PREFIX_PATH=/opt/ros/humble /usr/bin/cmake --build /home/robotai/AutoRobots/SamLab6/build/tb4_cpp_prac6 -- -j6 -l6
[0.058s] [35m[1mConsolidate compiler generated dependencies of target iar_amcl[0m
[0.080s] [ 25%] [32mBuilding CXX object CMakeFiles/iar_amcl.dir/src/amcl_node.cpp.o[0m
[20.194s] [ 50%] [32m[1mLinking CXX executable iar_amcl[0m
[21.652s] [100%] Built target iar_amcl
[21.662s] Invoked command in '/home/robotai/AutoRobots/SamLab6/build/tb4_cpp_prac6' returned '0': CMAKE_PREFIX_PATH=/opt/ros/humble /usr/bin/cmake --build /home/robotai/AutoRobots/SamLab6/build/tb4_cpp_prac6 -- -j6 -l6
[21.671s] Invoking command in '/home/robotai/AutoRobots/SamLab6/build/tb4_cpp_prac6': CMAKE_PREFIX_PATH=/opt/ros/humble /usr/bin/cmake --install /home/robotai/AutoRobots/SamLab6/build/tb4_cpp_prac6
[21.677s] -- Install configuration: ""
[21.677s] -- Installing: /home/robotai/AutoRobots/SamLab6/install/tb4_cpp_prac6/lib/tb4_cpp_prac6/iar_amcl
[21.684s] -- Set runtime path of "/home/robotai/AutoRobots/SamLab6/install/tb4_cpp_prac6/lib/tb4_cpp_prac6/iar_amcl" to ""
[21.684s] -- Installing: /home/robotai/AutoRobots/SamLab6/install/tb4_cpp_prac6/share/tb4_cpp_prac6//launch
[21.685s] -- Installing: /home/robotai/AutoRobots/SamLab6/install/tb4_cpp_prac6/share/tb4_cpp_prac6//launch/localisation_launch.py
[21.685s] -- Installing: /home/robotai/AutoRobots/SamLab6/install/tb4_cpp_prac6/share/tb4_cpp_prac6//config
[21.685s] -- Installing: /home/robotai/AutoRobots/SamLab6/install/tb4_cpp_prac6/share/tb4_cpp_prac6//config/localisation.yaml
[21.685s] -- Installing: /home/robotai/AutoRobots/SamLab6/install/tb4_cpp_prac6/share/tb4_cpp_prac6//map
[21.685s] -- Installing: /home/robotai/AutoRobots/SamLab6/install/tb4_cpp_prac6/share/tb4_cpp_prac6//map/office_ICTE4001_sim.yaml
[21.686s] -- Installing: /home/robotai/AutoRobots/SamLab6/install/tb4_cpp_prac6/share/tb4_cpp_prac6//map/office_ICTE4001_sim.pgm
[21.686s] -- Installing: /home/robotai/AutoRobots/SamLab6/install/tb4_cpp_prac6/share/ament_index/resource_index/package_run_dependencies/tb4_cpp_prac6
[21.686s] -- Installing: /home/robotai/AutoRobots/SamLab6/install/tb4_cpp_prac6/share/ament_index/resource_index/parent_prefix_path/tb4_cpp_prac6
[21.687s] -- Installing: /home/robotai/AutoRobots/SamLab6/install/tb4_cpp_prac6/share/tb4_cpp_prac6/environment/ament_prefix_path.sh
[21.687s] -- Installing: /home/robotai/AutoRobots/SamLab6/install/tb4_cpp_prac6/share/tb4_cpp_prac6/environment/ament_prefix_path.dsv
[21.687s] -- Installing: /home/robotai/AutoRobots/SamLab6/install/tb4_cpp_prac6/share/tb4_cpp_prac6/environment/path.sh
[21.687s] -- Installing: /home/robotai/AutoRobots/SamLab6/install/tb4_cpp_prac6/share/tb4_cpp_prac6/environment/path.dsv
[21.687s] -- Installing: /home/robotai/AutoRobots/SamLab6/install/tb4_cpp_prac6/share/tb4_cpp_prac6/local_setup.bash
[21.689s] -- Installing: /home/robotai/AutoRobots/SamLab6/install/tb4_cpp_prac6/share/tb4_cpp_prac6/local_setup.sh
[21.689s] -- Installing: /home/robotai/AutoRobots/SamLab6/install/tb4_cpp_prac6/share/tb4_cpp_prac6/local_setup.zsh
[21.689s] -- Installing: /home/robotai/AutoRobots/SamLab6/install/tb4_cpp_prac6/share/tb4_cpp_prac6/local_setup.dsv
[21.689s] -- Installing: /home/robotai/AutoRobots/SamLab6/install/tb4_cpp_prac6/share/tb4_cpp_prac6/package.dsv
[21.689s] -- Installing: /home/robotai/AutoRobots/SamLab6/install/tb4_cpp_prac6/share/ament_index/resource_index/packages/tb4_cpp_prac6
[21.689s] -- Installing: /home/robotai/AutoRobots/SamLab6/install/tb4_cpp_prac6/share/tb4_cpp_prac6/cmake/tb4_cpp_prac6Config.cmake
[21.690s] -- Installing: /home/robotai/AutoRobots/SamLab6/install/tb4_cpp_prac6/share/tb4_cpp_prac6/cmake/tb4_cpp_prac6Config-version.cmake
[21.690s] -- Installing: /home/robotai/AutoRobots/SamLab6/install/tb4_cpp_prac6/share/tb4_cpp_prac6/package.xml
[21.691s] Invoked command in '/home/robotai/AutoRobots/SamLab6/build/tb4_cpp_prac6' returned '0': CMAKE_PREFIX_PATH=/opt/ros/humble /usr/bin/cmake --install /home/robotai/AutoRobots/SamLab6/build/tb4_cpp_prac6
