In file included from [01m[K/opt/ros/humble/include/rclcpp/rclcpp/logging.hpp:24[m[K,
                 from [01m[K/opt/ros/humble/include/rclcpp/rclcpp/client.hpp:40[m[K,
                 from [01m[K/opt/ros/humble/include/rclcpp/rclcpp/callback_group.hpp:24[m[K,
                 from [01m[K/opt/ros/humble/include/rclcpp/rclcpp/any_executable.hpp:20[m[K,
                 from [01m[K/opt/ros/humble/include/rclcpp/rclcpp/memory_strategy.hpp:25[m[K,
                 from [01m[K/opt/ros/humble/include/rclcpp/rclcpp/memory_strategies.hpp:18[m[K,
                 from [01m[K/opt/ros/humble/include/rclcpp/rclcpp/executor_options.hpp:20[m[K,
                 from [01m[K/opt/ros/humble/include/rclcpp/rclcpp/executor.hpp:37[m[K,
                 from [01m[K/opt/ros/humble/include/rclcpp/rclcpp/executors/multi_threaded_executor.hpp:25[m[K,
                 from [01m[K/opt/ros/humble/include/rclcpp/rclcpp/executors.hpp:21[m[K,
                 from [01m[K/opt/ros/humble/include/rclcpp/rclcpp/rclcpp.hpp:155[m[K,
                 from [01m[K/home/robotai/AutoRobots/SamLab3/tb4_ws/src/tb4_cpp_prac3/src/wall_follower.cpp:8[m[K:
[01m[K/home/robotai/AutoRobots/SamLab3/tb4_ws/src/tb4_cpp_prac3/src/wall_follower.cpp:[m[K In constructor ‘[01m[KWallFollower::WallFollower()[m[K’:
[01m[K/home/robotai/AutoRobots/SamLab3/tb4_ws/src/tb4_cpp_prac3/src/wall_follower.cpp:52:41:[m[K [01;35m[Kwarning: [m[Kformat ‘[01m[K%d[m[K’ expects argument of type ‘[01m[Kint[m[K’, but argument 5 has type ‘[01m[Kint64_t[m[K’ {aka ‘[01m[Klong int[m[K’} [[01;35m[K]8;;https://gcc.gnu.org/onlinedocs/gcc/Warning-Options.html#index-Wformat=-Wformat=]8;;[m[K]
   52 |         RCLCPP_INFO(this->get_logger(), [01;35m[K"wall_side: %d"[m[K, [32m[Kwall_side_[m[K);
      |                                         [01;35m[K^~~~~~~~~~~~~~~[m[K  [32m[K~~~~~~~~~~[m[K
      |                                                          [32m[K|[m[K
      |                                                          [32m[Kint64_t {aka long int}[m[K
[01m[K/home/robotai/AutoRobots/SamLab3/tb4_ws/src/tb4_cpp_prac3/src/wall_follower.cpp:52:54:[m[K [01;36m[Knote: [m[Kformat string is defined here
   52 |         RCLCPP_INFO(this->get_logger(), "wall_side: [01;36m[K%d[m[K", wall_side_);
      |                                                     [01;36m[K~^[m[K
      |                                                      [01;36m[K|[m[K
      |                                                      [01;36m[Kint[m[K
      |                                                     [32m[K%ld[m[K
[01m[K/home/robotai/AutoRobots/SamLab3/tb4_ws/src/tb4_cpp_prac3/src/wall_follower.cpp:[m[K In member function ‘[01m[Kvoid WallFollower::scan_callback(sensor_msgs::msg::LaserScan_<std::allocator<void> >::SharedPtr)[m[K’:
[01m[K/home/robotai/AutoRobots/SamLab3/tb4_ws/src/tb4_cpp_prac3/src/wall_follower.cpp:147:10:[m[K [01;31m[Kerror: [m[Kconflicting declaration ‘[01m[Kauto min_distance[m[K’
  147 |     auto [01;31m[Kmin_distance[m[K = std::min_element(scan_msg->ranges.begin(), scan_msg->ranges.end());
      |          [01;31m[K^~~~~~~~~~~~[m[K
[01m[K/home/robotai/AutoRobots/SamLab3/tb4_ws/src/tb4_cpp_prac3/src/wall_follower.cpp:141:10:[m[K [01;36m[Knote: [m[Kprevious declaration as ‘[01m[K__gnu_cxx::__normal_iterator<float*, std::vector<float> > min_distance[m[K’
  141 |     auto [01;36m[Kmin_distance[m[K = std::min_element(scan_msg->ranges.begin(), scan_msg->ranges.end(), [threshold](double a, double b) {
      |          [01;36m[K^~~~~~~~~~~~[m[K
gmake[2]: *** [CMakeFiles/wall_follower.dir/build.make:76: CMakeFiles/wall_follower.dir/src/wall_follower.cpp.o] Error 1
gmake[1]: *** [CMakeFiles/Makefile2:165: CMakeFiles/wall_follower.dir/all] Error 2
gmake: *** [Makefile:146: all] Error 2
