-- The C compiler identification is GNU 12.3.0
-- The CXX compiler identification is GNU 12.3.0
-- Detecting C compiler ABI info
-- Detecting C compiler ABI info - done
-- Check for working C compiler: /usr/bin/cc - skipped
-- Detecting C compile features
-- Detecting C compile features - done
-- Detecting CXX compiler ABI info
-- Detecting CXX compiler ABI info - done
-- Check for working CXX compiler: /usr/bin/c++ - skipped
-- Detecting CXX compile features
-- Detecting CXX compile features - done
-- Found ament_cmake: 1.3.14 (/opt/ros/humble/share/ament_cmake/cmake)
-- Found Python3: /usr/bin/python3 (found version "3.10.12") found components: Interpreter 
-- Found nav2_common: 1.1.20 (/opt/ros/humble/share/nav2_common/cmake)
-- Found rclcpp: 16.0.19 (/opt/ros/humble/share/rclcpp/cmake)
-- Found rosidl_generator_c: 3.1.9 (/opt/ros/humble/share/rosidl_generator_c/cmake)
-- Found rosidl_adapter: 3.1.9 (/opt/ros/humble/share/rosidl_adapter/cmake)
-- Found rosidl_generator_cpp: 3.1.9 (/opt/ros/humble/share/rosidl_generator_cpp/cmake)
-- Using all available rosidl_typesupport_c: rosidl_typesupport_fastrtps_c;rosidl_typesupport_introspection_c
-- Using all available rosidl_typesupport_cpp: rosidl_typesupport_fastrtps_cpp;rosidl_typesupport_introspection_cpp
-- Found rmw_implementation_cmake: 6.1.3 (/opt/ros/humble/share/rmw_implementation_cmake/cmake)
-- Found rmw_fastrtps_cpp: 6.2.10 (/opt/ros/humble/share/rmw_fastrtps_cpp/cmake)
-- Found OpenSSL: /usr/lib/x86_64-linux-gnu/libcrypto.so (found version "3.0.2")  
-- Found FastRTPS: /opt/ros/humble/include  
-- Using RMW implementation 'rmw_fastrtps_cpp' as default
-- Looking for pthread.h
-- Looking for pthread.h - found
-- Performing Test CMAKE_HAVE_LIBC_PTHREAD
-- Performing Test CMAKE_HAVE_LIBC_PTHREAD - Success
-- Found Threads: TRUE  
-- Found rclcpp_lifecycle: 16.0.19 (/opt/ros/humble/share/rclcpp_lifecycle/cmake)
-- Found message_filters: 4.3.19 (/opt/ros/humble/share/message_filters/cmake)
-- Found tf2_geometry_msgs: 0.25.22 (/opt/ros/humble/share/tf2_geometry_msgs/cmake)
-- Found eigen3_cmake_module: 0.1.1 (/opt/ros/humble/share/eigen3_cmake_module/cmake)
-- Found Eigen3: TRUE (found version "3.4.0") 
-- Ensuring Eigen3 include directory is part of orocos-kdl CMake target
-- Found nav_msgs: 4.9.2 (/opt/ros/humble/share/nav_msgs/cmake)
-- Found sensor_msgs: 4.9.2 (/opt/ros/humble/share/sensor_msgs/cmake)
-- Found std_srvs: 4.9.2 (/opt/ros/humble/share/std_srvs/cmake)
-- Found nav2_util: 1.1.20 (/opt/ros/humble/share/nav2_util/cmake)
-- Found nav2_amcl: 1.1.20 (/opt/ros/humble/share/nav2_amcl/cmake)
-- Looking for drand48
-- Looking for drand48 - found
-- Found ament_lint_auto: 0.12.15 (/opt/ros/humble/share/ament_lint_auto/cmake)
-- Added test 'cppcheck' to perform static code analysis on C / C++ code
-- Configured cppcheck include dirs: /home/robotai/AutoRobots/SamLab5/tb4_cpp_prac5/tb4_cpp_prac5/include;$<BUILD_INTERFACE:/home/robotai/AutoRobots/SamLab5/tb4_cpp_prac5/tb4_cpp_prac5/include>
-- Configured cppcheck exclude dirs and/or files: 
-- Added test 'flake8' to check Python code syntax and style conventions
-- Added test 'lint_cmake' to check CMake code style
-- Added test 'pep257' to check Python code against some of the docstring style conventions in PEP 257
-- Added test 'uncrustify' to check C / C++ code style
-- Configured uncrustify additional arguments: 
-- Added test 'xmllint' to check XML markup files
-- Configuring done
-- Generating done
-- Build files have been written to: /home/robotai/AutoRobots/SamLab5/build/tb4_cpp_prac5
[ 25%] [32mBuilding CXX object CMakeFiles/iar_amcl.dir/src/main.cpp.o[0m
[ 75%] [32mBuilding CXX object CMakeFiles/iar_amcl.dir/src/likelihood_field_model.cpp.o[0m
[ 75%] [32mBuilding CXX object CMakeFiles/iar_amcl.dir/src/amcl_node.cpp.o[0m
[01m[K/home/robotai/AutoRobots/SamLab5/tb4_cpp_prac5/tb4_cpp_prac5/src/likelihood_field_model.cpp:[m[K In static member function ‘[01m[Kstatic double iar_amcl::LikelihoodFieldModel::sensorFunction(nav2_amcl::LaserData*, pf_sample_set_t*)[m[K’:
[01m[K/home/robotai/AutoRobots/SamLab5/tb4_cpp_prac5/tb4_cpp_prac5/src/likelihood_field_model.cpp:78:35:[m[K [01;31m[Kerror: [m[Kinvalid use of member ‘[01m[Kiar_amcl::LikelihoodFieldModel::z_max_[m[K’ in static member function
   78 |                         pz = pz + [01;31m[Kz_max_[m[K;
      |                                   [01;31m[K^~~~~~[m[K
In file included from [01m[K/home/robotai/AutoRobots/SamLab5/tb4_cpp_prac5/tb4_cpp_prac5/src/likelihood_field_model.cpp:4[m[K:
[01m[K/home/robotai/AutoRobots/SamLab5/tb4_cpp_prac5/tb4_cpp_prac5/include/iar_amcl/likelihood_field_model.hpp:16:16:[m[K [01;36m[Knote: [m[Kdeclared here
   16 |         double [01;36m[Kz_max_[m[K;
      |                [01;36m[K^~~~~~[m[K
[01m[K/home/robotai/AutoRobots/SamLab5/tb4_cpp_prac5/tb4_cpp_prac5/src/likelihood_field_model.cpp:87:35:[m[K [01;31m[Kerror: [m[Kinvalid use of member ‘[01m[Knav2_amcl::Laser::z_rand_[m[K’ in static member function
   87 |                         pz = pz + [01;31m[Kz_rand_[m[K/data->range_max;
      |                                   [01;31m[K^~~~~~~[m[K
In file included from [01m[K/home/robotai/AutoRobots/SamLab5/tb4_cpp_prac5/tb4_cpp_prac5/include/iar_amcl/likelihood_field_model.hpp:4[m[K:
[01m[K/opt/ros/humble/include/nav2_amcl/sensors/laser/laser.hpp:67:10:[m[K [01;36m[Knote: [m[Kdeclared here
   67 |   double [01;36m[Kz_rand_[m[K;
      |          [01;36m[K^~~~~~~[m[K
[01m[K/home/robotai/AutoRobots/SamLab5/tb4_cpp_prac5/tb4_cpp_prac5/src/likelihood_field_model.cpp:102:35:[m[K [01;31m[Kerror: [m[Kinvalid use of member ‘[01m[Knav2_amcl::Laser::z_hit_[m[K’ in static member function
  102 |                         pz = pz + [01;31m[Kz_hit_[m[K*exp(-(dist*dist)/(2*sigma_hit_*sigma_hit_));
      |                                   [01;31m[K^~~~~~[m[K
[01m[K/opt/ros/humble/include/nav2_amcl/sensors/laser/laser.hpp:66:10:[m[K [01;36m[Knote: [m[Kdeclared here
   66 |   double [01;36m[Kz_hit_[m[K;
      |          [01;36m[K^~~~~~[m[K
[01m[K/home/robotai/AutoRobots/SamLab5/tb4_cpp_prac5/tb4_cpp_prac5/src/likelihood_field_model.cpp:102:62:[m[K [01;31m[Kerror: [m[Kinvalid use of member ‘[01m[Knav2_amcl::Laser::sigma_hit_[m[K’ in static member function
  102 |                        pz = pz + z_hit_*exp(-(dist*dist)/(2*[01;31m[Ksigma_hit_[m[K*sigma_hit_));
      |                                                             [01;31m[K^~~~~~~~~~[m[K

[01m[K/opt/ros/humble/include/nav2_amcl/sensors/laser/laser.hpp:68:10:[m[K [01;36m[Knote: [m[Kdeclared here
   68 |   double [01;36m[Ksigma_hit_[m[K;
      |          [01;36m[K^~~~~~~~~~[m[K
[01m[K/home/robotai/AutoRobots/SamLab5/tb4_cpp_prac5/tb4_cpp_prac5/src/likelihood_field_model.cpp:102:73:[m[K [01;31m[Kerror: [m[Kinvalid use of member ‘[01m[Knav2_amcl::Laser::sigma_hit_[m[K’ in static member function
  102 |             pz = pz + z_hit_*exp(-(dist*dist)/(2*sigma_hit_*[01;31m[Ksigma_hit_[m[K));
      |                                                             [01;31m[K^~~~~~~~~~[m[K

[01m[K/opt/ros/humble/include/nav2_amcl/sensors/laser/laser.hpp:68:10:[m[K [01;36m[Knote: [m[Kdeclared here
   68 |   double [01;36m[Ksigma_hit_[m[K;
      |          [01;36m[K^~~~~~~~~~[m[K
gmake[2]: *** [CMakeFiles/iar_amcl.dir/build.make:104: CMakeFiles/iar_amcl.dir/src/likelihood_field_model.cpp.o] Error 1
gmake[2]: *** Waiting for unfinished jobs....
gmake[1]: *** [CMakeFiles/Makefile2:137: CMakeFiles/iar_amcl.dir/all] Error 2
gmake: *** [Makefile:146: all] Error 2
