[0.108s] DEBUG:colcon:Command line arguments: ['/usr/bin/colcon', 'build']
[0.108s] DEBUG:colcon:Parsed command line arguments: Namespace(log_base=None, log_level=None, verb_name='build', build_base='build', install_base='install', merge_install=False, symlink_install=False, test_result_base=None, continue_on_error=False, executor='parallel', parallel_workers=6, event_handlers=None, ignore_user_meta=False, metas=['./colcon.meta'], base_paths=['.'], packages_ignore=None, packages_ignore_regex=None, paths=None, packages_up_to=None, packages_up_to_regex=None, packages_above=None, packages_above_and_dependencies=None, packages_above_depth=None, packages_select_by_dep=None, packages_skip_by_dep=None, packages_skip_up_to=None, packages_select_build_failed=False, packages_skip_build_finished=False, packages_select_test_failures=False, packages_skip_test_passed=False, packages_select=None, packages_skip=None, packages_select_regex=None, packages_skip_regex=None, packages_start=None, packages_end=None, allow_overriding=[], cmake_args=None, cmake_target=None, cmake_target_skip_unavailable=False, cmake_clean_cache=False, cmake_clean_first=False, cmake_force_configure=False, ament_cmake_args=None, catkin_cmake_args=None, catkin_skip_building_tests=False, mixin_files=None, mixin=None, verb_parser=<colcon_mixin.mixin.mixin_argument.MixinArgumentDecorator object at 0x74e0ab13e080>, verb_extension=<colcon_core.verb.build.BuildVerb object at 0x74e0ab13d9f0>, main=<bound method BuildVerb.main of <colcon_core.verb.build.BuildVerb object at 0x74e0ab13d9f0>>, mixin_verb=('build',))
[0.308s] Level 1:colcon.colcon_core.package_discovery:discover_packages(colcon_meta) check parameters
[0.308s] Level 1:colcon.colcon_core.package_discovery:discover_packages(recursive) check parameters
[0.308s] Level 1:colcon.colcon_core.package_discovery:discover_packages(ignore) check parameters
[0.308s] Level 1:colcon.colcon_core.package_discovery:discover_packages(path) check parameters
[0.308s] Level 1:colcon.colcon_core.package_discovery:discover_packages(colcon_meta) discover
[0.308s] Level 1:colcon.colcon_core.package_discovery:discover_packages(recursive) discover
[0.308s] INFO:colcon.colcon_core.package_discovery:Crawling recursively for packages in '/home/robotai/AutoRobots/SamLab7'
[0.308s] Level 1:colcon.colcon_core.package_identification:_identify(.) by extensions ['ignore', 'ignore_ament_install']
[0.308s] Level 1:colcon.colcon_core.package_identification:_identify(.) by extension 'ignore'
[0.308s] Level 1:colcon.colcon_core.package_identification:_identify(.) by extension 'ignore_ament_install'
[0.308s] Level 1:colcon.colcon_core.package_identification:_identify(.) by extensions ['colcon_pkg']
[0.308s] Level 1:colcon.colcon_core.package_identification:_identify(.) by extension 'colcon_pkg'
[0.308s] Level 1:colcon.colcon_core.package_identification:_identify(.) by extensions ['colcon_meta']
[0.308s] Level 1:colcon.colcon_core.package_identification:_identify(.) by extension 'colcon_meta'
[0.308s] Level 1:colcon.colcon_core.package_identification:_identify(.) by extensions ['ros']
[0.309s] Level 1:colcon.colcon_core.package_identification:_identify(.) by extension 'ros'
[0.319s] Level 1:colcon.colcon_core.package_identification:_identify(.) by extensions ['cmake', 'python']
[0.319s] Level 1:colcon.colcon_core.package_identification:_identify(.) by extension 'cmake'
[0.319s] Level 1:colcon.colcon_core.package_identification:_identify(.) by extension 'python'
[0.319s] Level 1:colcon.colcon_core.package_identification:_identify(.) by extensions ['python_setup_py']
[0.319s] Level 1:colcon.colcon_core.package_identification:_identify(.) by extension 'python_setup_py'
[0.320s] Level 1:colcon.colcon_core.package_identification:_identify(build) by extensions ['ignore', 'ignore_ament_install']
[0.320s] Level 1:colcon.colcon_core.package_identification:_identify(build) by extension 'ignore'
[0.320s] Level 1:colcon.colcon_core.package_identification:_identify(build) ignored
[0.320s] Level 1:colcon.colcon_core.package_identification:_identify(install) by extensions ['ignore', 'ignore_ament_install']
[0.320s] Level 1:colcon.colcon_core.package_identification:_identify(install) by extension 'ignore'
[0.320s] Level 1:colcon.colcon_core.package_identification:_identify(install) ignored
[0.320s] Level 1:colcon.colcon_core.package_identification:_identify(log) by extensions ['ignore', 'ignore_ament_install']
[0.320s] Level 1:colcon.colcon_core.package_identification:_identify(log) by extension 'ignore'
[0.320s] Level 1:colcon.colcon_core.package_identification:_identify(log) ignored
[0.320s] Level 1:colcon.colcon_core.package_identification:_identify(tb4_cpp_prac7) by extensions ['ignore', 'ignore_ament_install']
[0.320s] Level 1:colcon.colcon_core.package_identification:_identify(tb4_cpp_prac7) by extension 'ignore'
[0.320s] Level 1:colcon.colcon_core.package_identification:_identify(tb4_cpp_prac7) by extension 'ignore_ament_install'
[0.320s] Level 1:colcon.colcon_core.package_identification:_identify(tb4_cpp_prac7) by extensions ['colcon_pkg']
[0.320s] Level 1:colcon.colcon_core.package_identification:_identify(tb4_cpp_prac7) by extension 'colcon_pkg'
[0.320s] Level 1:colcon.colcon_core.package_identification:_identify(tb4_cpp_prac7) by extensions ['colcon_meta']
[0.320s] Level 1:colcon.colcon_core.package_identification:_identify(tb4_cpp_prac7) by extension 'colcon_meta'
[0.320s] Level 1:colcon.colcon_core.package_identification:_identify(tb4_cpp_prac7) by extensions ['ros']
[0.320s] Level 1:colcon.colcon_core.package_identification:_identify(tb4_cpp_prac7) by extension 'ros'
[0.321s] Level 1:colcon.colcon_core.package_identification:_identify(tb4_cpp_prac7) by extensions ['cmake', 'python']
[0.321s] Level 1:colcon.colcon_core.package_identification:_identify(tb4_cpp_prac7) by extension 'cmake'
[0.321s] Level 1:colcon.colcon_core.package_identification:_identify(tb4_cpp_prac7) by extension 'python'
[0.321s] Level 1:colcon.colcon_core.package_identification:_identify(tb4_cpp_prac7) by extensions ['python_setup_py']
[0.321s] Level 1:colcon.colcon_core.package_identification:_identify(tb4_cpp_prac7) by extension 'python_setup_py'
[0.321s] Level 1:colcon.colcon_core.package_identification:_identify(tb4_cpp_prac7/tb4_cpp_prac7) by extensions ['ignore', 'ignore_ament_install']
[0.321s] Level 1:colcon.colcon_core.package_identification:_identify(tb4_cpp_prac7/tb4_cpp_prac7) by extension 'ignore'
[0.321s] Level 1:colcon.colcon_core.package_identification:_identify(tb4_cpp_prac7/tb4_cpp_prac7) by extension 'ignore_ament_install'
[0.321s] Level 1:colcon.colcon_core.package_identification:_identify(tb4_cpp_prac7/tb4_cpp_prac7) by extensions ['colcon_pkg']
[0.321s] Level 1:colcon.colcon_core.package_identification:_identify(tb4_cpp_prac7/tb4_cpp_prac7) by extension 'colcon_pkg'
[0.321s] Level 1:colcon.colcon_core.package_identification:_identify(tb4_cpp_prac7/tb4_cpp_prac7) by extensions ['colcon_meta']
[0.321s] Level 1:colcon.colcon_core.package_identification:_identify(tb4_cpp_prac7/tb4_cpp_prac7) by extension 'colcon_meta'
[0.321s] Level 1:colcon.colcon_core.package_identification:_identify(tb4_cpp_prac7/tb4_cpp_prac7) by extensions ['ros']
[0.321s] Level 1:colcon.colcon_core.package_identification:_identify(tb4_cpp_prac7/tb4_cpp_prac7) by extension 'ros'
[0.325s] DEBUG:colcon.colcon_core.package_identification:Package 'tb4_cpp_prac7/tb4_cpp_prac7' with type 'ros.ament_cmake' and name 'tb4_cpp_prac7'
[0.325s] Level 1:colcon.colcon_core.package_discovery:discover_packages(recursive) using defaults
[0.325s] Level 1:colcon.colcon_core.package_discovery:discover_packages(ignore) discover
[0.325s] Level 1:colcon.colcon_core.package_discovery:discover_packages(ignore) using defaults
[0.325s] Level 1:colcon.colcon_core.package_discovery:discover_packages(path) discover
[0.325s] Level 1:colcon.colcon_core.package_discovery:discover_packages(path) using defaults
[0.371s] Level 1:colcon.colcon_core.package_discovery:discover_packages(prefix_path) check parameters
[0.371s] Level 1:colcon.colcon_core.package_discovery:discover_packages(prefix_path) discover
[0.372s] DEBUG:colcon.colcon_installed_package_information.package_discovery:Found 1 installed packages in /home/robotai/AutoRobots/SamLab7/install
[0.374s] DEBUG:colcon.colcon_installed_package_information.package_discovery:Found 389 installed packages in /opt/ros/humble
[0.375s] Level 1:colcon.colcon_core.package_discovery:discover_packages(prefix_path) using defaults
[0.442s] Level 5:colcon.colcon_core.verb:set package 'tb4_cpp_prac7' build argument 'cmake_args' from command line to 'None'
[0.442s] Level 5:colcon.colcon_core.verb:set package 'tb4_cpp_prac7' build argument 'cmake_target' from command line to 'None'
[0.443s] Level 5:colcon.colcon_core.verb:set package 'tb4_cpp_prac7' build argument 'cmake_target_skip_unavailable' from command line to 'False'
[0.443s] Level 5:colcon.colcon_core.verb:set package 'tb4_cpp_prac7' build argument 'cmake_clean_cache' from command line to 'False'
[0.443s] Level 5:colcon.colcon_core.verb:set package 'tb4_cpp_prac7' build argument 'cmake_clean_first' from command line to 'False'
[0.443s] Level 5:colcon.colcon_core.verb:set package 'tb4_cpp_prac7' build argument 'cmake_force_configure' from command line to 'False'
[0.443s] Level 5:colcon.colcon_core.verb:set package 'tb4_cpp_prac7' build argument 'ament_cmake_args' from command line to 'None'
[0.443s] Level 5:colcon.colcon_core.verb:set package 'tb4_cpp_prac7' build argument 'catkin_cmake_args' from command line to 'None'
[0.443s] Level 5:colcon.colcon_core.verb:set package 'tb4_cpp_prac7' build argument 'catkin_skip_building_tests' from command line to 'False'
[0.443s] DEBUG:colcon.colcon_core.verb:Building package 'tb4_cpp_prac7' with the following arguments: {'ament_cmake_args': None, 'build_base': '/home/robotai/AutoRobots/SamLab7/build/tb4_cpp_prac7', 'catkin_cmake_args': None, 'catkin_skip_building_tests': False, 'cmake_args': None, 'cmake_clean_cache': False, 'cmake_clean_first': False, 'cmake_force_configure': False, 'cmake_target': None, 'cmake_target_skip_unavailable': False, 'install_base': '/home/robotai/AutoRobots/SamLab7/install/tb4_cpp_prac7', 'merge_install': False, 'path': '/home/robotai/AutoRobots/SamLab7/tb4_cpp_prac7/tb4_cpp_prac7', 'symlink_install': False, 'test_result_base': None}
[0.443s] INFO:colcon.colcon_core.executor:Executing jobs using 'parallel' executor
[0.444s] DEBUG:colcon.colcon_parallel_executor.executor.parallel:run_until_complete
[0.444s] INFO:colcon.colcon_ros.task.ament_cmake.build:Building ROS package in '/home/robotai/AutoRobots/SamLab7/tb4_cpp_prac7/tb4_cpp_prac7' with build type 'ament_cmake'
[0.444s] INFO:colcon.colcon_cmake.task.cmake.build:Building CMake package in '/home/robotai/AutoRobots/SamLab7/tb4_cpp_prac7/tb4_cpp_prac7'
[0.447s] INFO:colcon.colcon_core.plugin_system:Skipping extension 'colcon_core.shell.bat': Not used on non-Windows systems
[0.447s] INFO:colcon.colcon_core.shell:Skip shell extension 'powershell' for command environment: Not usable outside of PowerShell
[0.447s] DEBUG:colcon.colcon_core.shell:Skip shell extension 'dsv' for command environment
[0.479s] DEBUG:colcon.colcon_core.event_handler.log_command:Invoking command in '/home/robotai/AutoRobots/SamLab7/build/tb4_cpp_prac7': CMAKE_PREFIX_PATH=${CMAKE_PREFIX_PATH}:/opt/ros/humble /usr/bin/cmake --build /home/robotai/AutoRobots/SamLab7/build/tb4_cpp_prac7 -- -j6 -l6
[0.625s] DEBUG:colcon.colcon_core.event_handler.log_command:Invoked command in '/home/robotai/AutoRobots/SamLab7/build/tb4_cpp_prac7' returned '0': CMAKE_PREFIX_PATH=${CMAKE_PREFIX_PATH}:/opt/ros/humble /usr/bin/cmake --build /home/robotai/AutoRobots/SamLab7/build/tb4_cpp_prac7 -- -j6 -l6
[0.637s] DEBUG:colcon.colcon_core.event_handler.log_command:Invoking command in '/home/robotai/AutoRobots/SamLab7/build/tb4_cpp_prac7': CMAKE_PREFIX_PATH=${CMAKE_PREFIX_PATH}:/opt/ros/humble /usr/bin/cmake --install /home/robotai/AutoRobots/SamLab7/build/tb4_cpp_prac7
[0.649s] Level 1:colcon.colcon_core.environment:create_environment_scripts_only(tb4_cpp_prac7)
[0.651s] Level 1:colcon.colcon_core.environment:checking '/home/robotai/AutoRobots/SamLab7/install/tb4_cpp_prac7' for CMake module files
[0.651s] Level 1:colcon.colcon_core.environment:checking '/home/robotai/AutoRobots/SamLab7/install/tb4_cpp_prac7' for CMake config files
[0.652s] Level 1:colcon.colcon_core.shell:create_environment_hook('tb4_cpp_prac7', 'cmake_prefix_path')
[0.656s] INFO:colcon.colcon_core.shell:Creating environment hook '/home/robotai/AutoRobots/SamLab7/install/tb4_cpp_prac7/share/tb4_cpp_prac7/hook/cmake_prefix_path.ps1'
[0.658s] DEBUG:colcon.colcon_core.event_handler.log_command:Invoked command in '/home/robotai/AutoRobots/SamLab7/build/tb4_cpp_prac7' returned '0': CMAKE_PREFIX_PATH=${CMAKE_PREFIX_PATH}:/opt/ros/humble /usr/bin/cmake --install /home/robotai/AutoRobots/SamLab7/build/tb4_cpp_prac7
[0.658s] INFO:colcon.colcon_core.shell:Creating environment descriptor '/home/robotai/AutoRobots/SamLab7/install/tb4_cpp_prac7/share/tb4_cpp_prac7/hook/cmake_prefix_path.dsv'
[0.659s] INFO:colcon.colcon_core.shell:Creating environment hook '/home/robotai/AutoRobots/SamLab7/install/tb4_cpp_prac7/share/tb4_cpp_prac7/hook/cmake_prefix_path.sh'
[0.660s] Level 1:colcon.colcon_core.environment:checking '/home/robotai/AutoRobots/SamLab7/install/tb4_cpp_prac7/lib'
[0.661s] Level 1:colcon.colcon_core.shell:create_environment_hook('tb4_cpp_prac7', 'ld_library_path_lib')
[0.663s] INFO:colcon.colcon_core.shell:Creating environment hook '/home/robotai/AutoRobots/SamLab7/install/tb4_cpp_prac7/share/tb4_cpp_prac7/hook/ld_library_path_lib.ps1'
[0.663s] INFO:colcon.colcon_core.shell:Creating environment descriptor '/home/robotai/AutoRobots/SamLab7/install/tb4_cpp_prac7/share/tb4_cpp_prac7/hook/ld_library_path_lib.dsv'
[0.664s] INFO:colcon.colcon_core.shell:Creating environment hook '/home/robotai/AutoRobots/SamLab7/install/tb4_cpp_prac7/share/tb4_cpp_prac7/hook/ld_library_path_lib.sh'
[0.665s] Level 1:colcon.colcon_core.environment:checking '/home/robotai/AutoRobots/SamLab7/install/tb4_cpp_prac7/bin'
[0.665s] Level 1:colcon.colcon_core.environment:checking '/home/robotai/AutoRobots/SamLab7/install/tb4_cpp_prac7/lib/pkgconfig/tb4_cpp_prac7.pc'
[0.665s] Level 1:colcon.colcon_core.environment:checking '/home/robotai/AutoRobots/SamLab7/install/tb4_cpp_prac7/lib/python3.10/site-packages'
[0.665s] Level 1:colcon.colcon_core.environment:checking '/home/robotai/AutoRobots/SamLab7/install/tb4_cpp_prac7/bin'
[0.666s] INFO:colcon.colcon_core.shell:Creating package script '/home/robotai/AutoRobots/SamLab7/install/tb4_cpp_prac7/share/tb4_cpp_prac7/package.ps1'
[0.669s] INFO:colcon.colcon_core.shell:Creating package descriptor '/home/robotai/AutoRobots/SamLab7/install/tb4_cpp_prac7/share/tb4_cpp_prac7/package.dsv'
[0.670s] INFO:colcon.colcon_core.shell:Creating package script '/home/robotai/AutoRobots/SamLab7/install/tb4_cpp_prac7/share/tb4_cpp_prac7/package.sh'
[0.671s] INFO:colcon.colcon_core.shell:Creating package script '/home/robotai/AutoRobots/SamLab7/install/tb4_cpp_prac7/share/tb4_cpp_prac7/package.bash'
[0.672s] INFO:colcon.colcon_core.shell:Creating package script '/home/robotai/AutoRobots/SamLab7/install/tb4_cpp_prac7/share/tb4_cpp_prac7/package.zsh'
[0.676s] Level 1:colcon.colcon_core.environment:create_file_with_runtime_dependencies(/home/robotai/AutoRobots/SamLab7/install/tb4_cpp_prac7/share/colcon-core/packages/tb4_cpp_prac7)
[0.677s] Level 1:colcon.colcon_core.environment:create_environment_scripts_only(tb4_cpp_prac7)
[0.677s] Level 1:colcon.colcon_core.environment:checking '/home/robotai/AutoRobots/SamLab7/install/tb4_cpp_prac7' for CMake module files
[0.678s] Level 1:colcon.colcon_core.environment:checking '/home/robotai/AutoRobots/SamLab7/install/tb4_cpp_prac7' for CMake config files
[0.679s] Level 1:colcon.colcon_core.shell:create_environment_hook('tb4_cpp_prac7', 'cmake_prefix_path')
[0.679s] INFO:colcon.colcon_core.shell:Creating environment hook '/home/robotai/AutoRobots/SamLab7/install/tb4_cpp_prac7/share/tb4_cpp_prac7/hook/cmake_prefix_path.ps1'
[0.682s] INFO:colcon.colcon_core.shell:Creating environment descriptor '/home/robotai/AutoRobots/SamLab7/install/tb4_cpp_prac7/share/tb4_cpp_prac7/hook/cmake_prefix_path.dsv'
[0.683s] INFO:colcon.colcon_core.shell:Creating environment hook '/home/robotai/AutoRobots/SamLab7/install/tb4_cpp_prac7/share/tb4_cpp_prac7/hook/cmake_prefix_path.sh'
[0.687s] Level 1:colcon.colcon_core.environment:checking '/home/robotai/AutoRobots/SamLab7/install/tb4_cpp_prac7/lib'
[0.687s] Level 1:colcon.colcon_core.shell:create_environment_hook('tb4_cpp_prac7', 'ld_library_path_lib')
[0.690s] INFO:colcon.colcon_core.shell:Creating environment hook '/home/robotai/AutoRobots/SamLab7/install/tb4_cpp_prac7/share/tb4_cpp_prac7/hook/ld_library_path_lib.ps1'
[0.691s] INFO:colcon.colcon_core.shell:Creating environment descriptor '/home/robotai/AutoRobots/SamLab7/install/tb4_cpp_prac7/share/tb4_cpp_prac7/hook/ld_library_path_lib.dsv'
[0.691s] INFO:colcon.colcon_core.shell:Creating environment hook '/home/robotai/AutoRobots/SamLab7/install/tb4_cpp_prac7/share/tb4_cpp_prac7/hook/ld_library_path_lib.sh'
[0.692s] Level 1:colcon.colcon_core.environment:checking '/home/robotai/AutoRobots/SamLab7/install/tb4_cpp_prac7/bin'
[0.693s] Level 1:colcon.colcon_core.environment:checking '/home/robotai/AutoRobots/SamLab7/install/tb4_cpp_prac7/lib/pkgconfig/tb4_cpp_prac7.pc'
[0.693s] Level 1:colcon.colcon_core.environment:checking '/home/robotai/AutoRobots/SamLab7/install/tb4_cpp_prac7/lib/python3.10/site-packages'
[0.693s] Level 1:colcon.colcon_core.environment:checking '/home/robotai/AutoRobots/SamLab7/install/tb4_cpp_prac7/bin'
[0.697s] INFO:colcon.colcon_core.shell:Creating package script '/home/robotai/AutoRobots/SamLab7/install/tb4_cpp_prac7/share/tb4_cpp_prac7/package.ps1'
[0.698s] INFO:colcon.colcon_core.shell:Creating package descriptor '/home/robotai/AutoRobots/SamLab7/install/tb4_cpp_prac7/share/tb4_cpp_prac7/package.dsv'
[0.699s] INFO:colcon.colcon_core.shell:Creating package script '/home/robotai/AutoRobots/SamLab7/install/tb4_cpp_prac7/share/tb4_cpp_prac7/package.sh'
[0.699s] INFO:colcon.colcon_core.shell:Creating package script '/home/robotai/AutoRobots/SamLab7/install/tb4_cpp_prac7/share/tb4_cpp_prac7/package.bash'
[0.702s] INFO:colcon.colcon_core.shell:Creating package script '/home/robotai/AutoRobots/SamLab7/install/tb4_cpp_prac7/share/tb4_cpp_prac7/package.zsh'
[0.703s] Level 1:colcon.colcon_core.environment:create_file_with_runtime_dependencies(/home/robotai/AutoRobots/SamLab7/install/tb4_cpp_prac7/share/colcon-core/packages/tb4_cpp_prac7)
[0.705s] DEBUG:colcon.colcon_parallel_executor.executor.parallel:closing loop
[0.706s] DEBUG:colcon.colcon_parallel_executor.executor.parallel:loop closed
[0.706s] DEBUG:colcon.colcon_parallel_executor.executor.parallel:run_until_complete finished with '0'
[0.706s] DEBUG:colcon.colcon_core.event_reactor:joining thread
[0.716s] INFO:colcon.colcon_core.plugin_system:Skipping extension 'colcon_notification.desktop_notification.terminal_notifier': Not used on non-Darwin systems
[0.716s] INFO:colcon.colcon_core.plugin_system:Skipping extension 'colcon_notification.desktop_notification.win32': Not used on non-Windows systems
[0.716s] INFO:colcon.colcon_notification.desktop_notification:Sending desktop notification using 'notify2'
[0.751s] DEBUG:colcon.colcon_core.event_reactor:joined thread
[0.751s] INFO:colcon.colcon_core.shell:Creating prefix script '/home/robotai/AutoRobots/SamLab7/install/local_setup.ps1'
[0.753s] INFO:colcon.colcon_core.shell:Creating prefix util module '/home/robotai/AutoRobots/SamLab7/install/_local_setup_util_ps1.py'
[0.755s] INFO:colcon.colcon_core.shell:Creating prefix chain script '/home/robotai/AutoRobots/SamLab7/install/setup.ps1'
[0.758s] INFO:colcon.colcon_core.shell:Creating prefix script '/home/robotai/AutoRobots/SamLab7/install/local_setup.sh'
[0.759s] INFO:colcon.colcon_core.shell:Creating prefix util module '/home/robotai/AutoRobots/SamLab7/install/_local_setup_util_sh.py'
[0.759s] INFO:colcon.colcon_core.shell:Creating prefix chain script '/home/robotai/AutoRobots/SamLab7/install/setup.sh'
[0.760s] INFO:colcon.colcon_core.shell:Creating prefix script '/home/robotai/AutoRobots/SamLab7/install/local_setup.bash'
[0.761s] INFO:colcon.colcon_core.shell:Creating prefix chain script '/home/robotai/AutoRobots/SamLab7/install/setup.bash'
[0.762s] INFO:colcon.colcon_core.shell:Creating prefix script '/home/robotai/AutoRobots/SamLab7/install/local_setup.zsh'
[0.762s] INFO:colcon.colcon_core.shell:Creating prefix chain script '/home/robotai/AutoRobots/SamLab7/install/setup.zsh'
