[35m[1mConsolidate compiler generated dependencies of target wall_follower[0m
[35m[1mConsolidate compiler generated dependencies of target person_follower[0m
[ 25%] [32mBuilding CXX object CMakeFiles/wall_follower.dir/src/wall_follower.cpp.o[0m
[ 75%] Built target person_follower
In file included from [01m[K/opt/ros/humble/include/rclcpp/rclcpp/logging.hpp:24[m[K,
                 from [01m[K/opt/ros/humble/include/rclcpp/rclcpp/client.hpp:40[m[K,
                 from [01m[K/opt/ros/humble/include/rclcpp/rclcpp/callback_group.hpp:24[m[K,
                 from [01m[K/opt/ros/humble/include/rclcpp/rclcpp/any_executable.hpp:20[m[K,
                 from [01m[K/opt/ros/humble/include/rclcpp/rclcpp/memory_strategy.hpp:25[m[K,
                 from [01m[K/opt/ros/humble/include/rclcpp/rclcpp/memory_strategies.hpp:18[m[K,
                 from [01m[K/opt/ros/humble/include/rclcpp/rclcpp/executor_options.hpp:20[m[K,
                 from [01m[K/opt/ros/humble/include/rclcpp/rclcpp/executor.hpp:37[m[K,
                 from [01m[K/opt/ros/humble/include/rclcpp/rclcpp/executors/multi_threaded_executor.hpp:25[m[K,
                 from [01m[K/opt/ros/humble/include/rclcpp/rclcpp/executors.hpp:21[m[K,
                 from [01m[K/opt/ros/humble/include/rclcpp/rclcpp/rclcpp.hpp:155[m[K,
                 from [01m[K/home/robotai/AutoRobots/SamLab3/tb4_ws/src/tb4_cpp_prac3/src/wall_follower.cpp:9[m[K:
[01m[K/home/robotai/AutoRobots/SamLab3/tb4_ws/src/tb4_cpp_prac3/src/wall_follower.cpp:[m[K In constructor ‘[01m[KWallFollower::WallFollower()[m[K’:
[01m[K/home/robotai/AutoRobots/SamLab3/tb4_ws/src/tb4_cpp_prac3/src/wall_follower.cpp:53:41:[m[K [01;35m[Kwarning: [m[Kformat ‘[01m[K%d[m[K’ expects argument of type ‘[01m[Kint[m[K’, but argument 5 has type ‘[01m[Kint64_t[m[K’ {aka ‘[01m[Klong int[m[K’} [[01;35m[K]8;;https://gcc.gnu.org/onlinedocs/gcc/Warning-Options.html#index-Wformat=-Wformat=]8;;[m[K]
   53 |         RCLCPP_INFO(this->get_logger(), [01;35m[K"wall_side: %d"[m[K, [32m[Kwall_side_[m[K);
      |                                         [01;35m[K^~~~~~~~~~~~~~~[m[K  [32m[K~~~~~~~~~~[m[K
      |                                                          [32m[K|[m[K
      |                                                          [32m[Kint64_t {aka long int}[m[K
[01m[K/home/robotai/AutoRobots/SamLab3/tb4_ws/src/tb4_cpp_prac3/src/wall_follower.cpp:53:54:[m[K [01;36m[Knote: [m[Kformat string is defined here
   53 |         RCLCPP_INFO(this->get_logger(), "wall_side: [01;36m[K%d[m[K", wall_side_);
      |                                                     [01;36m[K~^[m[K
      |                                                      [01;36m[K|[m[K
      |                                                      [01;36m[Kint[m[K
      |                                                     [32m[K%ld[m[K
[100%] [32m[1mLinking CXX executable wall_follower[0m
[100%] Built target wall_follower
-- Install configuration: ""
-- Installing: /home/robotai/AutoRobots/SamLab3/tb4_ws/install/tb4_cpp_prac3/lib/tb4_cpp_prac3/person_follower
-- Set runtime path of "/home/robotai/AutoRobots/SamLab3/tb4_ws/install/tb4_cpp_prac3/lib/tb4_cpp_prac3/person_follower" to ""
-- Installing: /home/robotai/AutoRobots/SamLab3/tb4_ws/install/tb4_cpp_prac3/lib/tb4_cpp_prac3/wall_follower
-- Set runtime path of "/home/robotai/AutoRobots/SamLab3/tb4_ws/install/tb4_cpp_prac3/lib/tb4_cpp_prac3/wall_follower" to ""
-- Up-to-date: /home/robotai/AutoRobots/SamLab3/tb4_ws/install/tb4_cpp_prac3/lib/tb4_cpp_prac3/person_follower
-- Up-to-date: /home/robotai/AutoRobots/SamLab3/tb4_ws/install/tb4_cpp_prac3/share/ament_index/resource_index/package_run_dependencies/tb4_cpp_prac3
-- Installing: /home/robotai/AutoRobots/SamLab3/tb4_ws/install/tb4_cpp_prac3/share/ament_index/resource_index/parent_prefix_path/tb4_cpp_prac3
-- Installing: /home/robotai/AutoRobots/SamLab3/tb4_ws/install/tb4_cpp_prac3/share/tb4_cpp_prac3/environment/ament_prefix_path.sh
-- Installing: /home/robotai/AutoRobots/SamLab3/tb4_ws/install/tb4_cpp_prac3/share/tb4_cpp_prac3/environment/ament_prefix_path.dsv
-- Installing: /home/robotai/AutoRobots/SamLab3/tb4_ws/install/tb4_cpp_prac3/share/tb4_cpp_prac3/environment/path.sh
-- Installing: /home/robotai/AutoRobots/SamLab3/tb4_ws/install/tb4_cpp_prac3/share/tb4_cpp_prac3/environment/path.dsv
-- Up-to-date: /home/robotai/AutoRobots/SamLab3/tb4_ws/install/tb4_cpp_prac3/share/tb4_cpp_prac3/local_setup.bash
-- Up-to-date: /home/robotai/AutoRobots/SamLab3/tb4_ws/install/tb4_cpp_prac3/share/tb4_cpp_prac3/local_setup.sh
-- Up-to-date: /home/robotai/AutoRobots/SamLab3/tb4_ws/install/tb4_cpp_prac3/share/tb4_cpp_prac3/local_setup.zsh
-- Installing: /home/robotai/AutoRobots/SamLab3/tb4_ws/install/tb4_cpp_prac3/share/tb4_cpp_prac3/local_setup.dsv
-- Installing: /home/robotai/AutoRobots/SamLab3/tb4_ws/install/tb4_cpp_prac3/share/tb4_cpp_prac3/package.dsv
-- Up-to-date: /home/robotai/AutoRobots/SamLab3/tb4_ws/install/tb4_cpp_prac3/share/ament_index/resource_index/packages/tb4_cpp_prac3
-- Up-to-date: /home/robotai/AutoRobots/SamLab3/tb4_ws/install/tb4_cpp_prac3/share/tb4_cpp_prac3/cmake/tb4_cpp_prac3Config.cmake
-- Up-to-date: /home/robotai/AutoRobots/SamLab3/tb4_ws/install/tb4_cpp_prac3/share/tb4_cpp_prac3/cmake/tb4_cpp_prac3Config-version.cmake
-- Up-to-date: /home/robotai/AutoRobots/SamLab3/tb4_ws/install/tb4_cpp_prac3/share/tb4_cpp_prac3/package.xml
